Component: ARM Compiler 5.06 update 6 (build 750) Tool: armlink [4d35ed]

==============================================================================

Section Cross References

    startup_stm32f407xx.o(RESET) refers to startup_stm32f407xx.o(STACK) for __initial_sp
    startup_stm32f407xx.o(RESET) refers to startup_stm32f407xx.o(.text) for Reset_Handler
    startup_stm32f407xx.o(RESET) refers to stm32f4xx_it.o(i.NMI_Handler) for NMI_Handler
    startup_stm32f407xx.o(RESET) refers to stm32f4xx_it.o(i.HardFault_Handler) for HardFault_Handler
    startup_stm32f407xx.o(RESET) refers to stm32f4xx_it.o(i.MemManage_Handler) for MemManage_Handler
    startup_stm32f407xx.o(RESET) refers to stm32f4xx_it.o(i.BusFault_Handler) for BusFault_Handler
    startup_stm32f407xx.o(RESET) refers to stm32f4xx_it.o(i.UsageFault_Handler) for UsageFault_Handler
    startup_stm32f407xx.o(RESET) refers to stm32f4xx_it.o(i.SVC_Handler) for SVC_Handler
    startup_stm32f407xx.o(RESET) refers to stm32f4xx_it.o(i.DebugMon_Handler) for DebugMon_Handler
    startup_stm32f407xx.o(RESET) refers to stm32f4xx_it.o(i.PendSV_Handler) for PendSV_Handler
    startup_stm32f407xx.o(RESET) refers to stm32f4xx_it.o(i.SysTick_Handler) for SysTick_Handler
    startup_stm32f407xx.o(RESET) refers to stm32f4xx_it.o(i.DMA1_Stream1_IRQHandler) for DMA1_Stream1_IRQHandler
    startup_stm32f407xx.o(RESET) refers to stm32f4xx_it.o(i.DMA1_Stream3_IRQHandler) for DMA1_Stream3_IRQHandler
    startup_stm32f407xx.o(RESET) refers to stm32f4xx_it.o(i.USART1_IRQHandler) for USART1_IRQHandler
    startup_stm32f407xx.o(RESET) refers to stm32f4xx_it.o(i.USART3_IRQHandler) for USART3_IRQHandler
    startup_stm32f407xx.o(.text) refers to system_stm32f4xx.o(i.SystemInit) for SystemInit
    startup_stm32f407xx.o(.text) refers to entry.o(.ARM.Collect$$$$00000000) for __main
    main.o(i.SystemClock_Config) refers to memseta.o(.text) for __aeabi_memclr4
    main.o(i.SystemClock_Config) refers to stm32f4xx_hal_rcc.o(i.HAL_RCC_OscConfig) for HAL_RCC_OscConfig
    main.o(i.SystemClock_Config) refers to stm32f4xx_hal_rcc.o(i.HAL_RCC_ClockConfig) for HAL_RCC_ClockConfig
    main.o(i.main) refers to stm32f4xx_hal.o(i.HAL_Init) for HAL_Init
    main.o(i.main) refers to main.o(i.SystemClock_Config) for SystemClock_Config
    main.o(i.main) refers to gpio.o(i.MX_GPIO_Init) for MX_GPIO_Init
    main.o(i.main) refers to dma.o(i.MX_DMA_Init) for MX_DMA_Init
    main.o(i.main) refers to usart.o(i.MX_USART1_UART_Init) for MX_USART1_UART_Init
    main.o(i.main) refers to usart.o(i.MX_USART3_UART_Init) for MX_USART3_UART_Init
    main.o(i.main) refers to printf6.o(i.__0sprintf$6) for __2sprintf
    main.o(i.main) refers to stm32f4xx_hal_uart.o(i.HAL_UART_Transmit) for HAL_UART_Transmit
    main.o(i.main) refers to dtu-4g.o(i.DTU_Enter_CMD) for DTU_Enter_CMD
    main.o(i.main) refers to dtu-4g.o(i.DTU_Working) for DTU_Working
    main.o(i.main) refers to main.o(.bss) for .bss
    main.o(i.main) refers to usart.o(.bss) for huart1
    dma.o(i.MX_DMA_Init) refers to stm32f4xx_hal_cortex.o(i.HAL_NVIC_SetPriority) for HAL_NVIC_SetPriority
    dma.o(i.MX_DMA_Init) refers to stm32f4xx_hal_cortex.o(i.HAL_NVIC_EnableIRQ) for HAL_NVIC_EnableIRQ
    usart.o(i.HAL_UART_MspDeInit) refers to stm32f4xx_hal_gpio.o(i.HAL_GPIO_DeInit) for HAL_GPIO_DeInit
    usart.o(i.HAL_UART_MspDeInit) refers to stm32f4xx_hal_dma.o(i.HAL_DMA_DeInit) for HAL_DMA_DeInit
    usart.o(i.HAL_UART_MspDeInit) refers to stm32f4xx_hal_cortex.o(i.HAL_NVIC_DisableIRQ) for HAL_NVIC_DisableIRQ
    usart.o(i.HAL_UART_MspInit) refers to memseta.o(.text) for __aeabi_memclr4
    usart.o(i.HAL_UART_MspInit) refers to stm32f4xx_hal_gpio.o(i.HAL_GPIO_Init) for HAL_GPIO_Init
    usart.o(i.HAL_UART_MspInit) refers to stm32f4xx_hal_cortex.o(i.HAL_NVIC_SetPriority) for HAL_NVIC_SetPriority
    usart.o(i.HAL_UART_MspInit) refers to stm32f4xx_hal_cortex.o(i.HAL_NVIC_EnableIRQ) for HAL_NVIC_EnableIRQ
    usart.o(i.HAL_UART_MspInit) refers to stm32f4xx_hal_dma.o(i.HAL_DMA_Init) for HAL_DMA_Init
    usart.o(i.HAL_UART_MspInit) refers to main.o(i.Error_Handler) for Error_Handler
    usart.o(i.HAL_UART_MspInit) refers to malloc.o(i.malloc) for malloc
    usart.o(i.HAL_UART_MspInit) refers to stm32f4xx_hal_uart.o(i.HAL_UART_Receive_DMA) for HAL_UART_Receive_DMA
    usart.o(i.HAL_UART_MspInit) refers to usart.o(.bss) for .bss
    usart.o(i.HAL_UART_MspInit) refers to usart.o(.data) for .data
    usart.o(i.MX_USART1_UART_Init) refers to stm32f4xx_hal_uart.o(i.HAL_UART_Init) for HAL_UART_Init
    usart.o(i.MX_USART1_UART_Init) refers to main.o(i.Error_Handler) for Error_Handler
    usart.o(i.MX_USART1_UART_Init) refers to usart.o(.bss) for .bss
    usart.o(i.MX_USART3_UART_Init) refers to stm32f4xx_hal_uart.o(i.HAL_UART_Init) for HAL_UART_Init
    usart.o(i.MX_USART3_UART_Init) refers to main.o(i.Error_Handler) for Error_Handler
    usart.o(i.MX_USART3_UART_Init) refers to usart.o(.bss) for .bss
[...]
    Removing stm32f4xx_hal_gpio.o(i.HAL_GPIO_EXTI_Callback), (2 bytes).
    Removing stm32f4xx_hal_gpio.o(i.HAL_GPIO_EXTI_IRQHandler), (24 bytes).
    Removing stm32f4xx_hal_gpio.o(i.HAL_GPIO_LockPin), (34 bytes).
    Removing stm32f4xx_hal_gpio.o(i.HAL_GPIO_ReadPin), (10 bytes).
    Removing stm32f4xx_hal_gpio.o(i.HAL_GPIO_TogglePin), (16 bytes).
    Removing stm32f4xx_hal_gpio.o(i.HAL_GPIO_WritePin), (10 bytes).
    Removing stm32f4xx_hal_dma_ex.o(.rev16_text), (4 bytes).
    Removing stm32f4xx_hal_dma_ex.o(.revsh_text), (4 bytes).
    Removing stm32f4xx_hal_dma_ex.o(.rrx_text), (6 bytes).
    Removing stm32f4xx_hal_dma_ex.o(i.DMA_MultiBufferSetConfig), (30 bytes).
    Removing stm32f4xx_hal_dma_ex.o(i.HAL_DMAEx_ChangeMemory), (14 bytes).
    Removing stm32f4xx_hal_dma_ex.o(i.HAL_DMAEx_MultiBufferStart), (100 bytes).
    Removing stm32f4xx_hal_dma_ex.o(i.HAL_DMAEx_MultiBufferStart_IT), (2432 bytes).
    Removing stm32f4xx_hal_dma.o(.rev16_text), (4 bytes).
    Removing stm32f4xx_hal_dma.o(.revsh_text), (4 bytes).
    Removing stm32f4xx_hal_dma.o(.rrx_text), (6 bytes).
    Removing stm32f4xx_hal_dma.o(i.HAL_DMA_DeInit), (98 bytes).
    Removing stm32f4xx_hal_dma.o(i.HAL_DMA_GetError), (4 bytes).
    Removing stm32f4xx_hal_dma.o(i.HAL_DMA_GetState), (6 bytes).
    Removing stm32f4xx_hal_dma.o(i.HAL_DMA_PollForTransfer), (288 bytes).
    Removing stm32f4xx_hal_dma.o(i.HAL_DMA_RegisterCallback), (82 bytes).
    Removing stm32f4xx_hal_dma.o(i.HAL_DMA_Start), (70 bytes).
    Removing stm32f4xx_hal_dma.o(i.HAL_DMA_UnRegisterCallback), (96 bytes).
    Removing stm32f4xx_hal_pwr.o(.rev16_text), (4 bytes).
    Removing stm32f4xx_hal_pwr.o(.revsh_text), (4 bytes).
    Removing stm32f4xx_hal_pwr.o(.rrx_text), (6 bytes).
    Removing stm32f4xx_hal_pwr.o(i.HAL_PWR_ConfigPVD), (124 bytes).
    Removing stm32f4xx_hal_pwr.o(i.HAL_PWR_DeInit), (24 bytes).
    Removing stm32f4xx_hal_pwr.o(i.HAL_PWR_DisableBkUpAccess), (24 bytes).
    Removing stm32f4xx_hal_pwr.o(i.HAL_PWR_DisablePVD), (12 bytes).
    Removing stm32f4xx_hal_pwr.o(i.HAL_PWR_DisableSEVOnPend), (16 bytes).
    Removing stm32f4xx_hal_pwr.o(i.HAL_PWR_DisableSleepOnExit), (16 bytes).
    Removing stm32f4xx_hal_pwr.o(i.HAL_PWR_DisableWakeUpPin), (16 bytes).
    Removing stm32f4xx_hal_pwr.o(i.HAL_PWR_EnableBkUpAccess), (24 bytes).
    Removing stm32f4xx_hal_pwr.o(i.HAL_PWR_EnablePVD), (12 bytes).
    Removing stm32f4xx_hal_pwr.o(i.HAL_PWR_EnableSEVOnPend), (16 bytes).
    Removing stm32f4xx_hal_pwr.o(i.HAL_PWR_EnableSleepOnExit), (16 bytes).
    Removing stm32f4xx_hal_pwr.o(i.HAL_PWR_EnableWakeUpPin), (16 bytes).
    Removing stm32f4xx_hal_pwr.o(i.HAL_PWR_EnterSLEEPMode), (32 bytes).
    Removing stm32f4xx_hal_pwr.o(i.HAL_PWR_EnterSTANDBYMode), (32 bytes).
    Removing stm32f4xx_hal_pwr.o(i.HAL_PWR_EnterSTOPMode), (56 bytes).
    Removing stm32f4xx_hal_pwr.o(i.HAL_PWR_PVDCallback), (2 bytes).
    Removing stm32f4xx_hal_pwr.o(i.HAL_PWR_PVD_IRQHandler), (28 bytes).
    Removing stm32f4xx_hal_pwr_ex.o(.rev16_text), (4 bytes).
    Removing stm32f4xx_hal_pwr_ex.o(.revsh_text), (4 bytes).
    Removing stm32f4xx_hal_pwr_ex.o(.rrx_text), (6 bytes).
    Removing stm32f4xx_hal_pwr_ex.o(i.HAL_PWREx_ControlVoltageScaling), (88 bytes).
    Removing stm32f4xx_hal_pwr_ex.o(i.HAL_PWREx_DisableBkUpReg), (60 bytes).
    Removing stm32f4xx_hal_pwr_ex.o(i.HAL_PWREx_DisableFlashPowerDown), (12 bytes).
    Removing stm32f4xx_hal_pwr_ex.o(i.HAL_PWREx_EnableBkUpReg), (60 bytes).
    Removing stm32f4xx_hal_pwr_ex.o(i.HAL_PWREx_EnableFlashPowerDown), (12 bytes).
    Removing stm32f4xx_hal_pwr_ex.o(i.HAL_PWREx_GetVoltageRange), (16 bytes).
    Removing stm32f4xx_hal_cortex.o(.rev16_text), (4 bytes).
    Removing stm32f4xx_hal_cortex.o(.revsh_text), (4 bytes).
    Removing stm32f4xx_hal_cortex.o(.rrx_text), (6 bytes).
    Removing stm32f4xx_hal_cortex.o(i.HAL_MPU_ConfigRegion), (84 bytes).
    Removing stm32f4xx_hal_cortex.o(i.HAL_MPU_Disable), (28 bytes).
    Removing stm32f4xx_hal_cortex.o(i.HAL_MPU_Enable), (36 bytes).
    Removing stm32f4xx_hal_cortex.o(i.HAL_NVIC_ClearPendingIRQ), (26 bytes).
    Removing stm32f4xx_hal_cortex.o(i.HAL_NVIC_DisableIRQ), (34 bytes).
    Removing stm32f4xx_hal_cortex.o(i.HAL_NVIC_GetActive), (36 bytes).
    Removing stm32f4xx_hal_cortex.o(i.HAL_NVIC_GetPendingIRQ), (36 bytes).
    Removing stm32f4xx_hal_cortex.o(i.HAL_NVIC_GetPriority), (82 bytes).
    Removing stm32f4xx_hal_cortex.o(i.HAL_NVIC_GetPriorityGrouping), (16 bytes).
    Removing stm32f4xx_hal_cortex.o(i.HAL_NVIC_SetPendingIRQ), (26 bytes).
    Removing stm32f4xx_hal_cortex.o(i.HAL_NVIC_SystemReset), (36 bytes).
    Removing stm32f4xx_hal_cortex.o(i.HAL_SYSTICK_CLKSourceConfig), (24 bytes).
    Removing stm32f4xx_hal_cortex.o(i.HAL_SYSTICK_Callback), (2 bytes).
    Removing stm32f4xx_hal_cortex.o(i.HAL_SYSTICK_IRQHandler), (8 bytes).
    Removing stm32f4xx_hal.o(.rev16_text), (4 bytes).
    Removing stm32f4xx_hal.o(.revsh_text), (4 bytes).
    Removing stm32f4xx_hal.o(.rrx_text), (6 bytes).
    Removing stm32f4xx_hal.o(i.HAL_DBGMCU_DisableDBGSleepMode), (16 bytes).
    Removing stm32f4xx_hal.o(i.HAL_DBGMCU_DisableDBGStandbyMode), (16 bytes).
    Removing stm32f4xx_hal.o(i.HAL_DBGMCU_DisableDBGStopMode), (16 bytes).
    Removing stm32f4xx_hal.o(i.HAL_DBGMCU_EnableDBGSleepMode), (16 bytes).
    Removing stm32f4xx_hal.o(i.HAL_DBGMCU_EnableDBGStandbyMode), (16 bytes).
    Removing stm32f4xx_hal.o(i.HAL_DBGMCU_EnableDBGStopMode), (16 bytes).
    Removing stm32f4xx_hal.o(i.HAL_DeInit), (52 bytes).
    Removing stm32f4xx_hal.o(i.HAL_DisableCompensationCell), (12 bytes).
    Removing stm32f4xx_hal.o(i.HAL_EnableCompensationCell), (12 bytes).
    Removing stm32f4xx_hal.o(i.HAL_GetDEVID), (16 bytes).
    Removing stm32f4xx_hal.o(i.HAL_GetHalVersion), (8 bytes).
    Removing stm32f4xx_hal.o(i.HAL_GetREVID), (12 bytes).
    Removing stm32f4xx_hal.o(i.HAL_GetTickFreq), (12 bytes).
    Removing stm32f4xx_hal.o(i.HAL_GetTickPrio), (12 bytes).
    Removing stm32f4xx_hal.o(i.HAL_GetUIDw0), (12 bytes).
    Removing stm32f4xx_hal.o(i.HAL_GetUIDw1), (12 bytes).
    Removing stm32f4xx_hal.o(i.HAL_GetUIDw2), (12 bytes).
    Removing stm32f4xx_hal.o(i.HAL_MspDeInit), (2 bytes).
    Removing stm32f4xx_hal.o(i.HAL_MspInit), (2 bytes).
    Removing stm32f4xx_hal.o(i.HAL_ResumeTick), (14 bytes).
    Removing stm32f4xx_hal.o(i.HAL_SetTickFreq), (36 bytes).
    Removing stm32f4xx_hal.o(i.HAL_SuspendTick), (14 bytes).
    Removing stm32f4xx_hal_exti.o(.rev16_text), (4 bytes).
    Removing stm32f4xx_hal_exti.o(.revsh_text), (4 bytes).
    Removing stm32f4xx_hal_exti.o(.rrx_text), (6 bytes).
    Removing stm32f4xx_hal_exti.o(i.HAL_EXTI_ClearConfigLine), (108 bytes).
    Removing stm32f4xx_hal_exti.o(i.HAL_EXTI_ClearPending), (20 bytes).
    Removing stm32f4xx_hal_exti.o(i.HAL_EXTI_GenerateSWI), (20 bytes).
    Removing stm32f4xx_hal_exti.o(i.HAL_EXTI_GetConfigLine), (148 bytes).
    Removing stm32f4xx_hal_exti.o(i.HAL_EXTI_GetHandle), (12 bytes).
    Removing stm32f4xx_hal_exti.o(i.HAL_EXTI_GetPending), (24 bytes).
    Removing stm32f4xx_hal_exti.o(i.HAL_EXTI_IRQHandler), (36 bytes).
    Removing stm32f4xx_hal_exti.o(i.HAL_EXTI_RegisterCallback), (14 bytes).
    Removing stm32f4xx_hal_exti.o(i.HAL_EXTI_SetConfigLine), (168 bytes).
    Removing system_stm32f4xx.o(.rev16_text), (4 bytes).
    Removing system_stm32f4xx.o(.revsh_text), (4 bytes).
    Removing system_stm32f4xx.o(.rrx_text), (6 bytes).
    Removing system_stm32f4xx.o(i.SystemCoreClockUpdate), (124 bytes).
    Removing dtu-4g.o(.rev16_text), (4 bytes).
    Removing dtu-4g.o(.revsh_text), (4 bytes).
    Removing dtu-4g.o(.rrx_text), (6 bytes).
    Removing mqtt.o(.rev16_text), (4 bytes).
    Removing mqtt.o(.revsh_text), (4 bytes).
    Removing mqtt.o(.rrx_text), (6 bytes).
    Removing mqtt.o(i.MQTT_UnSubscribePack), (244 bytes).
    Removing ymodem.o(.rev16_text), (4 bytes).
    Removing ymodem.o(.revsh_text), (4 bytes).
    Removing ymodem.o(.rrx_text), (6 bytes).
    Removing ymodem.o(i.Check_CRC), (76 bytes).
    Removing ymodem.o(i.Get_Sector), (172 bytes).
    Removing ymodem.o(i.Send_Command), (28 bytes).
    Removing ymodem.o(i.YModem_Update), (588 bytes).
    Removing ymodem.o(i.fputc), (24 bytes).
    Removing ymodem.o(.bss), (512 bytes).
    Removing ymodem.o(.data), (3 bytes).
    Removing sort.o(.rev16_text), (4 bytes).
    Removing sort.o(.revsh_text), (4 bytes).
    Removing sort.o(.rrx_text), (6 bytes).
    Removing dadd.o(.text), (334 bytes).
    Removing dmul.o(.text), (228 bytes).
    Removing ddiv.o(.text), (222 bytes).
    Removing dfixul.o(.text), (48 bytes).
    Removing cdrcmple.o(.text), (48 bytes).
    Removing depilogue.o(.text), (186 bytes).

252 unused section(s) (total 14695 bytes) removed from the image.

==============================================================================

Image Symbol Table

    Local Symbols

    Symbol Name                              Value     Ov Type        Size  Object(Section)

    ../Core/Src/dma.c                        0x00000000   Number         0  dma.o ABSOLUTE
    ../Core/Src/gpio.c                       0x00000000   Number         0  gpio.o ABSOLUTE
    ../Core/Src/main.c                       0x00000000   Number         0  main.o ABSOLUTE
    ../Core/Src/stm32f4xx_hal_msp.c          0x00000000   Number         0  stm32f4xx_hal_msp.o ABSOLUTE
    ../Core/Src/stm32f4xx_it.c               0x00000000   Number         0  stm32f4xx_it.o ABSOLUTE
    ../Core/Src/system_stm32f4xx.c           0x00000000   Number         0  system_stm32f4xx.o ABSOLUTE
    ../Core/Src/usart.c                      0x00000000   Number         0  usart.o ABSOLUTE
    ../Drivers/STM32F4xx_HAL_Driver/Src/stm32f4xx_hal.c 0x00000000   Number         0  stm32f4xx_hal.o ABSOLUTE
    ../Drivers/STM32F4xx_HAL_Driver/Src/stm32f4xx_hal_cortex.c 0x00000000   Number         0  stm32f4xx_hal_cortex.o ABSOLUTE
    ../Drivers/STM32F4xx_HAL_Driver/Src/stm32f4xx_hal_dma.c 0x00000000   Number         0  stm32f4xx_hal_dma.o ABSOLUTE
    ../Drivers/STM32F4xx_HAL_Driver/Src/stm32f4xx_hal_dma_ex.c 0x00000000   Number         0  stm32f4xx_hal_dma_ex.o ABSOLUTE
    ../Drivers/STM32F4xx_HAL_Driver/Src/stm32f4xx_hal_exti.c 0x00000000   Number         0  stm32f4xx_hal_exti.o ABSOLUTE
    ../Drivers/STM32F4xx_HAL_Driver/Src/stm32f4xx_hal_flash.c 0x00000000   Number         0  stm32f4xx_hal_flash.o ABSOLUTE
    ../Drivers/STM32F4xx_HAL_Driver/Src/stm32f4xx_hal_flash_ex.c 0x00000000   Number         0  stm32f4xx_hal_flash_ex.o ABSOLUTE
    ../Drivers/STM32F4xx_HAL_Driver/Src/stm32f4xx_hal_flash_ramfunc.c 0x00000000   Number         0  stm32f4xx_hal_flash_ramfunc.o ABSOLUTE
    ../Drivers/STM32F4xx_HAL_Driver/Src/stm32f4xx_hal_gpio.c 0x00000000   Number         0  stm32f4xx_hal_gpio.o ABSOLUTE
    ../Drivers/STM32F4xx_HAL_Driver/Src/stm32f4xx_hal_pwr.c 0x00000000   Number         0  stm32f4xx_hal_pwr.o ABSOLUTE
    ../Drivers/STM32F4xx_HAL_Driver/Src/stm32f4xx_hal_pwr_ex.c 0x00000000   Number         0  stm32f4xx_hal_pwr_ex.o ABSOLUTE
    ../Drivers/STM32F4xx_HAL_Driver/Src/stm32f4xx_hal_rcc.c 0x00000000   Number         0  stm32f4xx_hal_rcc.o ABSOLUTE
    ../Drivers/STM32F4xx_HAL_Driver/Src/stm32f4xx_hal_rcc_ex.c 0x00000000   Number         0  stm32f4xx_hal_rcc_ex.o ABSOLUTE
    ../Drivers/STM32F4xx_HAL_Driver/Src/stm32f4xx_hal_tim.c 0x00000000   Number         0  stm32f4xx_hal_tim.o ABSOLUTE
    ../Drivers/STM32F4xx_HAL_Driver/Src/stm32f4xx_hal_tim_ex.c 0x00000000   Number         0  stm32f4xx_hal_tim_ex.o ABSOLUTE
    ../Drivers/STM32F4xx_HAL_Driver/Src/stm32f4xx_hal_uart.c 0x00000000   Number         0  stm32f4xx_hal_uart.o ABSOLUTE
    ../clib/microlib/ctype/ctype.c           0x00000000   Number         0  isspace_c.o ABSOLUTE
    ../clib/microlib/ctype/ctype.c           0x00000000   Number         0  ctype_c.o ABSOLUTE
    ../clib/microlib/division.c              0x00000000   Number         0  uidiv.o ABSOLUTE
    ../clib/microlib/division.c              0x00000000   Number         0  uldiv.o ABSOLUTE
    ../clib/microlib/init/entry.s            0x00000000   Number         0  entry10b.o ABSOLUTE
    ../clib/microlib/init/entry.s            0x00000000   Number         0  entry10a.o ABSOLUTE
    ../clib/microlib/init/entry.s            0x00000000   Number         0  entry9b.o ABSOLUTE
    ../clib/microlib/init/entry.s            0x00000000   Number         0  entry2.o ABSOLUTE
    ../clib/microlib/init/entry.s            0x00000000   Number         0  entry9a.o ABSOLUTE
    ../clib/microlib/init/entry.s            0x00000000   Number         0  entry8b.o ABSOLUTE
    ../clib/microlib/init/entry.s            0x00000000   Number         0  entry8a.o ABSOLUTE
    ../clib/microlib/init/entry.s            0x00000000   Number         0  entry.o ABSOLUTE
    ../clib/microlib/init/entry.s            0x00000000   Number         0  entry7b.o ABSOLUTE
    ../clib/microlib/init/entry.s            0x00000000   Number         0  entry7a.o ABSOLUTE
    ../clib/microlib/init/entry.s            0x00000000   Number         0  entry11b.o ABSOLUTE
    ../clib/microlib/init/entry.s            0x00000000   Number         0  entry11a.o ABSOLUTE
    ../clib/microlib/init/entry.s            0x00000000   Number         0  entry5.o ABSOLUTE
    ../clib/microlib/longlong.c              0x00000000   Number         0  llsshr.o ABSOLUTE
    ../clib/microlib/longlong.c              0x00000000   Number         0  llushr.o ABSOLUTE
    ../clib/microlib/longlong.c              0x00000000   Number         0  llshl.o ABSOLUTE
    ../clib/microlib/malloc/malloc.c         0x00000000   Number         0  malloca.o ABSOLUTE
    ../clib/microlib/malloc/malloc.c         0x00000000   Number         0  mallocr.o ABSOLUTE
    ../clib/microlib/malloc/malloc.c         0x00000000   Number         0  mallocra.o ABSOLUTE
    ../clib/microlib/malloc/malloc.c         0x00000000   Number         0  malloc.o ABSOLUTE
    ../clib/microlib/malloc/mvars.c          0x00000000   Number         0  mvars.o ABSOLUTE
    ../clib/microlib/printf/printf.c         0x00000000   Number         0  printf5.o ABSOLUTE
    ../clib/microlib/printf/printf.c         0x00000000   Number         0  printf4.o ABSOLUTE
    ../clib/microlib/printf/printf.c         0x00000000   Number         0  printf3.o ABSOLUTE
    ../clib/microlib/printf/printf.c         0x00000000   Number         0  printf2.o ABSOLUTE
    ../clib/microlib/printf/printf.c         0x00000000   Number         0  printf1.o ABSOLUTE
    ../clib/microlib/printf/printf.c         0x00000000   Number         0  printf0.o ABSOLUTE
    ../clib/microlib/printf/printf.c         0x00000000   Number         0  printfb.o ABSOLUTE
    ../clib/microlib/printf/printf.c         0x00000000   Number         0  printfa.o ABSOLUTE
    ../clib/microlib/printf/printf.c         0x00000000   Number         0  printf8.o ABSOLUTE
    ../clib/microlib/printf/printf.c         0x00000000   Number         0  printf7.o ABSOLUTE
    ../clib/microlib/printf/printf.c         0x00000000   Number         0  printf6.o ABSOLUTE
    ../clib/microlib/printf/stubs.s          0x00000000   Number         0  stubs.o ABSOLUTE
    ../clib/microlib/stdio/streams.c         0x00000000   Number         0  stdout.o ABSOLUTE
    ../clib/microlib/string/memcmp.c         0x00000000   Number         0  memcmp.o ABSOLUTE
    ../clib/microlib/string/memcpy.c         0x00000000   Number         0  memcpyb.o ABSOLUTE
    ../clib/microlib/string/memcpy.c         0x00000000   Number         0  memcpya.o ABSOLUTE
    ../clib/microlib/string/memset.c         0x00000000   Number         0  memseta.o ABSOLUTE
    ../clib/microlib/string/strcpy.c         0x00000000   Number         0  strcpy.o ABSOLUTE
    ../clib/microlib/string/strlen.c         0x00000000   Number         0  strlen.o ABSOLUTE
    ../clib/microlib/string/strstr.c         0x00000000   Number         0  strstr.o ABSOLUTE
    ../clib/microlib/stubs.s                 0x00000000   Number         0  iusefp.o ABSOLUTE
    ../clib/scanf.c                          0x00000000   Number         0  __0sscanf.o ABSOLUTE
    ../clib/scanf.c                          0x00000000   Number         0  _sgetc.o ABSOLUTE
    ../clib/scanf.c                          0x00000000   Number         0  scanf_char.o ABSOLUTE
    ../clib/scanf.c                          0x00000000   Number         0  _chval.o ABSOLUTE
    ../clib/scanf.c                          0x00000000   Number         0  _scanf_str.o ABSOLUTE
    ../clib/scanf.c                          0x00000000   Number         0  _scanf_int.o ABSOLUTE
    ../clib/scanf.c                          0x00000000   Number         0  _scanf.o ABSOLUTE
    ../fplib/microlib/fpadd.c                0x00000000   Number         0  dadd.o ABSOLUTE
    ../fplib/microlib/fpdiv.c                0x00000000   Number         0  ddiv.o ABSOLUTE
    ../fplib/microlib/fpepilogue.c           0x00000000   Number         0  depilogue.o ABSOLUTE
    ../fplib/microlib/fpfix.c                0x00000000   Number         0  dfixul.o ABSOLUTE
    ../fplib/microlib/fpmul.c                0x00000000   Number         0  dmul.o ABSOLUTE
    ..\Core\Src\dma.c                        0x00000000   Number         0  dma.o ABSOLUTE
    ..\Core\Src\gpio.c                       0x00000000   Number         0  gpio.o ABSOLUTE
    ..\Core\Src\main.c                       0x00000000   Number         0  main.o ABSOLUTE
    ..\Core\Src\stm32f4xx_hal_msp.c          0x00000000   Number         0  stm32f4xx_hal_msp.o ABSOLUTE
    ..\Core\Src\stm32f4xx_it.c               0x00000000   Number         0  stm32f4xx_it.o ABSOLUTE
    ..\Core\Src\system_stm32f4xx.c           0x00000000   Number         0  system_stm32f4xx.o ABSOLUTE
    ..\Core\Src\usart.c                      0x00000000   Number         0  usart.o ABSOLUTE
    ..\Drivers\STM32F4xx_HAL_Driver\Src\stm32f4xx_hal.c 0x00000000   Number         0  stm32f4xx_hal.o ABSOLUTE
    ..\Drivers\STM32F4xx_HAL_Driver\Src\stm32f4xx_hal_cortex.c 0x00000000   Number         0  stm32f4xx_hal_cortex.o ABSOLUTE
    ..\Drivers\STM32F4xx_HAL_Driver\Src\stm32f4xx_hal_dma.c 0x00000000   Number         0  stm32f4xx_hal_dma.o ABSOLUTE
    ..\Drivers\STM32F4xx_HAL_Driver\Src\stm32f4xx_hal_dma_ex.c 0x00000000   Number         0  stm32f4xx_hal_dma_ex.o ABSOLUTE
    ..\Drivers\STM32F4xx_HAL_Driver\Src\stm32f4xx_hal_exti.c 0x00000000   Number         0  stm32f4xx_hal_exti.o ABSOLUTE
    ..\Drivers\STM32F4xx_HAL_Driver\Src\stm32f4xx_hal_flash.c 0x00000000   Number         0  stm32f4xx_hal_flash.o ABSOLUTE
    ..\Drivers\STM32F4xx_HAL_Driver\Src\stm32f4xx_hal_flash_ex.c 0x00000000   Number         0  stm32f4xx_hal_flash_ex.o ABSOLUTE
    ..\Drivers\STM32F4xx_HAL_Driver\Src\stm32f4xx_hal_flash_ramfunc.c 0x00000000   Number         0  stm32f4xx_hal_flash_ramfunc.o ABSOLUTE
    ..\Drivers\STM32F4xx_HAL_Driver\Src\stm32f4xx_hal_gpio.c 0x00000000   Number         0  stm32f4xx_hal_gpio.o ABSOLUTE
    ..\Drivers\STM32F4xx_HAL_Driver\Src\stm32f4xx_hal_pwr.c 0x00000000   Number         0  stm32f4xx_hal_pwr.o ABSOLUTE
    ..\Drivers\STM32F4xx_HAL_Driver\Src\stm32f4xx_hal_pwr_ex.c 0x00000000   Number         0  stm32f4xx_hal_pwr_ex.o ABSOLUTE
    ..\Drivers\STM32F4xx_HAL_Driver\Src\stm32f4xx_hal_rcc.c 0x00000000   Number         0  stm32f4xx_hal_rcc.o ABSOLUTE
    ..\Drivers\STM32F4xx_HAL_Driver\Src\stm32f4xx_hal_rcc_ex.c 0x00000000   Number         0  stm32f4xx_hal_rcc_ex.o ABSOLUTE
    ..\Drivers\STM32F4xx_HAL_Driver\Src\stm32f4xx_hal_tim.c 0x00000000   Number         0  stm32f4xx_hal_tim.o ABSOLUTE
    ..\Drivers\STM32F4xx_HAL_Driver\Src\stm32f4xx_hal_tim_ex.c 0x00000000   Number         0  stm32f4xx_hal_tim_ex.o ABSOLUTE
    ..\Drivers\STM32F4xx_HAL_Driver\Src\stm32f4xx_hal_uart.c 0x00000000   Number         0  stm32f4xx_hal_uart.o ABSOLUTE
    ..\OTA\src\dtu-4g.c                      0x00000000   Number         0  dtu-4g.o ABSOLUTE
    ..\OTA\src\mqtt.c                        0x00000000   Number         0  mqtt.o ABSOLUTE
    ..\OTA\src\sort.c                        0x00000000   Number         0  sort.o ABSOLUTE
    ..\OTA\src\ymodem.c                      0x00000000   Number         0  ymodem.o ABSOLUTE
    ..\\OTA\\src\\dtu-4g.c                   0x00000000   Number         0  dtu-4g.o ABSOLUTE
    ..\\OTA\\src\\mqtt.c                     0x00000000   Number         0  mqtt.o ABSOLUTE
    ..\\OTA\\src\\sort.c                     0x00000000   Number         0  sort.o ABSOLUTE
    ..\\OTA\\src\\ymodem.c                   0x00000000   Number         0  ymodem.o ABSOLUTE
    cdrcmple.s                               0x00000000   Number         0  cdrcmple.o ABSOLUTE
    dc.s                                     0x00000000   Number         0  dc.o ABSOLUTE
    handlers.s                               0x00000000   Number         0  handlers.o ABSOLUTE
    init.s                                   0x00000000   Number         0  init.o ABSOLUTE
    startup_stm32f407xx.s                    0x00000000   Number         0  startup_stm32f407xx.o ABSOLUTE
    RESET                                    0x08020000   Section      392  startup_stm32f407xx.o(RESET)
    .ARM.Collect$$$$00000000                 0x08020188   Section        0  entry.o(.ARM.Collect$$$$00000000)
    .ARM.Collect$$$$00000001                 0x08020188   Section        4  entry2.o(.ARM.Collect$$$$00000001)
    .ARM.Collect$$$$00000004                 0x0802018c   Section        4  entry5.o(.ARM.Collect$$$$00000004)
    .ARM.Collect$$$$00000008                 0x08020190   Section        0  entry7b.o(.ARM.Collect$$$$00000008)
    .ARM.Collect$$$$0000000A                 0x08020190   Section        0  entry8b.o(.ARM.Collect$$$$0000000A)
    .ARM.Collect$$$$0000000B                 0x08020190   Section        8  entry9a.o(.ARM.Collect$$$$0000000B)
    .ARM.Collect$$$$0000000D                 0x08020198   Section        0  entry10a.o(.ARM.Collect$$$$0000000D)
    .ARM.Collect$$$$0000000F                 0x08020198   Section        0  entry11a.o(.ARM.Collect$$$$0000000F)
    .ARM.Collect$$$$00002712                 0x08020198   Section        4  entry2.o(.ARM.Collect$$$$00002712)
    __lit__00000000                          0x08020198   Data           4  entry2.o(.ARM.Collect$$$$00002712)
    .text                                    0x0802019c   Section       36  startup_stm32f407xx.o(.text)
    $v0                                      0x0802019c   Number         0  startup_stm32f407xx.o(.text)
    .text                                    0x080201c0   Section        0  uldiv.o(.text)
    .text                                    0x08020222   Section        0  memcpya.o(.text)
    .text                                    0x08020246   Section        0  memseta.o(.text)
    .text                                    0x0802026a   Section        0  strstr.o(.text)
    .text                                    0x0802028e   Section        0  strlen.o(.text)
    .text                                    0x0802029c   Section        0  memcmp.o(.text)
    .text                                    0x080202b6   Section        0  strcpy.o(.text)
    .text                                    0x080202c8   Section        0  __0sscanf.o(.text)
    .text                                    0x08020300   Section        0  _scanf_int.o(.text)
    .text                                    0x0802044c   Section        0  _scanf_str.o(.text)
    .text                                    0x0802052c   Section        0  uidiv.o(.text)
    .text                                    0x08020558   Section        0  llshl.o(.text)
    .text                                    0x08020576   Section        0  llushr.o(.text)
    .text                                    0x08020596   Section        0  _chval.o(.text)
    .text                                    0x080205b4   Section        0  scanf_char.o(.text)
    _scanf_char_input                        0x080205b5   Thumb Code    12  scanf_char.o(.text)
    .text                                    0x080205dc   Section        0  _sgetc.o(.text)
    .text                                    0x0802061c   Section       36  init.o(.text)
    .text                                    0x08020640   Section        0  isspace_c.o(.text)
    .text                                    0x0802064c   Section        0  _scanf.o(.text)
    .text                                    0x08020978   Section        0  ctype_c.o(.text)
    i.BusFault_Handler                       0x080209a0   Section        0  stm32f4xx_it.o(i.BusFault_Handler)
    i.Code_Storage_Done                      0x080209a4   Section        0  ymodem.o(i.Code_Storage_Done)
    i.DMA1_Stream1_IRQHandler                0x080209bc   Section        0  stm32f4xx_it.o(i.DMA1_Stream1_IRQHandler)
    i.DMA1_Stream3_IRQHandler                0x080209c8   Section        0  stm32f4xx_it.o(i.DMA1_Stream3_IRQHandler)
    i.DMA_CalcBaseAndBitshift                0x080209d4   Section        0  stm32f4xx_hal_dma.o(i.DMA_CalcBaseAndBitshift)
    DMA_CalcBaseAndBitshift                  0x080209d5   Thumb Code    34  stm32f4xx_hal_dma.o(i.DMA_CalcBaseAndBitshift)
    i.DMA_CheckFifoParam                     0x080209fc   Section        0  stm32f4xx_hal_dma.o(i.DMA_CheckFifoParam)
    DMA_CheckFifoParam                       0x080209fd   Thumb Code    84  stm32f4xx_hal_dma.o(i.DMA_CheckFifoParam)
    i.DMA_SetConfig                          0x08020a50   Section        0  stm32f4xx_hal_dma.o(i.DMA_SetConfig)
    DMA_SetConfig                            0x08020a51   Thumb Code    40  stm32f4xx_hal_dma.o(i.DMA_SetConfig)
    i.DTU_Enter_CMD                          0x08020a78   Section        0  dtu-4g.o(i.DTU_Enter_CMD)
    i.DTU_Exit_CMD                           0x08020b8c   Section        0  dtu-4g.o(i.DTU_Exit_CMD)
    i.DTU_GetOTAInfo                         0x08020bbc   Section        0  dtu-4g.o(i.DTU_GetOTAInfo)
    i.DTU_OTA_Download                       0x08020cd0   Section        0  dtu-4g.o(i.DTU_OTA_Download)
    i.DTU_SendData                           0x08020d7c   Section        0  dtu-4g.o(i.DTU_SendData)
    i.DTU_SendOTAVersion                     0x08020d9c   Section        0  dtu-4g.o(i.DTU_SendOTAVersion)
    i.DTU_Set_Server                         0x08020e5c   Section        0  dtu-4g.o(i.DTU_Set_Server)
    i.DTU_Usart_Event                        0x08020fdc   Section        0  dtu-4g.o(i.DTU_Usart_Event)
    i.DTU_Working                            0x080213dc   Section        0  dtu-4g.o(i.DTU_Working)
    i.DebugMon_Handler                       0x0802140c   Section        0  stm32f4xx_it.o(i.DebugMon_Handler)
    i.Error_Handler                          0x0802140e   Section        0  main.o(i.Error_Handler)
    i.FLASH_Program_Byte                     0x08021414   Section        0  stm32f4xx_hal_flash.o(i.FLASH_Program_Byte)
    FLASH_Program_Byte                       0x08021415   Thumb Code    26  stm32f4xx_hal_flash.o(i.FLASH_Program_Byte)
    i.FLASH_Program_DoubleWord               0x08021434   Section        0  stm32f4xx_hal_flash.o(i.FLASH_Program_DoubleWord)
    FLASH_Program_DoubleWord                 0x08021435   Thumb Code    38  stm32f4xx_hal_flash.o(i.FLASH_Program_DoubleWord)
    i.FLASH_Program_HalfWord                 0x08021460   Section        0  stm32f4xx_hal_flash.o(i.FLASH_Program_HalfWord)
    FLASH_Program_HalfWord                   0x08021461   Thumb Code    30  stm32f4xx_hal_flash.o(i.FLASH_Program_HalfWord)
    i.FLASH_Program_Word                     0x08021484   Section        0  stm32f4xx_hal_flash.o(i.FLASH_Program_Word)
    FLASH_Program_Word                       0x08021485   Thumb Code    30  stm32f4xx_hal_flash.o(i.FLASH_Program_Word)
    i.FLASH_SetErrorCode                     0x080214a8   Section        0  stm32f4xx_hal_flash.o(i.FLASH_SetErrorCode)
    FLASH_SetErrorCode                       0x080214a9   Thumb Code    96  stm32f4xx_hal_flash.o(i.FLASH_SetErrorCode)
    i.FLASH_WaitForLastOperation             0x08021510   Section        0  stm32f4xx_hal_flash.o(i.FLASH_WaitForLastOperation)
    i.Flash_Read                             0x08021560   Section        0  ymodem.o(i.Flash_Read)
    i.Flash_Write                            0x0802156c   Section        0  ymodem.o(i.Flash_Write)
    i.HAL_DMA_Abort                          0x0802159e   Section        0  stm32f4xx_hal_dma.o(i.HAL_DMA_Abort)
    i.HAL_DMA_Abort_IT                       0x08021630   Section        0  stm32f4xx_hal_dma.o(i.HAL_DMA_Abort_IT)
    i.HAL_DMA_IRQHandler                     0x08021654   Section        0  stm32f4xx_hal_dma.o(i.HAL_DMA_IRQHandler)
    i.HAL_DMA_Init                           0x080217f4   Section        0  stm32f4xx_hal_dma.o(i.HAL_DMA_Init)
    i.HAL_DMA_Start_IT                       0x080218c8   Section        0  stm32f4xx_hal_dma.o(i.HAL_DMA_Start_IT)
    i.HAL_Delay                              0x08021938   Section        0  stm32f4xx_hal.o(i.HAL_Delay)
    i.HAL_FLASH_Lock                         0x0802195c   Section        0  stm32f4xx_hal_flash.o(i.HAL_FLASH_Lock)
    i.HAL_FLASH_Program                      0x08021970   Section        0  stm32f4xx_hal_flash.o(i.HAL_FLASH_Program)
    i.HAL_FLASH_Unlock                       0x080219ec   Section        0  stm32f4xx_hal_flash.o(i.HAL_FLASH_Unlock)
    i.HAL_GPIO_Init                          0x08021a18   Section        0  stm32f4xx_hal_gpio.o(i.HAL_GPIO_Init)
    i.HAL_GetTick                            0x08021c08   Section        0  stm32f4xx_hal.o(i.HAL_GetTick)
    i.HAL_IncTick                            0x08021c14   Section        0  stm32f4xx_hal.o(i.HAL_IncTick)
    i.HAL_Init                               0x08021c24   Section        0  stm32f4xx_hal.o(i.HAL_Init)
    i.HAL_InitTick                           0x08021c58   Section        0  stm32f4xx_hal.o(i.HAL_InitTick)
    i.HAL_MspInit                            0x08021c98   Section        0  stm32f4xx_hal_msp.o(i.HAL_MspInit)
    i.HAL_NVIC_EnableIRQ                     0x08021cc8   Section        0  stm32f4xx_hal_cortex.o(i.HAL_NVIC_EnableIRQ)
    i.HAL_NVIC_SetPriority                   0x08021ce4   Section        0  stm32f4xx_hal_cortex.o(i.HAL_NVIC_SetPriority)
    i.HAL_NVIC_SetPriorityGrouping           0x08021d24   Section        0  stm32f4xx_hal_cortex.o(i.HAL_NVIC_SetPriorityGrouping)
    i.HAL_RCC_ClockConfig                    0x08021d48   Section        0  stm32f4xx_hal_rcc.o(i.HAL_RCC_ClockConfig)
    i.HAL_RCC_GetPCLK1Freq                   0x08021e7c   Section        0  stm32f4xx_hal_rcc.o(i.HAL_RCC_GetPCLK1Freq)
    i.HAL_RCC_GetPCLK2Freq                   0x08021e9c   Section        0  stm32f4xx_hal_rcc.o(i.HAL_RCC_GetPCLK2Freq)
    i.HAL_RCC_GetSysClockFreq                0x08021ebc   Section        0  stm32f4xx_hal_rcc.o(i.HAL_RCC_GetSysClockFreq)
    i.HAL_RCC_OscConfig                      0x08021f20   Section        0  stm32f4xx_hal_rcc.o(i.HAL_RCC_OscConfig)
    i.HAL_SYSTICK_Config                     0x0802228c   Section        0  stm32f4xx_hal_cortex.o(i.HAL_SYSTICK_Config)
    i.HAL_UARTEx_RxEventCallback             0x080222b4   Section        0  stm32f4xx_hal_uart.o(i.HAL_UARTEx_RxEventCallback)
    i.HAL_UART_DMAStop                       0x080222b6   Section        0  stm32f4xx_hal_uart.o(i.HAL_UART_DMAStop)
    i.HAL_UART_ErrorCallback                 0x08022326   Section        0  stm32f4xx_hal_uart.o(i.HAL_UART_ErrorCallback)
    i.HAL_UART_IRQHandler                    0x08022328   Section        0  stm32f4xx_hal_uart.o(i.HAL_UART_IRQHandler)
    i.HAL_UART_Init                          0x08022590   Section        0  stm32f4xx_hal_uart.o(i.HAL_UART_Init)
    i.HAL_UART_MspInit                       0x080225f4   Section        0  usart.o(i.HAL_UART_MspInit)
    i.HAL_UART_Receive_DMA                   0x08022758   Section        0  stm32f4xx_hal_uart.o(i.HAL_UART_Receive_DMA)
    i.HAL_UART_RxCpltCallback                0x08022782   Section        0  stm32f4xx_hal_uart.o(i.HAL_UART_RxCpltCallback)
    i.HAL_UART_RxHalfCpltCallback            0x08022784   Section        0  stm32f4xx_hal_uart.o(i.HAL_UART_RxHalfCpltCallback)
    i.HAL_UART_Transmit                      0x08022788   Section        0  stm32f4xx_hal_uart.o(i.HAL_UART_Transmit)
    i.HAL_UART_TxCpltCallback                0x0802283a   Section        0  stm32f4xx_hal_uart.o(i.HAL_UART_TxCpltCallback)
    i.HardFault_Handler                      0x0802283c   Section        0  stm32f4xx_it.o(i.HardFault_Handler)
    i.MQTT_ConnectPack                       0x08022840   Section        0  mqtt.o(i.MQTT_ConnectPack)
    i.MQTT_DealPublishData                   0x08022a54   Section        0  mqtt.o(i.MQTT_DealPublishData)
    i.MQTT_PublishDataQos0                   0x08022a90   Section        0  mqtt.o(i.MQTT_PublishDataQos0)
    i.MQTT_PublishDataQos1                   0x08022b3c   Section        0  mqtt.o(i.MQTT_PublishDataQos1)
    i.MQTT_Remaining_Len_Process             0x08022c1c   Section        0  mqtt.o(i.MQTT_Remaining_Len_Process)
    MQTT_Remaining_Len_Process               0x08022c1d   Thumb Code    46  mqtt.o(i.MQTT_Remaining_Len_Process)
    i.MQTT_SubscribePack                     0x08022c50   Section        0  mqtt.o(i.MQTT_SubscribePack)
    i.MX_DMA_Init                            0x08022d5c   Section        0  dma.o(i.MX_DMA_Init)
    i.MX_GPIO_Init                           0x08022d98   Section        0  gpio.o(i.MX_GPIO_Init)
    i.MX_USART1_UART_Init                    0x08022dd4   Section        0  usart.o(i.MX_USART1_UART_Init)
    i.MX_USART3_UART_Init                    0x08022e0c   Section        0  usart.o(i.MX_USART3_UART_Init)
    i.MemManage_Handler                      0x08022e44   Section        0  stm32f4xx_it.o(i.MemManage_Handler)
    i.NMI_Handler                            0x08022e46   Section        0  stm32f4xx_it.o(i.NMI_Handler)
    i.PendSV_Handler                         0x08022e48   Section        0  stm32f4xx_it.o(i.PendSV_Handler)
    i.SVC_Handler                            0x08022e4a   Section        0  stm32f4xx_it.o(i.SVC_Handler)
    i.Sort_DeviceInfo                        0x08022e4c   Section        0  sort.o(i.Sort_DeviceInfo)
    i.SysTick_Handler                        0x08022f54   Section        0  stm32f4xx_it.o(i.SysTick_Handler)
    i.SystemClock_Config                     0x08022f58   Section        0  main.o(i.SystemClock_Config)
    i.SystemInit                             0x08022fec   Section        0  system_stm32f4xx.o(i.SystemInit)
    i.UART_DMAAbortOnError                   0x08022ffc   Section        0  stm32f4xx_hal_uart.o(i.UART_DMAAbortOnError)
    UART_DMAAbortOnError                     0x08022ffd   Thumb Code    16  stm32f4xx_hal_uart.o(i.UART_DMAAbortOnError)
    i.UART_DMAError                          0x0802300c   Section        0  stm32f4xx_hal_uart.o(i.UART_DMAError)
    UART_DMAError                            0x0802300d   Thumb Code    74  stm32f4xx_hal_uart.o(i.UART_DMAError)
    i.UART_DMAReceiveCplt                    0x08023056   Section        0  stm32f4xx_hal_uart.o(i.UART_DMAReceiveCplt)
    UART_DMAReceiveCplt                      0x08023057   Thumb Code   130  stm32f4xx_hal_uart.o(i.UART_DMAReceiveCplt)
    i.UART_DMARxHalfCplt                     0x080230d8   Section        0  stm32f4xx_hal_uart.o(i.UART_DMARxHalfCplt)
    UART_DMARxHalfCplt                       0x080230d9   Thumb Code    26  stm32f4xx_hal_uart.o(i.UART_DMARxHalfCplt)
    i.UART_EndRxTransfer                     0x080230f2   Section        0  stm32f4xx_hal_uart.o(i.UART_EndRxTransfer)
    UART_EndRxTransfer                       0x080230f3   Thumb Code    78  stm32f4xx_hal_uart.o(i.UART_EndRxTransfer)
    i.UART_EndTxTransfer                     0x08023140   Section        0  stm32f4xx_hal_uart.o(i.UART_EndTxTransfer)
    UART_EndTxTransfer                       0x08023141   Thumb Code    28  stm32f4xx_hal_uart.o(i.UART_EndTxTransfer)
    i.UART_Receive_IT                        0x0802315c   Section        0  stm32f4xx_hal_uart.o(i.UART_Receive_IT)
    UART_Receive_IT                          0x0802315d   Thumb Code   192  stm32f4xx_hal_uart.o(i.UART_Receive_IT)
    i.UART_SetConfig                         0x0802321c   Section        0  stm32f4xx_hal_uart.o(i.UART_SetConfig)
    UART_SetConfig                           0x0802321d   Thumb Code   258  stm32f4xx_hal_uart.o(i.UART_SetConfig)
    i.UART_Start_Receive_DMA                 0x08023328   Section        0  stm32f4xx_hal_uart.o(i.UART_Start_Receive_DMA)
    i.UART_WaitOnFlagUntilTimeout            0x080233bc   Section        0  stm32f4xx_hal_uart.o(i.UART_WaitOnFlagUntilTimeout)
    UART_WaitOnFlagUntilTimeout              0x080233bd   Thumb Code   120  stm32f4xx_hal_uart.o(i.UART_WaitOnFlagUntilTimeout)
    i.USART1_IRQHandler                      0x08023434   Section        0  stm32f4xx_it.o(i.USART1_IRQHandler)
    i.USART3_IRQHandler                      0x08023440   Section        0  stm32f4xx_it.o(i.USART3_IRQHandler)
    i.UsageFault_Handler                     0x0802348c   Section        0  stm32f4xx_it.o(i.UsageFault_Handler)
    i.__0sprintf$6                           0x08023490   Section        0  printf6.o(i.__0sprintf$6)
    i.__NVIC_SetPriority                     0x080234b8   Section        0  stm32f4xx_hal_cortex.o(i.__NVIC_SetPriority)
    __NVIC_SetPriority                       0x080234b9   Thumb Code    32  stm32f4xx_hal_cortex.o(i.__NVIC_SetPriority)
    i.__NVIC_SystemReset                     0x080234d8   Section        0  dtu-4g.o(i.__NVIC_SystemReset)
    __NVIC_SystemReset                       0x080234d9   Thumb Code    26  dtu-4g.o(i.__NVIC_SystemReset)
    i.__scatterload_copy                     0x080234fc   Section       14  handlers.o(i.__scatterload_copy)
    i.__scatterload_null                     0x0802350a   Section        2  handlers.o(i.__scatterload_null)
    i.__scatterload_zeroinit                 0x0802350c   Section       14  handlers.o(i.__scatterload_zeroinit)
    i._printf_core                           0x0802351c   Section        0  printf6.o(i._printf_core)
    _printf_core                             0x0802351d   Thumb Code   748  printf6.o(i._printf_core)
    i._printf_post_padding                   0x0802380c   Section        0  printf6.o(i._printf_post_padding)
    _printf_post_padding                     0x0802380d   Thumb Code    36  printf6.o(i._printf_post_padding)
    i._printf_pre_padding                    0x08023830   Section        0  printf6.o(i._printf_pre_padding)
    _printf_pre_padding                      0x08023831   Thumb Code    46  printf6.o(i._printf_pre_padding)
    i._sputc                                 0x0802385e   Section        0  printf6.o(i._sputc)
    _sputc                                   0x0802385f   Thumb Code    10  printf6.o(i._sputc)
    i.main                                   0x08023868   Section        0  main.o(i.main)
    i.malloc                                 0x08023a1c   Section        0  malloc.o(i.malloc)
    .constdata                               0x08023a88   Section        8  stm32f4xx_hal_dma.o(.constdata)
    flagBitshiftOffset                       0x08023a88   Data           8  stm32f4xx_hal_dma.o(.constdata)
    .constdata                               0x08023a90   Section       16  system_stm32f4xx.o(.constdata)
    .constdata                               0x08023aa0   Section        8  system_stm32f4xx.o(.constdata)
    .constdata                               0x08023aa8   Section       64  ctype_c.o(.constdata)
    .conststring                             0x08023ae8   Section      326  dtu-4g.o(.conststring)
    .conststring                             0x08023c30   Section      293  sort.o(.conststring)
    .data                                    0x20000000   Section       12  usart.o(.data)
    .data                                    0x2000000c   Section       12  stm32f4xx_hal.o(.data)
    .data                                    0x20000018   Section        4  system_stm32f4xx.o(.data)
    .data                                    0x2000001c   Section        1  dtu-4g.o(.data)
    Connect_Status                           0x2000001c   Data           1  dtu-4g.o(.data)
    .data                                    0x20000020   Section        4  mvars.o(.data)
    .data                                    0x20000024   Section        4  mvars.o(.data)
    .bss                                     0x20000028   Section      200  main.o(.bss)
    USART1_TX_BUF                            0x20000028   Data         200  main.o(.bss)
    .bss                                     0x200000f0   Section      328  usart.o(.bss)
    .bss                                     0x20000238   Section       32  stm32f4xx_hal_flash.o(.bss)
    .bss                                     0x20000258   Section      500  dtu-4g.o(.bss)
    USART1_TX_BUF                            0x20000258   Data         200  dtu-4g.o(.bss)
    USART3_TX_BUF                            0x20000320   Data         200  dtu-4g.o(.bss)
    MessageTemp                              0x200003e8   Data         100  dtu-4g.o(.bss)
    .bss                                     0x2000044c   Section     1268  mqtt.o(.bss)
    USART1_TX_BUF                            0x2000044c   Data         200  mqtt.o(.bss)
    .bss                                     0x20000940   Section      490  sort.o(.bss)
    USART1_TX_BUF                            0x20000940   Data         200  sort.o(.bss)
    HEAP                                     0x20000b30   Section      512  startup_stm32f407xx.o(HEAP)
    STACK                                    0x20000d30   Section     1024  startup_stm32f407xx.o(STACK)

    Global Symbols

    Symbol Name                              Value     Ov Type        Size  Object(Section)

    BuildAttributes$$THM_ISAv4$E$P$D$K$B$S$7EM$VFPi3$EXTD16$VFPS$VFMA$PE$A:L22UL41UL21$X:L11$S22US41US21$IEEE1$IW$USESV6$~STKCKD$USESV7$~SHL$OSPACE$ROPI$EBA8$MICROLIB$REQ8$PRES8$EABIv2 0x00000000   Number         0  anon$$obj.o ABSOLUTE
    __ARM_use_no_argv                        0x00000000   Number         0  main.o ABSOLUTE
    _printf_a                                0x00000000   Number         0  stubs.o ABSOLUTE
    _printf_c                                0x00000000   Number         0  stubs.o ABSOLUTE
    _printf_charcount                        0x00000000   Number         0  stubs.o ABSOLUTE
    _printf_d                                0x00000000   Number         0  stubs.o ABSOLUTE
    _printf_e                                0x00000000   Number         0  stubs.o ABSOLUTE
    _printf_f                                0x00000000   Number         0  stubs.o ABSOLUTE
    _printf_flags                            0x00000000   Number         0  stubs.o ABSOLUTE
    _printf_fp_dec                           0x00000000   Number         0  stubs.o ABSOLUTE
    _printf_fp_hex                           0x00000000   Number         0  stubs.o ABSOLUTE
    _printf_g                                0x00000000   Number         0  stubs.o ABSOLUTE
    _printf_i                                0x00000000   Number         0  stubs.o ABSOLUTE
    _printf_int_dec                          0x00000000   Number         0  stubs.o ABSOLUTE
    _printf_l                                0x00000000   Number         0  stubs.o ABSOLUTE
    _printf_lc                               0x00000000   Number         0  stubs.o ABSOLUTE
    _printf_ll                               0x00000000   Number         0  stubs.o ABSOLUTE
    _printf_lld                              0x00000000   Number         0  stubs.o ABSOLUTE
    _printf_lli                              0x00000000   Number         0  stubs.o ABSOLUTE
    _printf_llo                              0x00000000   Number         0  stubs.o ABSOLUTE
    _printf_llu                              0x00000000   Number         0  stubs.o ABSOLUTE
    _printf_llx                              0x00000000   Number         0  stubs.o ABSOLUTE
    _printf_longlong_dec                     0x00000000   Number         0  stubs.o ABSOLUTE
    _printf_longlong_hex                     0x00000000   Number         0  stubs.o ABSOLUTE
    _printf_longlong_oct                     0x00000000   Number         0  stubs.o ABSOLUTE
    _printf_ls                               0x00000000   Number         0  stubs.o ABSOLUTE
    _printf_mbtowc                           0x00000000   Number         0  stubs.o ABSOLUTE
    _printf_n                                0x00000000   Number         0  stubs.o ABSOLUTE
    _printf_o                                0x00000000   Number         0  stubs.o ABSOLUTE
    _printf_p                                0x00000000   Number         0  stubs.o ABSOLUTE
    _printf_percent                          0x00000000   Number         0  stubs.o ABSOLUTE
    _printf_pre_padding                      0x00000000   Number         0  stubs.o ABSOLUTE
    _printf_return_value                     0x00000000   Number         0  stubs.o ABSOLUTE
    _printf_s                                0x00000000   Number         0  stubs.o ABSOLUTE
    _printf_sizespec                         0x00000000   Number         0  stubs.o ABSOLUTE
    _printf_str                              0x00000000   Number         0  stubs.o ABSOLUTE
    _printf_truncate_signed                  0x00000000   Number         0  stubs.o ABSOLUTE
    _printf_truncate_unsigned                0x00000000   Number         0  stubs.o ABSOLUTE
    _printf_u                                0x00000000   Number         0  stubs.o ABSOLUTE
    _printf_wc                               0x00000000   Number         0  stubs.o ABSOLUTE
    _printf_wctomb                           0x00000000   Number         0  stubs.o ABSOLUTE
    _printf_widthprec                        0x00000000   Number         0  stubs.o ABSOLUTE
    _printf_x                                0x00000000   Number         0  stubs.o ABSOLUTE
    __cpp_initialize__aeabi_                  - Undefined Weak Reference
    __cxa_finalize                            - Undefined Weak Reference
    __decompress                              - Undefined Weak Reference
    _clock_init                               - Undefined Weak Reference
    _microlib_exit                            - Undefined Weak Reference
    _scanf_longlong                           - Undefined Weak Reference
    _scanf_real                               - Undefined Weak Reference
    __Vectors_Size                           0x00000188   Number         0  startup_stm32f407xx.o ABSOLUTE
    __Vectors                                0x08020000   Data           4  startup_stm32f407xx.o(RESET)
    __Vectors_End                            0x08020188   Data           0  startup_stm32f407xx.o(RESET)
    __main                                   0x08020189   Thumb Code     0  entry.o(.ARM.Collect$$$$00000000)
    _main_stk                                0x08020189   Thumb Code     0  entry2.o(.ARM.Collect$$$$00000001)
    _main_scatterload                        0x0802018d   Thumb Code     0  entry5.o(.ARM.Collect$$$$00000004)
    __main_after_scatterload                 0x08020191   Thumb Code     0  entry5.o(.ARM.Collect$$$$00000004)
    _main_clock                              0x08020191   Thumb Code     0  entry7b.o(.ARM.Collect$$$$00000008)
    _main_cpp_init                           0x08020191   Thumb Code     0  entry8b.o(.ARM.Collect$$$$0000000A)
    _main_init                               0x08020191   Thumb Code     0  entry9a.o(.ARM.Collect$$$$0000000B)
    __rt_final_cpp                           0x08020199   Thumb Code     0  entry10a.o(.ARM.Collect$$$$0000000D)
    __rt_final_exit                          0x08020199   Thumb Code     0  entry11a.o(.ARM.Collect$$$$0000000F)
    Reset_Handler                            0x0802019d   Thumb Code     8  startup_stm32f407xx.o(.text)
    ADC_IRQHandler                           0x080201b7   Thumb Code     0  startup_stm32f407xx.o(.text)
    CAN1_RX0_IRQHandler                      0x080201b7   Thumb Code     0  startup_stm32f407xx.o(.text)
    CAN1_RX1_IRQHandler                      0x080201b7   Thumb Code     0  startup_stm32f407xx.o(.text)
    CAN1_SCE_IRQHandler                      0x080201b7   Thumb Code     0  startup_stm32f407xx.o(.text)
    CAN1_TX_IRQHandler                       0x080201b7   Thumb Code     0  startup_stm32f407xx.o(.text)
    CAN2_RX0_IRQHandler                      0x080201b7   Thumb Code     0  startup_stm32f407xx.o(.text)
    CAN2_RX1_IRQHandler                      0x080201b7   Thumb Code     0  startup_stm32f407xx.o(.text)
    CAN2_SCE_IRQHandler                      0x080201b7   Thumb Code     0  startup_stm32f407xx.o(.text)
    CAN2_TX_IRQHandler                       0x080201b7   Thumb Code     0  startup_stm32f407xx.o(.text)
    DCMI_IRQHandler                          0x080201b7   Thumb Code     0  startup_stm32f407xx.o(.text)
    DMA1_Stream0_IRQHandler                  0x080201b7   Thumb Code     0  startup_stm32f407xx.o(.text)
    DMA1_Stream2_IRQHandler                  0x080201b7   Thumb Code     0  startup_stm32f407xx.o(.text)
    DMA1_Stream4_IRQHandler                  0x080201b7   Thumb Code     0  startup_stm32f407xx.o(.text)
    DMA1_Stream5_IRQHandler                  0x080201b7   Thumb Code     0  startup_stm32f407xx.o(.text)
    DMA1_Stream6_IRQHandler                  0x080201b7   Thumb Code     0  startup_stm32f407xx.o(.text)
    DMA1_Stream7_IRQHandler                  0x080201b7   Thumb Code     0  startup_stm32f407xx.o(.text)
    DMA2_Stream0_IRQHandler                  0x080201b7   Thumb Code     0  startup_stm32f407xx.o(.text)
    DMA2_Stream1_IRQHandler                  0x080201b7   Thumb Code     0  startup_stm32f407xx.o(.text)
    DMA2_Stream2_IRQHandler                  0x080201b7   Thumb Code     0  startup_stm32f407xx.o(.text)
    DMA2_Stream3_IRQHandler                  0x080201b7   Thumb Code     0  startup_stm32f407xx.o(.text)
    DMA2_Stream4_IRQHandler                  0x080201b7   Thumb Code     0  startup_stm32f407xx.o(.text)
    DMA2_Stream5_IRQHandler                  0x080201b7   Thumb Code     0  startup_stm32f407xx.o(.text)
    DMA2_Stream6_IRQHandler                  0x080201b7   Thumb Code     0  startup_stm32f407xx.o(.text)
    DMA2_Stream7_IRQHandler                  0x080201b7   Thumb Code     0  startup_stm32f407xx.o(.text)
    ETH_IRQHandler                           0x080201b7   Thumb Code     0  startup_stm32f407xx.o(.text)
    ETH_WKUP_IRQHandler                      0x080201b7   Thumb Code     0  startup_stm32f407xx.o(.text)
    EXTI0_IRQHandler                         0x080201b7   Thumb Code     0  startup_stm32f407xx.o(.text)
    EXTI15_10_IRQHandler                     0x080201b7   Thumb Code     0  startup_stm32f407xx.o(.text)
    EXTI1_IRQHandler                         0x080201b7   Thumb Code     0  startup_stm32f407xx.o(.text)
    EXTI2_IRQHandler                         0x080201b7   Thumb Code     0  startup_stm32f407xx.o(.text)
    EXTI3_IRQHandler                         0x080201b7   Thumb Code     0  startup_stm32f407xx.o(.text)
    EXTI4_IRQHandler                         0x080201b7   Thumb Code     0  startup_stm32f407xx.o(.text)
    EXTI9_5_IRQHandler                       0x080201b7   Thumb Code     0  startup_stm32f407xx.o(.text)
    FLASH_IRQHandler                         0x080201b7   Thumb Code     0  startup_stm32f407xx.o(.text)
    FMC_IRQHandler                           0x080201b7   Thumb Code     0  startup_stm32f407xx.o(.text)
    FPU_IRQHandler                           0x080201b7   Thumb Code     0  startup_stm32f407xx.o(.text)
    HASH_RNG_IRQHandler                      0x080201b7   Thumb Code     0  startup_stm32f407xx.o(.text)
    I2C1_ER_IRQHandler                       0x080201b7   Thumb Code     0  startup_stm32f407xx.o(.text)
    I2C1_EV_IRQHandler                       0x080201b7   Thumb Code     0  startup_stm32f407xx.o(.text)
    I2C2_ER_IRQHandler                       0x080201b7   Thumb Code     0  startup_stm32f407xx.o(.text)
    I2C2_EV_IRQHandler                       0x080201b7   Thumb Code     0  startup_stm32f407xx.o(.text)
    I2C3_ER_IRQHandler                       0x080201b7   Thumb Code     0  startup_stm32f407xx.o(.text)
    I2C3_EV_IRQHandler                       0x080201b7   Thumb Code     0  startup_stm32f407xx.o(.text)
    OTG_FS_IRQHandler                        0x080201b7   Thumb Code     0  startup_stm32f407xx.o(.text)
    OTG_FS_WKUP_IRQHandler                   0x080201b7   Thumb Code     0  startup_stm32f407xx.o(.text)
    OTG_HS_EP1_IN_IRQHandler                 0x080201b7   Thumb Code     0  startup_stm32f407xx.o(.text)
    OTG_HS_EP1_OUT_IRQHandler                0x080201b7   Thumb Code     0  startup_stm32f407xx.o(.text)
    OTG_HS_IRQHandler                        0x080201b7   Thumb Code     0  startup_stm32f407xx.o(.text)
    OTG_HS_WKUP_IRQHandler                   0x080201b7   Thumb Code     0  startup_stm32f407xx.o(.text)
    PVD_IRQHandler                           0x080201b7   Thumb Code     0  startup_stm32f407xx.o(.text)
    RCC_IRQHandler                           0x080201b7   Thumb Code     0  startup_stm32f407xx.o(.text)
    RTC_Alarm_IRQHandler                     0x080201b7   Thumb Code     0  startup_stm32f407xx.o(.text)
    RTC_WKUP_IRQHandler                      0x080201b7   Thumb Code     0  startup_stm32f407xx.o(.text)
    SDIO_IRQHandler                          0x080201b7   Thumb Code     0  startup_stm32f407xx.o(.text)
    SPI1_IRQHandler                          0x080201b7   Thumb Code     0  startup_stm32f407xx.o(.text)
    SPI2_IRQHandler                          0x080201b7   Thumb Code     0  startup_stm32f407xx.o(.text)
    SPI3_IRQHandler                          0x080201b7   Thumb Code     0  startup_stm32f407xx.o(.text)
    TAMP_STAMP_IRQHandler                    0x080201b7   Thumb Code     0  startup_stm32f407xx.o(.text)
    TIM1_BRK_TIM9_IRQHandler                 0x080201b7   Thumb Code     0  startup_stm32f407xx.o(.text)
    TIM1_CC_IRQHandler                       0x080201b7   Thumb Code     0  startup_stm32f407xx.o(.text)
    TIM1_TRG_COM_TIM11_IRQHandler            0x080201b7   Thumb Code     0  startup_stm32f407xx.o(.text)
    TIM1_UP_TIM10_IRQHandler                 0x080201b7   Thumb Code     0  startup_stm32f407xx.o(.text)
    TIM2_IRQHandler                          0x080201b7   Thumb Code     0  startup_stm32f407xx.o(.text)
    TIM3_IRQHandler                          0x080201b7   Thumb Code     0  startup_stm32f407xx.o(.text)
    TIM4_IRQHandler                          0x080201b7   Thumb Code     0  startup_stm32f407xx.o(.text)
    TIM5_IRQHandler                          0x080201b7   Thumb Code     0  startup_stm32f407xx.o(.text)
    TIM6_DAC_IRQHandler                      0x080201b7   Thumb Code     0  startup_stm32f407xx.o(.text)
    TIM7_IRQHandler                          0x080201b7   Thumb Code     0  startup_stm32f407xx.o(.text)
    TIM8_BRK_TIM12_IRQHandler                0x080201b7   Thumb Code     0  startup_stm32f407xx.o(.text)
    TIM8_CC_IRQHandler                       0x080201b7   Thumb Code     0  startup_stm32f407xx.o(.text)
    TIM8_TRG_COM_TIM14_IRQHandler            0x080201b7   Thumb Code     0  startup_stm32f407xx.o(.text)
    TIM8_UP_TIM13_IRQHandler                 0x080201b7   Thumb Code     0  startup_stm32f407xx.o(.text)
    UART4_IRQHandler                         0x080201b7   Thumb Code     0  startup_stm32f407xx.o(.text)
    UART5_IRQHandler                         0x080201b7   Thumb Code     0  startup_stm32f407xx.o(.text)
    USART2_IRQHandler                        0x080201b7   Thumb Code     0  startup_stm32f407xx.o(.text)
    USART6_IRQHandler                        0x080201b7   Thumb Code     0  startup_stm32f407xx.o(.text)
    WWDG_IRQHandler                          0x080201b7   Thumb Code     0  startup_stm32f407xx.o(.text)
    __aeabi_uldivmod                         0x080201c1   Thumb Code    98  uldiv.o(.text)
    __aeabi_memcpy                           0x08020223   Thumb Code    36  memcpya.o(.text)
    __aeabi_memcpy4                          0x08020223   Thumb Code     0  memcpya.o(.text)
    __aeabi_memcpy8                          0x08020223   Thumb Code     0  memcpya.o(.text)
    __aeabi_memset                           0x08020247   Thumb Code    14  memseta.o(.text)
    __aeabi_memset4                          0x08020247   Thumb Code     0  memseta.o(.text)
    __aeabi_memset8                          0x08020247   Thumb Code     0  memseta.o(.text)
    __aeabi_memclr                           0x08020255   Thumb Code     4  memseta.o(.text)
    __aeabi_memclr4                          0x08020255   Thumb Code     0  memseta.o(.text)
    __aeabi_memclr8                          0x08020255   Thumb Code     0  memseta.o(.text)
    _memset$wrapper                          0x08020259   Thumb Code    18  memseta.o(.text)
    strstr                                   0x0802026b   Thumb Code    36  strstr.o(.text)
    strlen                                   0x0802028f   Thumb Code    14  strlen.o(.text)
    memcmp                                   0x0802029d   Thumb Code    26  memcmp.o(.text)
    strcpy                                   0x080202b7   Thumb Code    18  strcpy.o(.text)
    __0sscanf                                0x080202c9   Thumb Code    48  __0sscanf.o(.text)
    _scanf_int                               0x08020301   Thumb Code   332  _scanf_int.o(.text)
    _scanf_string                            0x0802044d   Thumb Code   224  _scanf_str.o(.text)
    __aeabi_uidiv                            0x0802052d   Thumb Code     0  uidiv.o(.text)
    __aeabi_uidivmod                         0x0802052d   Thumb Code    44  uidiv.o(.text)
    __aeabi_llsl                             0x08020559   Thumb Code    30  llshl.o(.text)
    _ll_shift_l                              0x08020559   Thumb Code     0  llshl.o(.text)
    __aeabi_llsr                             0x08020577   Thumb Code    32  llushr.o(.text)
    _ll_ushift_r                             0x08020577   Thumb Code     0  llushr.o(.text)
    _chval                                   0x08020597   Thumb Code    28  _chval.o(.text)
    __vfscanf_char                           0x080205c1   Thumb Code    20  scanf_char.o(.text)
    _sgetc                                   0x080205dd   Thumb Code    30  _sgetc.o(.text)
    _sbackspace                              0x080205fb   Thumb Code    34  _sgetc.o(.text)
    __scatterload                            0x0802061d   Thumb Code    28  init.o(.text)
    __scatterload_rt2                        0x0802061d   Thumb Code     0  init.o(.text)
    isspace                                  0x08020641   Thumb Code    10  isspace_c.o(.text)
    __vfscanf                                0x0802064d   Thumb Code   808  _scanf.o(.text)
    __ctype_lookup                           0x08020979   Thumb Code    34  ctype_c.o(.text)
    BusFault_Handler                         0x080209a1   Thumb Code     2  stm32f4xx_it.o(i.BusFault_Handler)
    Code_Storage_Done                        0x080209a5   Thumb Code    20  ymodem.o(i.Code_Storage_Done)
    DMA1_Stream1_IRQHandler                  0x080209bd   Thumb Code     6  stm32f4xx_it.o(i.DMA1_Stream1_IRQHandler)
    DMA1_Stream3_IRQHandler                  0x080209c9   Thumb Code     6  stm32f4xx_it.o(i.DMA1_Stream3_IRQHandler)
    DTU_Enter_CMD                            0x08020a79   Thumb Code   180  dtu-4g.o(i.DTU_Enter_CMD)
    DTU_Exit_CMD                             0x08020b8d   Thumb Code    28  dtu-4g.o(i.DTU_Exit_CMD)
    DTU_GetOTAInfo                           0x08020bbd   Thumb Code   176  dtu-4g.o(i.DTU_GetOTAInfo)
    DTU_OTA_Download                         0x08020cd1   Thumb Code   100  dtu-4g.o(i.DTU_OTA_Download)
    DTU_SendData                             0x08020d7d   Thumb Code    26  dtu-4g.o(i.DTU_SendData)
    DTU_SendOTAVersion                       0x08020d9d   Thumb Code    80  dtu-4g.o(i.DTU_SendOTAVersion)
    DTU_Set_Server                           0x08020e5d   Thumb Code   194  dtu-4g.o(i.DTU_Set_Server)
    DTU_Usart_Event                          0x08020fdd   Thumb Code   614  dtu-4g.o(i.DTU_Usart_Event)
    DTU_Working                              0x080213dd   Thumb Code    42  dtu-4g.o(i.DTU_Working)
    DebugMon_Handler                         0x0802140d   Thumb Code     2  stm32f4xx_it.o(i.DebugMon_Handler)
    Error_Handler                            0x0802140f   Thumb Code     4  main.o(i.Error_Handler)
    FLASH_WaitForLastOperation               0x08021511   Thumb Code    72  stm32f4xx_hal_flash.o(i.FLASH_WaitForLastOperation)
    Flash_Read                               0x08021561   Thumb Code    12  ymodem.o(i.Flash_Read)
    Flash_Write                              0x0802156d   Thumb Code    50  ymodem.o(i.Flash_Write)
    HAL_DMA_Abort                            0x0802159f   Thumb Code   146  stm32f4xx_hal_dma.o(i.HAL_DMA_Abort)
    HAL_DMA_Abort_IT                         0x08021631   Thumb Code    36  stm32f4xx_hal_dma.o(i.HAL_DMA_Abort_IT)
    HAL_DMA_IRQHandler                       0x08021655   Thumb Code   412  stm32f4xx_hal_dma.o(i.HAL_DMA_IRQHandler)
    HAL_DMA_Init                             0x080217f5   Thumb Code   206  stm32f4xx_hal_dma.o(i.HAL_DMA_Init)
    HAL_DMA_Start_IT                         0x080218c9   Thumb Code   110  stm32f4xx_hal_dma.o(i.HAL_DMA_Start_IT)
    HAL_Delay                                0x08021939   Thumb Code    32  stm32f4xx_hal.o(i.HAL_Delay)
    HAL_FLASH_Lock                           0x0802195d   Thumb Code    14  stm32f4xx_hal_flash.o(i.HAL_FLASH_Lock)
    HAL_FLASH_Program                        0x08021971   Thumb Code   116  stm32f4xx_hal_flash.o(i.HAL_FLASH_Program)
    HAL_FLASH_Unlock                         0x080219ed   Thumb Code    32  stm32f4xx_hal_flash.o(i.HAL_FLASH_Unlock)
    HAL_GPIO_Init                            0x08021a19   Thumb Code   450  stm32f4xx_hal_gpio.o(i.HAL_GPIO_Init)
    HAL_GetTick                              0x08021c09   Thumb Code     6  stm32f4xx_hal.o(i.HAL_GetTick)
    HAL_IncTick                              0x08021c15   Thumb Code    12  stm32f4xx_hal.o(i.HAL_IncTick)
    HAL_Init                                 0x08021c25   Thumb Code    48  stm32f4xx_hal.o(i.HAL_Init)
    HAL_InitTick                             0x08021c59   Thumb Code    54  stm32f4xx_hal.o(i.HAL_InitTick)
    HAL_MspInit                              0x08021c99   Thumb Code    42  stm32f4xx_hal_msp.o(i.HAL_MspInit)
    HAL_NVIC_EnableIRQ                       0x08021cc9   Thumb Code    26  stm32f4xx_hal_cortex.o(i.HAL_NVIC_EnableIRQ)
    HAL_NVIC_SetPriority                     0x08021ce5   Thumb Code    60  stm32f4xx_hal_cortex.o(i.HAL_NVIC_SetPriority)
    HAL_NVIC_SetPriorityGrouping             0x08021d25   Thumb Code    26  stm32f4xx_hal_cortex.o(i.HAL_NVIC_SetPriorityGrouping)
    HAL_RCC_ClockConfig                      0x08021d49   Thumb Code   288  stm32f4xx_hal_rcc.o(i.HAL_RCC_ClockConfig)
    HAL_RCC_GetPCLK1Freq                     0x08021e7d   Thumb Code    20  stm32f4xx_hal_rcc.o(i.HAL_RCC_GetPCLK1Freq)
    HAL_RCC_GetPCLK2Freq                     0x08021e9d   Thumb Code    20  stm32f4xx_hal_rcc.o(i.HAL_RCC_GetPCLK2Freq)
    HAL_RCC_GetSysClockFreq                  0x08021ebd   Thumb Code    88  stm32f4xx_hal_rcc.o(i.HAL_RCC_GetSysClockFreq)
    HAL_RCC_OscConfig                        0x08021f21   Thumb Code   856  stm32f4xx_hal_rcc.o(i.HAL_RCC_OscConfig)
    HAL_SYSTICK_Config                       0x0802228d   Thumb Code    40  stm32f4xx_hal_cortex.o(i.HAL_SYSTICK_Config)
    HAL_UARTEx_RxEventCallback               0x080222b5   Thumb Code     2  stm32f4xx_hal_uart.o(i.HAL_UARTEx_RxEventCallback)
    HAL_UART_DMAStop                         0x080222b7   Thumb Code   112  stm32f4xx_hal_uart.o(i.HAL_UART_DMAStop)
    HAL_UART_ErrorCallback                   0x08022327   Thumb Code     2  stm32f4xx_hal_uart.o(i.HAL_UART_ErrorCallback)
    HAL_UART_IRQHandler                      0x08022329   Thumb Code   610  stm32f4xx_hal_uart.o(i.HAL_UART_IRQHandler)
    HAL_UART_Init                            0x08022591   Thumb Code    98  stm32f4xx_hal_uart.o(i.HAL_UART_Init)
    HAL_UART_MspInit                         0x080225f5   Thumb Code   322  usart.o(i.HAL_UART_MspInit)
    HAL_UART_Receive_DMA                     0x08022759   Thumb Code    42  stm32f4xx_hal_uart.o(i.HAL_UART_Receive_DMA)
    HAL_UART_RxCpltCallback                  0x08022783   Thumb Code     2  stm32f4xx_hal_uart.o(i.HAL_UART_RxCpltCallback)
    HAL_UART_RxHalfCpltCallback              0x08022785   Thumb Code     2  stm32f4xx_hal_uart.o(i.HAL_UART_RxHalfCpltCallback)
    HAL_UART_Transmit                        0x08022789   Thumb Code   178  stm32f4xx_hal_uart.o(i.HAL_UART_Transmit)
    HAL_UART_TxCpltCallback                  0x0802283b   Thumb Code     2  stm32f4xx_hal_uart.o(i.HAL_UART_TxCpltCallback)
    HardFault_Handler                        0x0802283d   Thumb Code     2  stm32f4xx_it.o(i.HardFault_Handler)
    MQTT_ConnectPack                         0x08022841   Thumb Code   480  mqtt.o(i.MQTT_ConnectPack)
    MQTT_DealPublishData                     0x08022a55   Thumb Code    54  mqtt.o(i.MQTT_DealPublishData)
    MQTT_PublishDataQos0                     0x08022a91   Thumb Code   166  mqtt.o(i.MQTT_PublishDataQos0)
    MQTT_PublishDataQos1                     0x08022b3d   Thumb Code   218  mqtt.o(i.MQTT_PublishDataQos1)
    MQTT_SubscribePack                       0x08022c51   Thumb Code   218  mqtt.o(i.MQTT_SubscribePack)
    MX_DMA_Init                              0x08022d5d   Thumb Code    56  dma.o(i.MX_DMA_Init)
    MX_GPIO_Init                             0x08022d99   Thumb Code    54  gpio.o(i.MX_GPIO_Init)
    MX_USART1_UART_Init                      0x08022dd5   Thumb Code    48  usart.o(i.MX_USART1_UART_Init)
    MX_USART3_UART_Init                      0x08022e0d   Thumb Code    48  usart.o(i.MX_USART3_UART_Init)
    MemManage_Handler                        0x08022e45   Thumb Code     2  stm32f4xx_it.o(i.MemManage_Handler)
    NMI_Handler                              0x08022e47   Thumb Code     2  stm32f4xx_it.o(i.NMI_Handler)
    PendSV_Handler                           0x08022e49   Thumb Code     2  stm32f4xx_it.o(i.PendSV_Handler)
    SVC_Handler                              0x08022e4b   Thumb Code     2  stm32f4xx_it.o(i.SVC_Handler)
    Sort_DeviceInfo                          0x08022e4d   Thumb Code   144  sort.o(i.Sort_DeviceInfo)
    SysTick_Handler                          0x08022f55   Thumb Code     4  stm32f4xx_it.o(i.SysTick_Handler)
    SystemClock_Config                       0x08022f59   Thumb Code   140  main.o(i.SystemClock_Config)
    SystemInit                               0x08022fed   Thumb Code    12  system_stm32f4xx.o(i.SystemInit)
    UART_Start_Receive_DMA                   0x08023329   Thumb Code   134  stm32f4xx_hal_uart.o(i.UART_Start_Receive_DMA)
    USART1_IRQHandler                        0x08023435   Thumb Code     6  stm32f4xx_it.o(i.USART1_IRQHandler)
    USART3_IRQHandler                        0x08023441   Thumb Code    62  stm32f4xx_it.o(i.USART3_IRQHandler)
    UsageFault_Handler                       0x0802348d   Thumb Code     2  stm32f4xx_it.o(i.UsageFault_Handler)
    __0sprintf$6                             0x08023491   Thumb Code    34  printf6.o(i.__0sprintf$6)
    __1sprintf$6                             0x08023491   Thumb Code     0  printf6.o(i.__0sprintf$6)
    __2sprintf                               0x08023491   Thumb Code     0  printf6.o(i.__0sprintf$6)
    __scatterload_copy                       0x080234fd   Thumb Code    14  handlers.o(i.__scatterload_copy)
    __scatterload_null                       0x0802350b   Thumb Code     2  handlers.o(i.__scatterload_null)
    __scatterload_zeroinit                   0x0802350d   Thumb Code    14  handlers.o(i.__scatterload_zeroinit)
    main                                     0x08023869   Thumb Code   210  main.o(i.main)
    malloc                                   0x08023a1d   Thumb Code    92  malloc.o(i.malloc)
    AHBPrescTable                            0x08023a90   Data          16  system_stm32f4xx.o(.constdata)
    APBPrescTable                            0x08023aa0   Data           8  system_stm32f4xx.o(.constdata)
    __ctype_categories                       0x08023aa8   Data          64  ctype_c.o(.constdata)
    Region$$Table$$Base                      0x08023d58   Number         0  anon$$obj.o(Region$$Table)
    Region$$Table$$Limit                     0x08023d78   Number         0  anon$$obj.o(Region$$Table)
    usart_info                               0x20000000   Data          12  usart.o(.data)
    uwTickFreq                               0x2000000c   Data           1  stm32f4xx_hal.o(.data)
    uwTickPrio                               0x20000010   Data           4  stm32f4xx_hal.o(.data)
    uwTick                                   0x20000014   Data           4  stm32f4xx_hal.o(.data)
    SystemCoreClock                          0x20000018   Data           4  system_stm32f4xx.o(.data)
    __microlib_freelist                      0x20000020   Data           4  mvars.o(.data)
    __microlib_freelist_initialised          0x20000024   Data           4  mvars.o(.data)
    huart1                                   0x200000f0   Data          68  usart.o(.bss)
    huart3                                   0x20000134   Data          68  usart.o(.bss)
    hdma_usart3_rx                           0x20000178   Data          96  usart.o(.bss)
    hdma_usart3_tx                           0x200001d8   Data          96  usart.o(.bss)
    pFlash                                   0x20000238   Data          32  stm32f4xx_hal_flash.o(.bss)
    Aliyun_mqtt                              0x20000514   Data        1068  mqtt.o(.bss)
    Dev                                      0x20000a08   Data         290  sort.o(.bss)
    __heap_base                              0x20000b30   Data           0  startup_stm32f407xx.o(HEAP)
    __heap_limit                             0x20000d30   Data           0  startup_stm32f407xx.o(HEAP)
    __initial_sp                             0x20001130   Data           0  startup_stm32f407xx.o(STACK)



==============================================================================

Memory Map of the image

  Image Entry point : 0x08020189

  Load Region LR_IROM1 (Base: 0x08020000, Size: 0x00003da0, Max: 0x00060000, ABSOLUTE)

    Execution Region ER_IROM1 (Exec base: 0x08020000, Load base: 0x08020000, Size: 0x00003d78, Max: 0x00060000, ABSOLUTE)

    Exec Addr    Load Addr    Size         Type   Attr      Idx    E Section Name        Object

    0x08020000   0x08020000   0x00000188   Data   RO            3    RESET               startup_stm32f407xx.o
    0x08020188   0x08020188   0x00000000   Code   RO         2319  * .ARM.Collect$$$$00000000  mc_w.l(entry.o)
    0x08020188   0x08020188   0x00000004   Code   RO         2633    .ARM.Collect$$$$00000001  mc_w.l(entry2.o)
    0x0802018c   0x0802018c   0x00000004   Code   RO         2636    .ARM.Collect$$$$00000004  mc_w.l(entry5.o)
    0x08020190   0x08020190   0x00000000   Code   RO         2638    .ARM.Collect$$$$00000008  mc_w.l(entry7b.o)
    0x08020190   0x08020190   0x00000000   Code   RO         2640    .ARM.Collect$$$$0000000A  mc_w.l(entry8b.o)
    0x08020190   0x08020190   0x00000008   Code   RO         2641    .ARM.Collect$$$$0000000B  mc_w.l(entry9a.o)
    0x08020198   0x08020198   0x00000000   Code   RO         2643    .ARM.Collect$$$$0000000D  mc_w.l(entry10a.o)
    0x08020198   0x08020198   0x00000000   Code   RO         2645    .ARM.Collect$$$$0000000F  mc_w.l(entry11a.o)
    0x08020198   0x08020198   0x00000004   Code   RO         2634    .ARM.Collect$$$$00002712  mc_w.l(entry2.o)
    0x0802019c   0x0802019c   0x00000024   Code   RO            4    .text               startup_stm32f407xx.o
    0x080201c0   0x080201c0   0x00000062   Code   RO         2322    .text               mc_w.l(uldiv.o)
    0x08020222   0x08020222   0x00000024   Code   RO         2324    .text               mc_w.l(memcpya.o)
    0x08020246   0x08020246   0x00000024   Code   RO         2326    .text               mc_w.l(memseta.o)
    0x0802026a   0x0802026a   0x00000024   Code   RO         2328    .text               mc_w.l(strstr.o)
    0x0802028e   0x0802028e   0x0000000e   Code   RO         2330    .text               mc_w.l(strlen.o)
    0x0802029c   0x0802029c   0x0000001a   Code   RO         2332    .text               mc_w.l(memcmp.o)
    0x080202b6   0x080202b6   0x00000012   Code   RO         2334    .text               mc_w.l(strcpy.o)
    0x080202c8   0x080202c8   0x00000038   Code   RO         2627    .text               mc_w.l(__0sscanf.o)
    0x08020300   0x08020300   0x0000014c   Code   RO         2629    .text               mc_w.l(_scanf_int.o)
    0x0802044c   0x0802044c   0x000000e0   Code   RO         2631    .text               mc_w.l(_scanf_str.o)
    0x0802052c   0x0802052c   0x0000002c   Code   RO         2648    .text               mc_w.l(uidiv.o)
    0x08020558   0x08020558   0x0000001e   Code   RO         2650    .text               mc_w.l(llshl.o)
    0x08020576   0x08020576   0x00000020   Code   RO         2652    .text               mc_w.l(llushr.o)
    0x08020596   0x08020596   0x0000001c   Code   RO         2656    .text               mc_w.l(_chval.o)
    0x080205b2   0x080205b2   0x00000002   PAD
    0x080205b4   0x080205b4   0x00000028   Code   RO         2658    .text               mc_w.l(scanf_char.o)
    0x080205dc   0x080205dc   0x00000040   Code   RO         2660    .text               mc_w.l(_sgetc.o)
    0x0802061c   0x0802061c   0x00000024   Code   RO         2673    .text               mc_w.l(init.o)
    0x08020640   0x08020640   0x0000000a   Code   RO         2677    .text               mc_w.l(isspace_c.o)
    0x0802064a   0x0802064a   0x00000002   PAD
    0x0802064c   0x0802064c   0x0000032c   Code   RO         2679    .text               mc_w.l(_scanf.o)
    0x08020978   0x08020978   0x00000028   Code   RO         2683    .text               mc_w.l(ctype_c.o)
    0x080209a0   0x080209a0   0x00000002   Code   RO          364    i.BusFault_Handler  stm32f4xx_it.o
    0x080209a2   0x080209a2   0x00000002   PAD
    0x080209a4   0x080209a4   0x00000018   Code   RO         2218    i.Code_Storage_Done  ymodem.o
    0x080209bc   0x080209bc   0x0000000c   Code   RO          365    i.DMA1_Stream1_IRQHandler  stm32f4xx_it.o
    0x080209c8   0x080209c8   0x0000000c   Code   RO          366    i.DMA1_Stream3_IRQHandler  stm32f4xx_it.o
    0x080209d4   0x080209d4   0x00000028   Code   RO         1344    i.DMA_CalcBaseAndBitshift  stm32f4xx_hal_dma.o
    0x080209fc   0x080209fc   0x00000054   Code   RO         1345    i.DMA_CheckFifoParam  stm32f4xx_hal_dma.o
    0x08020a50   0x08020a50   0x00000028   Code   RO         1346    i.DMA_SetConfig     stm32f4xx_hal_dma.o
    0x08020a78   0x08020a78   0x00000114   Code   RO         2055    i.DTU_Enter_CMD     dtu-4g.o
    0x08020b8c   0x08020b8c   0x00000030   Code   RO         2056    i.DTU_Exit_CMD      dtu-4g.o
    0x08020bbc   0x08020bbc   0x00000114   Code   RO         2057    i.DTU_GetOTAInfo    dtu-4g.o
    0x08020cd0   0x08020cd0   0x000000ac   Code   RO         2058    i.DTU_OTA_Download  dtu-4g.o
    0x08020d7c   0x08020d7c   0x00000020   Code   RO         2059    i.DTU_SendData      dtu-4g.o
    0x08020d9c   0x08020d9c   0x000000c0   Code   RO         2060    i.DTU_SendOTAVersion  dtu-4g.o
    0x08020e5c   0x08020e5c   0x00000180   Code   RO         2061    i.DTU_Set_Server    dtu-4g.o
    0x08020fdc   0x08020fdc   0x00000400   Code   RO         2062    i.DTU_Usart_Event   dtu-4g.o
    0x080213dc   0x080213dc   0x00000030   Code   RO         2063    i.DTU_Working       dtu-4g.o
    0x0802140c   0x0802140c   0x00000002   Code   RO          367    i.DebugMon_Handler  stm32f4xx_it.o
    0x0802140e   0x0802140e   0x00000004   Code   RO           13    i.Error_Handler     main.o
    0x08021412   0x08021412   0x00000002   PAD
    0x08021414   0x08021414   0x00000020   Code   RO         1041    i.FLASH_Program_Byte  stm32f4xx_hal_flash.o
    0x08021434   0x08021434   0x0000002c   Code   RO         1042    i.FLASH_Program_DoubleWord  stm32f4xx_hal_flash.o
    0x08021460   0x08021460   0x00000024   Code   RO         1043    i.FLASH_Program_HalfWord  stm32f4xx_hal_flash.o
    0x08021484   0x08021484   0x00000024   Code   RO         1044    i.FLASH_Program_Word  stm32f4xx_hal_flash.o
    0x080214a8   0x080214a8   0x00000068   Code   RO         1045    i.FLASH_SetErrorCode  stm32f4xx_hal_flash.o
    0x08021510   0x08021510   0x00000050   Code   RO         1046    i.FLASH_WaitForLastOperation  stm32f4xx_hal_flash.o
    0x08021560   0x08021560   0x0000000c   Code   RO         2219    i.Flash_Read        ymodem.o
    0x0802156c   0x0802156c   0x00000032   Code   RO         2220    i.Flash_Write       ymodem.o
    0x0802159e   0x0802159e   0x00000092   Code   RO         1347    i.HAL_DMA_Abort     stm32f4xx_hal_dma.o
    0x08021630   0x08021630   0x00000024   Code   RO         1348    i.HAL_DMA_Abort_IT  stm32f4xx_hal_dma.o
    0x08021654   0x08021654   0x000001a0   Code   RO         1352    i.HAL_DMA_IRQHandler  stm32f4xx_hal_dma.o
    0x080217f4   0x080217f4   0x000000d4   Code   RO         1353    i.HAL_DMA_Init      stm32f4xx_hal_dma.o
    0x080218c8   0x080218c8   0x0000006e   Code   RO         1357    i.HAL_DMA_Start_IT  stm32f4xx_hal_dma.o
    0x08021936   0x08021936   0x00000002   PAD
    0x08021938   0x08021938   0x00000024   Code   RO         1766    i.HAL_Delay         stm32f4xx_hal.o
    0x0802195c   0x0802195c   0x00000014   Code   RO         1050    i.HAL_FLASH_Lock    stm32f4xx_hal_flash.o
    0x08021970   0x08021970   0x0000007c   Code   RO         1055    i.HAL_FLASH_Program  stm32f4xx_hal_flash.o
    0x080219ec   0x080219ec   0x0000002c   Code   RO         1057    i.HAL_FLASH_Unlock  stm32f4xx_hal_flash.o
    0x08021a18   0x08021a18   0x000001f0   Code   RO         1240    i.HAL_GPIO_Init     stm32f4xx_hal_gpio.o
    0x08021c08   0x08021c08   0x0000000c   Code   RO         1772    i.HAL_GetTick       stm32f4xx_hal.o
    0x08021c14   0x08021c14   0x00000010   Code   RO         1778    i.HAL_IncTick       stm32f4xx_hal.o
    0x08021c24   0x08021c24   0x00000034   Code   RO         1779    i.HAL_Init          stm32f4xx_hal.o
    0x08021c58   0x08021c58   0x00000040   Code   RO         1780    i.HAL_InitTick      stm32f4xx_hal.o
    0x08021c98   0x08021c98   0x00000030   Code   RO          468    i.HAL_MspInit       stm32f4xx_hal_msp.o
    0x08021cc8   0x08021cc8   0x0000001a   Code   RO         1629    i.HAL_NVIC_EnableIRQ  stm32f4xx_hal_cortex.o
    0x08021ce2   0x08021ce2   0x00000002   PAD
    0x08021ce4   0x08021ce4   0x00000040   Code   RO         1635    i.HAL_NVIC_SetPriority  stm32f4xx_hal_cortex.o
    0x08021d24   0x08021d24   0x00000024   Code   RO         1636    i.HAL_NVIC_SetPriorityGrouping  stm32f4xx_hal_cortex.o
    0x08021d48   0x08021d48   0x00000134   Code   RO          886    i.HAL_RCC_ClockConfig  stm32f4xx_hal_rcc.o
    0x08021e7c   0x08021e7c   0x00000020   Code   RO          893    i.HAL_RCC_GetPCLK1Freq  stm32f4xx_hal_rcc.o
    0x08021e9c   0x08021e9c   0x00000020   Code   RO          894    i.HAL_RCC_GetPCLK2Freq  stm32f4xx_hal_rcc.o
    0x08021ebc   0x08021ebc   0x00000064   Code   RO          895    i.HAL_RCC_GetSysClockFreq  stm32f4xx_hal_rcc.o
    0x08021f20   0x08021f20   0x0000036c   Code   RO          898    i.HAL_RCC_OscConfig  stm32f4xx_hal_rcc.o
    0x0802228c   0x0802228c   0x00000028   Code   RO         1640    i.HAL_SYSTICK_Config  stm32f4xx_hal_cortex.o
    0x080222b4   0x080222b4   0x00000002   Code   RO          539    i.HAL_UARTEx_RxEventCallback  stm32f4xx_hal_uart.o
    0x080222b6   0x080222b6   0x00000070   Code   RO          551    i.HAL_UART_DMAStop  stm32f4xx_hal_uart.o
    0x08022326   0x08022326   0x00000002   Code   RO          553    i.HAL_UART_ErrorCallback  stm32f4xx_hal_uart.o
    0x08022328   0x08022328   0x00000268   Code   RO          556    i.HAL_UART_IRQHandler  stm32f4xx_hal_uart.o
    0x08022590   0x08022590   0x00000062   Code   RO          557    i.HAL_UART_Init     stm32f4xx_hal_uart.o
    0x080225f2   0x080225f2   0x00000002   PAD
    0x080225f4   0x080225f4   0x00000164   Code   RO          309    i.HAL_UART_MspInit  usart.o
    0x08022758   0x08022758   0x0000002a   Code   RO          561    i.HAL_UART_Receive_DMA  stm32f4xx_hal_uart.o
    0x08022782   0x08022782   0x00000002   Code   RO          563    i.HAL_UART_RxCpltCallback  stm32f4xx_hal_uart.o
    0x08022784   0x08022784   0x00000002   Code   RO          564    i.HAL_UART_RxHalfCpltCallback  stm32f4xx_hal_uart.o
    0x08022786   0x08022786   0x00000002   PAD
    0x08022788   0x08022788   0x000000b2   Code   RO          565    i.HAL_UART_Transmit  stm32f4xx_hal_uart.o
    0x0802283a   0x0802283a   0x00000002   Code   RO          568    i.HAL_UART_TxCpltCallback  stm32f4xx_hal_uart.o
    0x0802283c   0x0802283c   0x00000002   Code   RO          368    i.HardFault_Handler  stm32f4xx_it.o
    0x0802283e   0x0802283e   0x00000002   PAD
    0x08022840   0x08022840   0x00000214   Code   RO         2151    i.MQTT_ConnectPack  mqtt.o
    0x08022a54   0x08022a54   0x0000003c   Code   RO         2152    i.MQTT_DealPublishData  mqtt.o
    0x08022a90   0x08022a90   0x000000ac   Code   RO         2153    i.MQTT_PublishDataQos0  mqtt.o
    0x08022b3c   0x08022b3c   0x000000e0   Code   RO         2154    i.MQTT_PublishDataQos1  mqtt.o
    0x08022c1c   0x08022c1c   0x00000034   Code   RO         2155    i.MQTT_Remaining_Len_Process  mqtt.o
    0x08022c50   0x08022c50   0x0000010c   Code   RO         2156    i.MQTT_SubscribePack  mqtt.o
    0x08022d5c   0x08022d5c   0x0000003c   Code   RO          281    i.MX_DMA_Init       dma.o
    0x08022d98   0x08022d98   0x0000003c   Code   RO          169    i.MX_GPIO_Init      gpio.o
    0x08022dd4   0x08022dd4   0x00000038   Code   RO          310    i.MX_USART1_UART_Init  usart.o
    0x08022e0c   0x08022e0c   0x00000038   Code   RO          311    i.MX_USART3_UART_Init  usart.o
    0x08022e44   0x08022e44   0x00000002   Code   RO          369    i.MemManage_Handler  stm32f4xx_it.o
    0x08022e46   0x08022e46   0x00000002   Code   RO          370    i.NMI_Handler       stm32f4xx_it.o
    0x08022e48   0x08022e48   0x00000002   Code   RO          371    i.PendSV_Handler    stm32f4xx_it.o
    0x08022e4a   0x08022e4a   0x00000002   Code   RO          372    i.SVC_Handler       stm32f4xx_it.o
    0x08022e4c   0x08022e4c   0x00000108   Code   RO         2284    i.Sort_DeviceInfo   sort.o
    0x08022f54   0x08022f54   0x00000004   Code   RO          373    i.SysTick_Handler   stm32f4xx_it.o
    0x08022f58   0x08022f58   0x00000094   Code   RO           14    i.SystemClock_Config  main.o
    0x08022fec   0x08022fec   0x00000010   Code   RO         2018    i.SystemInit        system_stm32f4xx.o
    0x08022ffc   0x08022ffc   0x00000010   Code   RO          570    i.UART_DMAAbortOnError  stm32f4xx_hal_uart.o
    0x0802300c   0x0802300c   0x0000004a   Code   RO          571    i.UART_DMAError     stm32f4xx_hal_uart.o
    0x08023056   0x08023056   0x00000082   Code   RO          572    i.UART_DMAReceiveCplt  stm32f4xx_hal_uart.o
    0x080230d8   0x080230d8   0x0000001a   Code   RO          574    i.UART_DMARxHalfCplt  stm32f4xx_hal_uart.o
    0x080230f2   0x080230f2   0x0000004e   Code   RO          580    i.UART_EndRxTransfer  stm32f4xx_hal_uart.o
    0x08023140   0x08023140   0x0000001c   Code   RO          581    i.UART_EndTxTransfer  stm32f4xx_hal_uart.o
    0x0802315c   0x0802315c   0x000000c0   Code   RO          582    i.UART_Receive_IT   stm32f4xx_hal_uart.o
    0x0802321c   0x0802321c   0x0000010c   Code   RO          583    i.UART_SetConfig    stm32f4xx_hal_uart.o
    0x08023328   0x08023328   0x00000094   Code   RO          584    i.UART_Start_Receive_DMA  stm32f4xx_hal_uart.o
    0x080233bc   0x080233bc   0x00000078   Code   RO          586    i.UART_WaitOnFlagUntilTimeout  stm32f4xx_hal_uart.o
    0x08023434   0x08023434   0x0000000c   Code   RO          374    i.USART1_IRQHandler  stm32f4xx_it.o
    0x08023440   0x08023440   0x0000004c   Code   RO          375    i.USART3_IRQHandler  stm32f4xx_it.o
    0x0802348c   0x0802348c   0x00000002   Code   RO          376    i.UsageFault_Handler  stm32f4xx_it.o
    0x0802348e   0x0802348e   0x00000002   PAD
    0x08023490   0x08023490   0x00000028   Code   RO         2495    i.__0sprintf$6      mc_w.l(printf6.o)
    0x080234b8   0x080234b8   0x00000020   Code   RO         1642    i.__NVIC_SetPriority  stm32f4xx_hal_cortex.o
    0x080234d8   0x080234d8   0x00000024   Code   RO         2064    i.__NVIC_SystemReset  dtu-4g.o
    0x080234fc   0x080234fc   0x0000000e   Code   RO         2688    i.__scatterload_copy  mc_w.l(handlers.o)
    0x0802350a   0x0802350a   0x00000002   Code   RO         2689    i.__scatterload_null  mc_w.l(handlers.o)
    0x0802350c   0x0802350c   0x0000000e   Code   RO         2690    i.__scatterload_zeroinit  mc_w.l(handlers.o)
    0x0802351a   0x0802351a   0x00000002   PAD
    0x0802351c   0x0802351c   0x000002f0   Code   RO         2500    i._printf_core      mc_w.l(printf6.o)
    0x0802380c   0x0802380c   0x00000024   Code   RO         2501    i._printf_post_padding  mc_w.l(printf6.o)
    0x08023830   0x08023830   0x0000002e   Code   RO         2502    i._printf_pre_padding  mc_w.l(printf6.o)
    0x0802385e   0x0802385e   0x0000000a   Code   RO         2504    i._sputc            mc_w.l(printf6.o)
    0x08023868   0x08023868   0x000001b4   Code   RO           15    i.main              main.o
    0x08023a1c   0x08023a1c   0x0000006c   Code   RO         2600    i.malloc            mc_w.l(malloc.o)
    0x08023a88   0x08023a88   0x00000008   Data   RO         1359    .constdata          stm32f4xx_hal_dma.o
    0x08023a90   0x08023a90   0x00000010   Data   RO         2019    .constdata          system_stm32f4xx.o
    0x08023aa0   0x08023aa0   0x00000008   Data   RO         2020    .constdata          system_stm32f4xx.o
    0x08023aa8   0x08023aa8   0x00000040   Data   RO         2684    .constdata          mc_w.l(ctype_c.o)
    0x08023ae8   0x08023ae8   0x00000146   Data   RO         2066    .conststring        dtu-4g.o
    0x08023c2e   0x08023c2e   0x00000002   PAD
    0x08023c30   0x08023c30   0x00000125   Data   RO         2286    .conststring        sort.o
    0x08023d55   0x08023d55   0x00000003   PAD
    0x08023d58   0x08023d58   0x00000020   Data   RO         2686    Region$$Table       anon$$obj.o


    Execution Region RW_IRAM1 (Exec base: 0x20000000, Load base: 0x08023d78, Size: 0x00001130, Max: 0x0001c000, ABSOLUTE)

    Exec Addr    Load Addr    Size         Type   Attr      Idx    E Section Name        Object

    0x20000000   0x08023d78   0x0000000c   Data   RW          313    .data               usart.o
    0x2000000c   0x08023d84   0x0000000c   Data   RW         1786    .data               stm32f4xx_hal.o
    0x20000018   0x08023d90   0x00000004   Data   RW         2021    .data               system_stm32f4xx.o
    0x2000001c   0x08023d94   0x00000001   Data   RW         2067    .data               dtu-4g.o
    0x2000001d   0x08023d95   0x00000003   PAD
    0x20000020   0x08023d98   0x00000004   Data   RW         2654    .data               mc_w.l(mvars.o)
    0x20000024   0x08023d9c   0x00000004   Data   RW         2655    .data               mc_w.l(mvars.o)
    0x20000028        -       0x000000c8   Zero   RW           16    .bss                main.o
    0x200000f0        -       0x00000148   Zero   RW          312    .bss                usart.o
    0x20000238        -       0x00000020   Zero   RW         1058    .bss                stm32f4xx_hal_flash.o
    0x20000258        -       0x000001f4   Zero   RW         2065    .bss                dtu-4g.o
    0x2000044c        -       0x000004f4   Zero   RW         2158    .bss                mqtt.o
    0x20000940        -       0x000001ea   Zero   RW         2285    .bss                sort.o
    0x20000b2a   0x08023da0   0x00000006   PAD
    0x20000b30        -       0x00000200   Zero   RW            2    HEAP                startup_stm32f407xx.o
    0x20000d30        -       0x00000400   Zero   RW            1    STACK               startup_stm32f407xx.o


    Execution Region RW_IRAM2 (Exec base: 0x2001c000, Load base: 0x08023da0, Size: 0x00000000, Max: 0x00004000, ABSOLUTE)

    **** No section assigned to this execution region ****


==============================================================================

Image component sizes


      Code (inc. data)   RO Data    RW Data    ZI Data      Debug   Object Name

        60          4          0          0          0        770   dma.o
      2488       1022        326          1        500      38626   dtu-4g.o
        60          6          0          0          0     656631   gpio.o
       588        234          0          0        200     663075   main.o
      1308        126          0          0       1268       5285   mqtt.o
       264        120        293          0        490        800   sort.o
        36          8        392          0       1536        824   startup_stm32f407xx.o
       180         28          0         12          0       9357   stm32f4xx_hal.o
       198         14          0          0          0      33911   stm32f4xx_hal_cortex.o
      1084         16          8          0          0       7294   stm32f4xx_hal_dma.o
       520         66          0          0         32       6522   stm32f4xx_hal_flash.o
       496         46          0          0          0       1524   stm32f4xx_hal_gpio.o
        48          6          0          0          0        842   stm32f4xx_hal_msp.o
      1348         76          0          0          0       5204   stm32f4xx_hal_rcc.o
      2136         30          0          0          0      15877   stm32f4xx_hal_uart.o
       132         32          0          0          0       6706   stm32f4xx_it.o
        16          4         24          4          0       1111   system_stm32f4xx.o
       468         50          0         12        328       3516   usart.o
        86          4          0          0          0       2529   ymodem.o

    ----------------------------------------------------------------------
     11532       1892       1080         32       4360    1460404   Object Totals
         0          0         32          0          0          0   (incl. Generated)
        16          0          5          3          6          0   (incl. Padding)

    ----------------------------------------------------------------------

      Code (inc. data)   RO Data    RW Data    ZI Data      Debug   Library Member Name

        56          8          0          0          0         84   __0sscanf.o
        28          0          0          0          0         68   _chval.o
       812          4          0          0          0        112   _scanf.o
       332          0          0          0          0         96   _scanf_int.o
       224          0          0          0          0         96   _scanf_str.o
        64          0          0          0          0         84   _sgetc.o
        40          6         64          0          0         68   ctype_c.o
         0          0          0          0          0          0   entry.o
         0          0          0          0          0          0   entry10a.o
         0          0          0          0          0          0   entry11a.o
         8          4          0          0          0          0   entry2.o
         4          0          0          0          0          0   entry5.o
         0          0          0          0          0          0   entry7b.o
         0          0          0          0          0          0   entry8b.o
         8          4          0          0          0          0   entry9a.o
        30          0          0          0          0          0   handlers.o
        36          8          0          0          0         68   init.o
        10          0          0          0          0         68   isspace_c.o
        30          0          0          0          0         68   llshl.o
        32          0          0          0          0         68   llushr.o
       108         16          0          0          0         84   malloc.o
        26          0          0          0          0         80   memcmp.o
        36          0          0          0          0         68   memcpya.o
        36          0          0          0          0        108   memseta.o
         0          0          0          8          0          0   mvars.o
       884         10          0          0          0        420   printf6.o
        40          8          0          0          0         84   scanf_char.o
        18          0          0          0          0         68   strcpy.o
        14          0          0          0          0         68   strlen.o
        36          0          0          0          0         80   strstr.o
        44          0          0          0          0         80   uidiv.o
        98          0          0          0          0         92   uldiv.o

    ----------------------------------------------------------------------
      3060         68         64          8          0       2112   Library Totals
         6          0          0          0          0          0   (incl. Padding)

    ----------------------------------------------------------------------

      Code (inc. data)   RO Data    RW Data    ZI Data      Debug   Library Name

      3054         68         64          8          0       2112   mc_w.l

    ----------------------------------------------------------------------
      3060         68         64          8          0       2112   Library Totals

    ----------------------------------------------------------------------

==============================================================================


      Code (inc. data)   RO Data    RW Data    ZI Data      Debug   

     14592       1960       1144         40       4360    1452676   Grand Totals
     14592       1960       1144         40       4360    1452676   ELF Image Totals
     14592       1960       1144         40          0          0   ROM Totals

==============================================================================

    Total RO  Size (Code + RO Data)                15736 (  15.37kB)
    Total RW  Size (RW Data + ZI Data)              4400 (   4.30kB)
    Total ROM Size (Code + RO Data + RW Data)      15776 (  15.41kB)

==============================================================================

