Component: ARM Compiler 5.06 update 6 (build 750) Tool: armlink [4d35ed]

==============================================================================

Section Cross References

    startup_stm32f103xe.o(RESET) refers to startup_stm32f103xe.o(STACK) for __initial_sp
    startup_stm32f103xe.o(RESET) refers to startup_stm32f103xe.o(.text) for Reset_Handler
    startup_stm32f103xe.o(RESET) refers to stm32f1xx_it.o(i.NMI_Handler) for NMI_Handler
    startup_stm32f103xe.o(RESET) refers to stm32f1xx_it.o(i.HardFault_Handler) for HardFault_Handler
    startup_stm32f103xe.o(RESET) refers to stm32f1xx_it.o(i.MemManage_Handler) for MemManage_Handler
    startup_stm32f103xe.o(RESET) refers to stm32f1xx_it.o(i.BusFault_Handler) for BusFault_Handler
    startup_stm32f103xe.o(RESET) refers to stm32f1xx_it.o(i.UsageFault_Handler) for UsageFault_Handler
    startup_stm32f103xe.o(RESET) refers to stm32f1xx_it.o(i.SVC_Handler) for SVC_Handler
    startup_stm32f103xe.o(RESET) refers to stm32f1xx_it.o(i.DebugMon_Handler) for DebugMon_Handler
    startup_stm32f103xe.o(RESET) refers to stm32f1xx_it.o(i.PendSV_Handler) for PendSV_Handler
    startup_stm32f103xe.o(RESET) refers to stm32f1xx_it.o(i.SysTick_Handler) for SysTick_Handler
    startup_stm32f103xe.o(RESET) refers to stm32f1xx_it.o(i.DMA1_Channel2_IRQHandler) for DMA1_Channel2_IRQHandler
    startup_stm32f103xe.o(RESET) refers to stm32f1xx_it.o(i.DMA1_Channel3_IRQHandler) for DMA1_Channel3_IRQHandler
    startup_stm32f103xe.o(RESET) refers to stm32f1xx_it.o(i.USART1_IRQHandler) for USART1_IRQHandler
    startup_stm32f103xe.o(RESET) refers to stm32f1xx_it.o(i.USART3_IRQHandler) for USART3_IRQHandler
    startup_stm32f103xe.o(.text) refers to system_stm32f1xx.o(i.SystemInit) for SystemInit
    startup_stm32f103xe.o(.text) refers to entry.o(.ARM.Collect$$$$00000000) for __main
    main.o(i.SystemClock_Config) refers to memseta.o(.text) for __aeabi_memclr4
    main.o(i.SystemClock_Config) refers to stm32f1xx_hal_rcc.o(i.HAL_RCC_OscConfig) for HAL_RCC_OscConfig
    main.o(i.SystemClock_Config) refers to stm32f1xx_hal_rcc.o(i.HAL_RCC_ClockConfig) for HAL_RCC_ClockConfig
    main.o(i.main) refers to stm32f1xx_hal.o(i.HAL_Init) for HAL_Init
    main.o(i.main) refers to main.o(i.SystemClock_Config) for SystemClock_Config
    main.o(i.main) refers to gpio.o(i.MX_GPIO_Init) for MX_GPIO_Init
    main.o(i.main) refers to dma.o(i.MX_DMA_Init) for MX_DMA_Init
    main.o(i.main) refers to usart.o(i.MX_USART1_UART_Init) for MX_USART1_UART_Init
    main.o(i.main) refers to usart.o(i.MX_USART3_UART_Init) for MX_USART3_UART_Init
    main.o(i.main) refers to printf8.o(i.__0sprintf$8) for __2sprintf
    main.o(i.main) refers to stm32f1xx_hal_uart.o(i.HAL_UART_Transmit) for HAL_UART_Transmit
    main.o(i.main) refers to dtu-4g.o(i.DTU_Enter_CMD) for DTU_Enter_CMD
    main.o(i.main) refers to dtu-4g.o(i.DTU_Working) for DTU_Working
    main.o(i.main) refers to main.o(.bss) for .bss
    main.o(i.main) refers to usart.o(.bss) for huart1
    dma.o(i.MX_DMA_Init) refers to stm32f1xx_hal_cortex.o(i.HAL_NVIC_SetPriority) for HAL_NVIC_SetPriority
    dma.o(i.MX_DMA_Init) refers to stm32f1xx_hal_cortex.o(i.HAL_NVIC_EnableIRQ) for HAL_NVIC_EnableIRQ
    usart.o(i.HAL_UART_MspDeInit) refers to stm32f1xx_hal_gpio.o(i.HAL_GPIO_DeInit) for HAL_GPIO_DeInit
    usart.o(i.HAL_UART_MspDeInit) refers to stm32f1xx_hal_dma.o(i.HAL_DMA_DeInit) for HAL_DMA_DeInit
    usart.o(i.HAL_UART_MspDeInit) refers to stm32f1xx_hal_cortex.o(i.HAL_NVIC_DisableIRQ) for HAL_NVIC_DisableIRQ
    usart.o(i.HAL_UART_MspInit) refers to stm32f1xx_hal_gpio.o(i.HAL_GPIO_Init) for HAL_GPIO_Init
    usart.o(i.HAL_UART_MspInit) refers to stm32f1xx_hal_cortex.o(i.HAL_NVIC_SetPriority) for HAL_NVIC_SetPriority
    usart.o(i.HAL_UART_MspInit) refers to stm32f1xx_hal_cortex.o(i.HAL_NVIC_EnableIRQ) for HAL_NVIC_EnableIRQ
    usart.o(i.HAL_UART_MspInit) refers to stm32f1xx_hal_dma.o(i.HAL_DMA_Init) for HAL_DMA_Init
    usart.o(i.HAL_UART_MspInit) refers to main.o(i.Error_Handler) for Error_Handler
    usart.o(i.HAL_UART_MspInit) refers to malloc.o(i.malloc) for malloc
    usart.o(i.HAL_UART_MspInit) refers to stm32f1xx_hal_uart.o(i.HAL_UART_Receive_DMA) for HAL_UART_Receive_DMA
    usart.o(i.HAL_UART_MspInit) refers to usart.o(.bss) for .bss
    usart.o(i.HAL_UART_MspInit) refers to usart.o(.data) for .data
    usart.o(i.MX_USART1_UART_Init) refers to stm32f1xx_hal_uart.o(i.HAL_UART_Init) for HAL_UART_Init
    usart.o(i.MX_USART1_UART_Init) refers to main.o(i.Error_Handler) for Error_Handler
    usart.o(i.MX_USART1_UART_Init) refers to usart.o(.bss) for .bss
    usart.o(i.MX_USART3_UART_Init) refers to stm32f1xx_hal_uart.o(i.HAL_UART_Init) for HAL_UART_Init
    usart.o(i.MX_USART3_UART_Init) refers to main.o(i.Error_Handler) for Error_Handler
    usart.o(i.MX_USART3_UART_Init) refers to usart.o(.bss) for .bss
    stm32f1xx_it.o(i.DMA1_Channel2_IRQHandler) refers to stm32f1xx_hal_dma.o(i.HAL_DMA_IRQHandler) for HAL_DMA_IRQHandler
[...]
    dfixul.o(.text) refers to llshl.o(.text) for __aeabi_llsl
    init.o(.text) refers to entry5.o(.ARM.Collect$$$$00000004) for __main_after_scatterload
    isspace_c.o(.text) refers to ctype_c.o(.text) for __ctype_lookup
    _scanf.o(.text) refers (Weak) to _scanf_int.o(.text) for _scanf_int
    _scanf.o(.text) refers (Weak) to _scanf_str.o(.text) for _scanf_string
    depilogue.o(.text) refers to llshl.o(.text) for __aeabi_llsl
    depilogue.o(.text) refers to llushr.o(.text) for __aeabi_llsr
    ctype_c.o(.text) refers to ctype_c.o(.constdata) for .constdata


==============================================================================

Removing Unused input sections from the image.

    Removing main.o(.rev16_text), (4 bytes).
    Removing main.o(.revsh_text), (4 bytes).
    Removing main.o(.rrx_text), (6 bytes).
    Removing gpio.o(.rev16_text), (4 bytes).
    Removing gpio.o(.revsh_text), (4 bytes).
    Removing gpio.o(.rrx_text), (6 bytes).
    Removing dma.o(.rev16_text), (4 bytes).
    Removing dma.o(.revsh_text), (4 bytes).
    Removing dma.o(.rrx_text), (6 bytes).
    Removing usart.o(.rev16_text), (4 bytes).
    Removing usart.o(.revsh_text), (4 bytes).
    Removing usart.o(.rrx_text), (6 bytes).
    Removing usart.o(i.HAL_UART_MspDeInit), (104 bytes).
    Removing stm32f1xx_it.o(.rev16_text), (4 bytes).
    Removing stm32f1xx_it.o(.revsh_text), (4 bytes).
    Removing stm32f1xx_it.o(.rrx_text), (6 bytes).
    Removing stm32f1xx_hal_msp.o(.rev16_text), (4 bytes).
    Removing stm32f1xx_hal_msp.o(.revsh_text), (4 bytes).
    Removing stm32f1xx_hal_msp.o(.rrx_text), (6 bytes).
    Removing stm32f1xx_hal_gpio_ex.o(.rev16_text), (4 bytes).
    Removing stm32f1xx_hal_gpio_ex.o(.revsh_text), (4 bytes).
    Removing stm32f1xx_hal_gpio_ex.o(.rrx_text), (6 bytes).
    Removing stm32f1xx_hal_gpio_ex.o(i.HAL_GPIOEx_ConfigEventout), (20 bytes).
    Removing stm32f1xx_hal_gpio_ex.o(i.HAL_GPIOEx_DisableEventout), (16 bytes).
    Removing stm32f1xx_hal_gpio_ex.o(i.HAL_GPIOEx_EnableEventout), (16 bytes).
    Removing stm32f1xx_hal_tim.o(.rev16_text), (4 bytes).
    Removing stm32f1xx_hal_tim.o(.revsh_text), (4 bytes).
    Removing stm32f1xx_hal_tim.o(.rrx_text), (6 bytes).
    Removing stm32f1xx_hal_tim_ex.o(.rev16_text), (4 bytes).
    Removing stm32f1xx_hal_tim_ex.o(.revsh_text), (4 bytes).
    Removing stm32f1xx_hal_tim_ex.o(.rrx_text), (6 bytes).
    Removing stm32f1xx_hal_uart.o(.rev16_text), (4 bytes).
    Removing stm32f1xx_hal_uart.o(.revsh_text), (4 bytes).
    Removing stm32f1xx_hal_uart.o(.rrx_text), (6 bytes).
    Removing stm32f1xx_hal_uart.o(i.HAL_HalfDuplex_EnableReceiver), (50 bytes).
    Removing stm32f1xx_hal_uart.o(i.HAL_HalfDuplex_EnableTransmitter), (50 bytes).
    Removing stm32f1xx_hal_uart.o(i.HAL_HalfDuplex_Init), (110 bytes).
    Removing stm32f1xx_hal_uart.o(i.HAL_LIN_Init), (130 bytes).
    Removing stm32f1xx_hal_uart.o(i.HAL_LIN_SendBreak), (60 bytes).
    Removing stm32f1xx_hal_uart.o(i.HAL_MultiProcessor_EnterMuteMode), (62 bytes).
    Removing stm32f1xx_hal_uart.o(i.HAL_MultiProcessor_ExitMuteMode), (62 bytes).
    Removing stm32f1xx_hal_uart.o(i.HAL_MultiProcessor_Init), (144 bytes).
    Removing stm32f1xx_hal_uart.o(i.HAL_UARTEx_GetRxEventType), (4 bytes).
    Removing stm32f1xx_hal_uart.o(i.HAL_UARTEx_ReceiveToIdle), (240 bytes).
    Removing stm32f1xx_hal_uart.o(i.HAL_UARTEx_ReceiveToIdle_DMA), (78 bytes).
    Removing stm32f1xx_hal_uart.o(i.HAL_UARTEx_ReceiveToIdle_IT), (78 bytes).
    Removing stm32f1xx_hal_uart.o(i.HAL_UART_Abort), (210 bytes).
    Removing stm32f1xx_hal_uart.o(i.HAL_UART_AbortCpltCallback), (2 bytes).
    Removing stm32f1xx_hal_uart.o(i.HAL_UART_AbortReceive), (148 bytes).
    Removing stm32f1xx_hal_uart.o(i.HAL_UART_AbortReceiveCpltCallback), (2 bytes).
    Removing stm32f1xx_hal_uart.o(i.HAL_UART_AbortReceive_IT), (152 bytes).
    Removing stm32f1xx_hal_uart.o(i.HAL_UART_AbortTransmit), (98 bytes).
    Removing stm32f1xx_hal_uart.o(i.HAL_UART_AbortTransmitCpltCallback), (2 bytes).
    Removing stm32f1xx_hal_uart.o(i.HAL_UART_AbortTransmit_IT), (104 bytes).
    Removing stm32f1xx_hal_uart.o(i.HAL_UART_Abort_IT), (244 bytes).
    Removing stm32f1xx_hal_uart.o(i.HAL_UART_DMAPause), (120 bytes).
    Removing stm32f1xx_hal_uart.o(i.HAL_UART_DMAResume), (114 bytes).
    Removing stm32f1xx_hal_uart.o(i.HAL_UART_DeInit), (54 bytes).
    Removing stm32f1xx_hal_uart.o(i.HAL_UART_GetError), (4 bytes).
    Removing stm32f1xx_hal_uart.o(i.HAL_UART_GetState), (10 bytes).
    Removing stm32f1xx_hal_uart.o(i.HAL_UART_MspDeInit), (2 bytes).
    Removing stm32f1xx_hal_uart.o(i.HAL_UART_MspInit), (2 bytes).
    Removing stm32f1xx_hal_uart.o(i.HAL_UART_Receive), (172 bytes).
    Removing stm32f1xx_hal_uart.o(i.HAL_UART_Receive_IT), (28 bytes).
    Removing stm32f1xx_hal_uart.o(i.HAL_UART_Transmit_DMA), (120 bytes).
    Removing stm32f1xx_hal_uart.o(i.HAL_UART_Transmit_IT), (50 bytes).
    Removing stm32f1xx_hal_uart.o(i.HAL_UART_TxHalfCpltCallback), (2 bytes).
    Removing stm32f1xx_hal_uart.o(i.UART_DMARxAbortCallback), (44 bytes).
    Removing stm32f1xx_hal_uart.o(i.UART_DMARxOnlyAbortCallback), (22 bytes).
    Removing stm32f1xx_hal_uart.o(i.UART_DMATransmitCplt), (66 bytes).
    Removing stm32f1xx_hal_uart.o(i.UART_DMATxAbortCallback), (44 bytes).
    Removing stm32f1xx_hal_uart.o(i.UART_DMATxHalfCplt), (10 bytes).
    Removing stm32f1xx_hal_uart.o(i.UART_DMATxOnlyAbortCallback), (20 bytes).
    Removing stm32f1xx_hal_uart.o(i.UART_Start_Receive_IT), (54 bytes).
    Removing stm32f1xx_hal.o(.rev16_text), (4 bytes).
    Removing stm32f1xx_hal.o(.revsh_text), (4 bytes).
    Removing stm32f1xx_hal.o(.rrx_text), (6 bytes).
    Removing stm32f1xx_hal.o(i.HAL_DBGMCU_DisableDBGSleepMode), (16 bytes).
    Removing stm32f1xx_hal.o(i.HAL_DBGMCU_DisableDBGStandbyMode), (16 bytes).
    Removing stm32f1xx_hal.o(i.HAL_DBGMCU_DisableDBGStopMode), (16 bytes).
    Removing stm32f1xx_hal.o(i.HAL_DBGMCU_EnableDBGSleepMode), (16 bytes).
    Removing stm32f1xx_hal.o(i.HAL_DBGMCU_EnableDBGStandbyMode), (16 bytes).
    Removing stm32f1xx_hal.o(i.HAL_DBGMCU_EnableDBGStopMode), (16 bytes).
    Removing stm32f1xx_hal.o(i.HAL_DeInit), (32 bytes).
    Removing stm32f1xx_hal.o(i.HAL_GetDEVID), (16 bytes).
    Removing stm32f1xx_hal.o(i.HAL_GetHalVersion), (8 bytes).
    Removing stm32f1xx_hal.o(i.HAL_GetREVID), (12 bytes).
    Removing stm32f1xx_hal.o(i.HAL_GetTickFreq), (12 bytes).
    Removing stm32f1xx_hal.o(i.HAL_GetTickPrio), (12 bytes).
    Removing stm32f1xx_hal.o(i.HAL_GetUIDw0), (12 bytes).
    Removing stm32f1xx_hal.o(i.HAL_GetUIDw1), (12 bytes).
    Removing stm32f1xx_hal.o(i.HAL_GetUIDw2), (12 bytes).
    Removing stm32f1xx_hal.o(i.HAL_MspDeInit), (2 bytes).
    Removing stm32f1xx_hal.o(i.HAL_MspInit), (2 bytes).
    Removing stm32f1xx_hal.o(i.HAL_ResumeTick), (14 bytes).
    Removing stm32f1xx_hal.o(i.HAL_SetTickFreq), (36 bytes).
    Removing stm32f1xx_hal.o(i.HAL_SuspendTick), (14 bytes).
    Removing stm32f1xx_hal_rcc.o(.rev16_text), (4 bytes).
    Removing stm32f1xx_hal_rcc.o(.revsh_text), (4 bytes).
    Removing stm32f1xx_hal_rcc.o(.rrx_text), (6 bytes).
    Removing stm32f1xx_hal_rcc.o(i.HAL_RCC_CSSCallback), (2 bytes).
    Removing stm32f1xx_hal_rcc.o(i.HAL_RCC_DeInit), (220 bytes).
    Removing stm32f1xx_hal_rcc.o(i.HAL_RCC_DisableCSS), (12 bytes).
    Removing stm32f1xx_hal_rcc.o(i.HAL_RCC_EnableCSS), (12 bytes).
    Removing stm32f1xx_hal_rcc.o(i.HAL_RCC_GetClockConfig), (64 bytes).
    Removing stm32f1xx_hal_rcc.o(i.HAL_RCC_GetHCLKFreq), (12 bytes).
    Removing stm32f1xx_hal_rcc.o(i.HAL_RCC_GetOscConfig), (144 bytes).
    Removing stm32f1xx_hal_rcc.o(i.HAL_RCC_MCOConfig), (72 bytes).
    Removing stm32f1xx_hal_rcc.o(i.HAL_RCC_NMI_IRQHandler), (24 bytes).
    Removing stm32f1xx_hal_rcc_ex.o(.rev16_text), (4 bytes).
    Removing stm32f1xx_hal_rcc_ex.o(.revsh_text), (4 bytes).
    Removing stm32f1xx_hal_rcc_ex.o(.rrx_text), (6 bytes).
    Removing stm32f1xx_hal_rcc_ex.o(i.HAL_RCCEx_GetPeriphCLKConfig), (52 bytes).
    Removing stm32f1xx_hal_rcc_ex.o(i.HAL_RCCEx_GetPeriphCLKFreq), (184 bytes).
    Removing stm32f1xx_hal_rcc_ex.o(i.HAL_RCCEx_PeriphCLKConfig), (236 bytes).
    Removing stm32f1xx_hal_rcc_ex.o(.constdata), (18 bytes).
    Removing stm32f1xx_hal_gpio.o(.rev16_text), (4 bytes).
    Removing stm32f1xx_hal_gpio.o(.revsh_text), (4 bytes).
    Removing stm32f1xx_hal_gpio.o(.rrx_text), (6 bytes).
    Removing stm32f1xx_hal_gpio.o(i.HAL_GPIO_DeInit), (316 bytes).
    Removing stm32f1xx_hal_gpio.o(i.HAL_GPIO_EXTI_Callback), (2 bytes).
    Removing stm32f1xx_hal_gpio.o(i.HAL_GPIO_EXTI_IRQHandler), (24 bytes).
    Removing stm32f1xx_hal_gpio.o(i.HAL_GPIO_LockPin), (34 bytes).
    Removing stm32f1xx_hal_gpio.o(i.HAL_GPIO_ReadPin), (10 bytes).
    Removing stm32f1xx_hal_gpio.o(i.HAL_GPIO_TogglePin), (16 bytes).
    Removing stm32f1xx_hal_gpio.o(i.HAL_GPIO_WritePin), (10 bytes).
    Removing stm32f1xx_hal_dma.o(.rev16_text), (4 bytes).
    Removing stm32f1xx_hal_dma.o(.revsh_text), (4 bytes).
    Removing stm32f1xx_hal_dma.o(.rrx_text), (6 bytes).
    Removing stm32f1xx_hal_dma.o(i.HAL_DMA_DeInit), (128 bytes).
    Removing stm32f1xx_hal_dma.o(i.HAL_DMA_GetError), (4 bytes).
    Removing stm32f1xx_hal_dma.o(i.HAL_DMA_GetState), (6 bytes).
    Removing stm32f1xx_hal_dma.o(i.HAL_DMA_PollForTransfer), (988 bytes).
    Removing stm32f1xx_hal_dma.o(i.HAL_DMA_RegisterCallback), (74 bytes).
    Removing stm32f1xx_hal_dma.o(i.HAL_DMA_Start), (80 bytes).
    Removing stm32f1xx_hal_dma.o(i.HAL_DMA_UnRegisterCallback), (82 bytes).
    Removing stm32f1xx_hal_cortex.o(.rev16_text), (4 bytes).
    Removing stm32f1xx_hal_cortex.o(.revsh_text), (4 bytes).
    Removing stm32f1xx_hal_cortex.o(.rrx_text), (6 bytes).
    Removing stm32f1xx_hal_cortex.o(i.HAL_NVIC_ClearPendingIRQ), (26 bytes).
    Removing stm32f1xx_hal_cortex.o(i.HAL_NVIC_DisableIRQ), (34 bytes).
    Removing stm32f1xx_hal_cortex.o(i.HAL_NVIC_GetActive), (36 bytes).
    Removing stm32f1xx_hal_cortex.o(i.HAL_NVIC_GetPendingIRQ), (36 bytes).
    Removing stm32f1xx_hal_cortex.o(i.HAL_NVIC_GetPriority), (82 bytes).
    Removing stm32f1xx_hal_cortex.o(i.HAL_NVIC_GetPriorityGrouping), (16 bytes).
    Removing stm32f1xx_hal_cortex.o(i.HAL_NVIC_SetPendingIRQ), (26 bytes).
    Removing stm32f1xx_hal_cortex.o(i.HAL_NVIC_SystemReset), (36 bytes).
    Removing stm32f1xx_hal_cortex.o(i.HAL_SYSTICK_CLKSourceConfig), (24 bytes).
    Removing stm32f1xx_hal_cortex.o(i.HAL_SYSTICK_Callback), (2 bytes).
    Removing stm32f1xx_hal_cortex.o(i.HAL_SYSTICK_IRQHandler), (8 bytes).
    Removing stm32f1xx_hal_pwr.o(.rev16_text), (4 bytes).
    Removing stm32f1xx_hal_pwr.o(.revsh_text), (4 bytes).
    Removing stm32f1xx_hal_pwr.o(.rrx_text), (6 bytes).
    Removing stm32f1xx_hal_pwr.o(i.HAL_PWR_ConfigPVD), (124 bytes).
    Removing stm32f1xx_hal_pwr.o(i.HAL_PWR_DeInit), (24 bytes).
    Removing stm32f1xx_hal_pwr.o(i.HAL_PWR_DisableBkUpAccess), (12 bytes).
    Removing stm32f1xx_hal_pwr.o(i.HAL_PWR_DisablePVD), (12 bytes).
    Removing stm32f1xx_hal_pwr.o(i.HAL_PWR_DisableSEVOnPend), (16 bytes).
    Removing stm32f1xx_hal_pwr.o(i.HAL_PWR_DisableSleepOnExit), (16 bytes).
    Removing stm32f1xx_hal_pwr.o(i.HAL_PWR_DisableWakeUpPin), (28 bytes).
    Removing stm32f1xx_hal_pwr.o(i.HAL_PWR_EnableBkUpAccess), (12 bytes).
    Removing stm32f1xx_hal_pwr.o(i.HAL_PWR_EnablePVD), (12 bytes).
    Removing stm32f1xx_hal_pwr.o(i.HAL_PWR_EnableSEVOnPend), (16 bytes).
    Removing stm32f1xx_hal_pwr.o(i.HAL_PWR_EnableSleepOnExit), (16 bytes).
    Removing stm32f1xx_hal_pwr.o(i.HAL_PWR_EnableWakeUpPin), (28 bytes).
    Removing stm32f1xx_hal_pwr.o(i.HAL_PWR_EnterSLEEPMode), (32 bytes).
    Removing stm32f1xx_hal_pwr.o(i.HAL_PWR_EnterSTANDBYMode), (32 bytes).
    Removing stm32f1xx_hal_pwr.o(i.HAL_PWR_EnterSTOPMode), (68 bytes).
    Removing stm32f1xx_hal_pwr.o(i.HAL_PWR_PVDCallback), (2 bytes).
    Removing stm32f1xx_hal_pwr.o(i.HAL_PWR_PVD_IRQHandler), (28 bytes).
    Removing stm32f1xx_hal_pwr.o(i.PWR_OverloadWfe), (6 bytes).
    Removing stm32f1xx_hal_flash.o(.rev16_text), (4 bytes).
    Removing stm32f1xx_hal_flash.o(.revsh_text), (4 bytes).
    Removing stm32f1xx_hal_flash.o(.rrx_text), (6 bytes).
    Removing stm32f1xx_hal_flash.o(i.HAL_FLASH_EndOfOperationCallback), (2 bytes).
    Removing stm32f1xx_hal_flash.o(i.HAL_FLASH_GetError), (12 bytes).
    Removing stm32f1xx_hal_flash.o(i.HAL_FLASH_IRQHandler), (264 bytes).
    Removing stm32f1xx_hal_flash.o(i.HAL_FLASH_OB_Launch), (4 bytes).
    Removing stm32f1xx_hal_flash.o(i.HAL_FLASH_OB_Lock), (20 bytes).
    Removing stm32f1xx_hal_flash.o(i.HAL_FLASH_OB_Unlock), (36 bytes).
    Removing stm32f1xx_hal_flash.o(i.HAL_FLASH_OperationErrorCallback), (2 bytes).
    Removing stm32f1xx_hal_flash.o(i.HAL_FLASH_Program_IT), (100 bytes).
    Removing stm32f1xx_hal_flash_ex.o(.rev16_text), (4 bytes).
    Removing stm32f1xx_hal_flash_ex.o(.revsh_text), (4 bytes).
    Removing stm32f1xx_hal_flash_ex.o(.rrx_text), (6 bytes).
    Removing stm32f1xx_hal_flash_ex.o(i.FLASH_MassErase), (36 bytes).
    Removing stm32f1xx_hal_flash_ex.o(i.FLASH_OB_DisableWRP), (176 bytes).
    Removing stm32f1xx_hal_flash_ex.o(i.FLASH_OB_EnableWRP), (176 bytes).
    Removing stm32f1xx_hal_flash_ex.o(i.FLASH_OB_GetRDP), (24 bytes).
    Removing stm32f1xx_hal_flash_ex.o(i.FLASH_OB_RDP_LevelConfig), (100 bytes).
    Removing stm32f1xx_hal_flash_ex.o(i.FLASH_PageErase), (36 bytes).
    Removing stm32f1xx_hal_flash_ex.o(i.HAL_FLASHEx_Erase), (168 bytes).
    Removing stm32f1xx_hal_flash_ex.o(i.HAL_FLASHEx_Erase_IT), (84 bytes).
    Removing stm32f1xx_hal_flash_ex.o(i.HAL_FLASHEx_OBErase), (84 bytes).
    Removing stm32f1xx_hal_flash_ex.o(i.HAL_FLASHEx_OBGetConfig), (36 bytes).
    Removing stm32f1xx_hal_flash_ex.o(i.HAL_FLASHEx_OBGetUserData), (32 bytes).
    Removing stm32f1xx_hal_flash_ex.o(i.HAL_FLASHEx_OBProgram), (200 bytes).
    Removing stm32f1xx_hal_exti.o(.rev16_text), (4 bytes).
    Removing stm32f1xx_hal_exti.o(.revsh_text), (4 bytes).
    Removing stm32f1xx_hal_exti.o(.rrx_text), (6 bytes).
    Removing stm32f1xx_hal_exti.o(i.HAL_EXTI_ClearConfigLine), (104 bytes).
    Removing stm32f1xx_hal_exti.o(i.HAL_EXTI_ClearPending), (20 bytes).
    Removing stm32f1xx_hal_exti.o(i.HAL_EXTI_GenerateSWI), (20 bytes).
    Removing stm32f1xx_hal_exti.o(i.HAL_EXTI_GetConfigLine), (140 bytes).
    Removing stm32f1xx_hal_exti.o(i.HAL_EXTI_GetHandle), (12 bytes).
    Removing stm32f1xx_hal_exti.o(i.HAL_EXTI_GetPending), (24 bytes).
    Removing stm32f1xx_hal_exti.o(i.HAL_EXTI_IRQHandler), (36 bytes).
    Removing stm32f1xx_hal_exti.o(i.HAL_EXTI_RegisterCallback), (14 bytes).
    Removing stm32f1xx_hal_exti.o(i.HAL_EXTI_SetConfigLine), (164 bytes).
    Removing system_stm32f1xx.o(.rev16_text), (4 bytes).
    Removing system_stm32f1xx.o(.revsh_text), (4 bytes).
    Removing system_stm32f1xx.o(.rrx_text), (6 bytes).
    Removing system_stm32f1xx.o(i.SystemCoreClockUpdate), (104 bytes).
    Removing dtu-4g.o(.rev16_text), (4 bytes).
    Removing dtu-4g.o(.revsh_text), (4 bytes).
    Removing dtu-4g.o(.rrx_text), (6 bytes).
    Removing mqtt.o(.rev16_text), (4 bytes).
    Removing mqtt.o(.revsh_text), (4 bytes).
    Removing mqtt.o(.rrx_text), (6 bytes).
    Removing mqtt.o(i.MQTT_UnSubscribePack), (244 bytes).
    Removing ymodem.o(.rev16_text), (4 bytes).
    Removing ymodem.o(.revsh_text), (4 bytes).
    Removing ymodem.o(.rrx_text), (6 bytes).
    Removing ymodem.o(i.Check_CRC), (76 bytes).
    Removing ymodem.o(i.Send_Command), (28 bytes).
    Removing ymodem.o(i.YModem_Update), (548 bytes).
    Removing ymodem.o(i.fputc), (24 bytes).
    Removing ymodem.o(.bss), (512 bytes).
    Removing ymodem.o(.data), (3 bytes).
    Removing dadd.o(.text), (334 bytes).
    Removing dmul.o(.text), (228 bytes).
    Removing ddiv.o(.text), (222 bytes).
    Removing dfixul.o(.text), (48 bytes).
    Removing cdrcmple.o(.text), (48 bytes).
    Removing depilogue.o(.text), (186 bytes).

235 unused section(s) (total 12119 bytes) removed from the image.

==============================================================================

Image Symbol Table

    Local Symbols

    Symbol Name                              Value     Ov Type        Size  Object(Section)

    ../Core/Src/dma.c                        0x00000000   Number         0  dma.o ABSOLUTE
    ../Core/Src/gpio.c                       0x00000000   Number         0  gpio.o ABSOLUTE
    ../Core/Src/main.c                       0x00000000   Number         0  main.o ABSOLUTE
    ../Core/Src/stm32f1xx_hal_msp.c          0x00000000   Number         0  stm32f1xx_hal_msp.o ABSOLUTE
    ../Core/Src/stm32f1xx_it.c               0x00000000   Number         0  stm32f1xx_it.o ABSOLUTE
    ../Core/Src/system_stm32f1xx.c           0x00000000   Number         0  system_stm32f1xx.o ABSOLUTE
    ../Core/Src/usart.c                      0x00000000   Number         0  usart.o ABSOLUTE
    ../Drivers/STM32F1xx_HAL_Driver/Src/stm32f1xx_hal.c 0x00000000   Number         0  stm32f1xx_hal.o ABSOLUTE
    ../Drivers/STM32F1xx_HAL_Driver/Src/stm32f1xx_hal_cortex.c 0x00000000   Number         0  stm32f1xx_hal_cortex.o ABSOLUTE
    ../Drivers/STM32F1xx_HAL_Driver/Src/stm32f1xx_hal_dma.c 0x00000000   Number         0  stm32f1xx_hal_dma.o ABSOLUTE
    ../Drivers/STM32F1xx_HAL_Driver/Src/stm32f1xx_hal_exti.c 0x00000000   Number         0  stm32f1xx_hal_exti.o ABSOLUTE
    ../Drivers/STM32F1xx_HAL_Driver/Src/stm32f1xx_hal_flash.c 0x00000000   Number         0  stm32f1xx_hal_flash.o ABSOLUTE
    ../Drivers/STM32F1xx_HAL_Driver/Src/stm32f1xx_hal_flash_ex.c 0x00000000   Number         0  stm32f1xx_hal_flash_ex.o ABSOLUTE
    ../Drivers/STM32F1xx_HAL_Driver/Src/stm32f1xx_hal_gpio.c 0x00000000   Number         0  stm32f1xx_hal_gpio.o ABSOLUTE
    ../Drivers/STM32F1xx_HAL_Driver/Src/stm32f1xx_hal_gpio_ex.c 0x00000000   Number         0  stm32f1xx_hal_gpio_ex.o ABSOLUTE
    ../Drivers/STM32F1xx_HAL_Driver/Src/stm32f1xx_hal_pwr.c 0x00000000   Number         0  stm32f1xx_hal_pwr.o ABSOLUTE
    ../Drivers/STM32F1xx_HAL_Driver/Src/stm32f1xx_hal_rcc.c 0x00000000   Number         0  stm32f1xx_hal_rcc.o ABSOLUTE
    ../Drivers/STM32F1xx_HAL_Driver/Src/stm32f1xx_hal_rcc_ex.c 0x00000000   Number         0  stm32f1xx_hal_rcc_ex.o ABSOLUTE
    ../Drivers/STM32F1xx_HAL_Driver/Src/stm32f1xx_hal_tim.c 0x00000000   Number         0  stm32f1xx_hal_tim.o ABSOLUTE
    ../Drivers/STM32F1xx_HAL_Driver/Src/stm32f1xx_hal_tim_ex.c 0x00000000   Number         0  stm32f1xx_hal_tim_ex.o ABSOLUTE
    ../Drivers/STM32F1xx_HAL_Driver/Src/stm32f1xx_hal_uart.c 0x00000000   Number         0  stm32f1xx_hal_uart.o ABSOLUTE
    ../clib/microlib/ctype/ctype.c           0x00000000   Number         0  ctype_c.o ABSOLUTE
    ../clib/microlib/ctype/ctype.c           0x00000000   Number         0  isspace_c.o ABSOLUTE
    ../clib/microlib/division.c              0x00000000   Number         0  uidiv.o ABSOLUTE
    ../clib/microlib/division.c              0x00000000   Number         0  uldiv.o ABSOLUTE
    ../clib/microlib/init/entry.s            0x00000000   Number         0  entry11b.o ABSOLUTE
    ../clib/microlib/init/entry.s            0x00000000   Number         0  entry.o ABSOLUTE
    ../clib/microlib/init/entry.s            0x00000000   Number         0  entry7a.o ABSOLUTE
    ../clib/microlib/init/entry.s            0x00000000   Number         0  entry8b.o ABSOLUTE
    ../clib/microlib/init/entry.s            0x00000000   Number         0  entry5.o ABSOLUTE
    ../clib/microlib/init/entry.s            0x00000000   Number         0  entry10b.o ABSOLUTE
    ../clib/microlib/init/entry.s            0x00000000   Number         0  entry8a.o ABSOLUTE
    ../clib/microlib/init/entry.s            0x00000000   Number         0  entry7b.o ABSOLUTE
    ../clib/microlib/init/entry.s            0x00000000   Number         0  entry11a.o ABSOLUTE
    ../clib/microlib/init/entry.s            0x00000000   Number         0  entry9a.o ABSOLUTE
    ../clib/microlib/init/entry.s            0x00000000   Number         0  entry9b.o ABSOLUTE
    ../clib/microlib/init/entry.s            0x00000000   Number         0  entry10a.o ABSOLUTE
    ../clib/microlib/init/entry.s            0x00000000   Number         0  entry2.o ABSOLUTE
    ../clib/microlib/longlong.c              0x00000000   Number         0  llsshr.o ABSOLUTE
    ../clib/microlib/longlong.c              0x00000000   Number         0  llshl.o ABSOLUTE
    ../clib/microlib/longlong.c              0x00000000   Number         0  llushr.o ABSOLUTE
    ../clib/microlib/malloc/malloc.c         0x00000000   Number         0  malloc.o ABSOLUTE
    ../clib/microlib/malloc/malloc.c         0x00000000   Number         0  mallocr.o ABSOLUTE
    ../clib/microlib/malloc/malloc.c         0x00000000   Number         0  mallocra.o ABSOLUTE
    ../clib/microlib/malloc/malloc.c         0x00000000   Number         0  malloca.o ABSOLUTE
    ../clib/microlib/malloc/mvars.c          0x00000000   Number         0  mvars.o ABSOLUTE
    ../clib/microlib/printf/printf.c         0x00000000   Number         0  printfb.o ABSOLUTE
    ../clib/microlib/printf/printf.c         0x00000000   Number         0  printf0.o ABSOLUTE
    ../clib/microlib/printf/printf.c         0x00000000   Number         0  printf1.o ABSOLUTE
    ../clib/microlib/printf/printf.c         0x00000000   Number         0  printf6.o ABSOLUTE
    ../clib/microlib/printf/printf.c         0x00000000   Number         0  printf5.o ABSOLUTE
    ../clib/microlib/printf/printf.c         0x00000000   Number         0  printf4.o ABSOLUTE
    ../clib/microlib/printf/printf.c         0x00000000   Number         0  printf3.o ABSOLUTE
    ../clib/microlib/printf/printf.c         0x00000000   Number         0  printfa.o ABSOLUTE
    ../clib/microlib/printf/printf.c         0x00000000   Number         0  printf8.o ABSOLUTE
    ../clib/microlib/printf/printf.c         0x00000000   Number         0  printf7.o ABSOLUTE
    ../clib/microlib/printf/printf.c         0x00000000   Number         0  printf2.o ABSOLUTE
    ../clib/microlib/printf/stubs.s          0x00000000   Number         0  stubs.o ABSOLUTE
    ../clib/microlib/stdio/streams.c         0x00000000   Number         0  stdout.o ABSOLUTE
    ../clib/microlib/string/memcmp.c         0x00000000   Number         0  memcmp.o ABSOLUTE
    ../clib/microlib/string/memcpy.c         0x00000000   Number         0  memcpyb.o ABSOLUTE
    ../clib/microlib/string/memcpy.c         0x00000000   Number         0  memcpya.o ABSOLUTE
    ../clib/microlib/string/memset.c         0x00000000   Number         0  memseta.o ABSOLUTE
    ../clib/microlib/string/strlen.c         0x00000000   Number         0  strlen.o ABSOLUTE
    ../clib/microlib/string/strstr.c         0x00000000   Number         0  strstr.o ABSOLUTE
    ../clib/microlib/stubs.s                 0x00000000   Number         0  iusefp.o ABSOLUTE
    ../clib/scanf.c                          0x00000000   Number         0  _chval.o ABSOLUTE
    ../clib/scanf.c                          0x00000000   Number         0  scanf_char.o ABSOLUTE
    ../clib/scanf.c                          0x00000000   Number         0  _sgetc.o ABSOLUTE
    ../clib/scanf.c                          0x00000000   Number         0  __0sscanf.o ABSOLUTE
    ../clib/scanf.c                          0x00000000   Number         0  _scanf_str.o ABSOLUTE
    ../clib/scanf.c                          0x00000000   Number         0  _scanf_int.o ABSOLUTE
    ../clib/scanf.c                          0x00000000   Number         0  _scanf.o ABSOLUTE
    ../fplib/microlib/fpadd.c                0x00000000   Number         0  dadd.o ABSOLUTE
    ../fplib/microlib/fpdiv.c                0x00000000   Number         0  ddiv.o ABSOLUTE
    ../fplib/microlib/fpepilogue.c           0x00000000   Number         0  depilogue.o ABSOLUTE
    ../fplib/microlib/fpfix.c                0x00000000   Number         0  dfixul.o ABSOLUTE
    ../fplib/microlib/fpmul.c                0x00000000   Number         0  dmul.o ABSOLUTE
    ..\Core\Src\dma.c                        0x00000000   Number         0  dma.o ABSOLUTE
    ..\Core\Src\gpio.c                       0x00000000   Number         0  gpio.o ABSOLUTE
    ..\Core\Src\main.c                       0x00000000   Number         0  main.o ABSOLUTE
    ..\Core\Src\stm32f1xx_hal_msp.c          0x00000000   Number         0  stm32f1xx_hal_msp.o ABSOLUTE
    ..\Core\Src\stm32f1xx_it.c               0x00000000   Number         0  stm32f1xx_it.o ABSOLUTE
    ..\Core\Src\system_stm32f1xx.c           0x00000000   Number         0  system_stm32f1xx.o ABSOLUTE
    ..\Core\Src\usart.c                      0x00000000   Number         0  usart.o ABSOLUTE
    ..\Drivers\STM32F1xx_HAL_Driver\Src\stm32f1xx_hal.c 0x00000000   Number         0  stm32f1xx_hal.o ABSOLUTE
    ..\Drivers\STM32F1xx_HAL_Driver\Src\stm32f1xx_hal_cortex.c 0x00000000   Number         0  stm32f1xx_hal_cortex.o ABSOLUTE
    ..\Drivers\STM32F1xx_HAL_Driver\Src\stm32f1xx_hal_dma.c 0x00000000   Number         0  stm32f1xx_hal_dma.o ABSOLUTE
    ..\Drivers\STM32F1xx_HAL_Driver\Src\stm32f1xx_hal_exti.c 0x00000000   Number         0  stm32f1xx_hal_exti.o ABSOLUTE
    ..\Drivers\STM32F1xx_HAL_Driver\Src\stm32f1xx_hal_flash.c 0x00000000   Number         0  stm32f1xx_hal_flash.o ABSOLUTE
    ..\Drivers\STM32F1xx_HAL_Driver\Src\stm32f1xx_hal_flash_ex.c 0x00000000   Number         0  stm32f1xx_hal_flash_ex.o ABSOLUTE
    ..\Drivers\STM32F1xx_HAL_Driver\Src\stm32f1xx_hal_gpio.c 0x00000000   Number         0  stm32f1xx_hal_gpio.o ABSOLUTE
    ..\Drivers\STM32F1xx_HAL_Driver\Src\stm32f1xx_hal_gpio_ex.c 0x00000000   Number         0  stm32f1xx_hal_gpio_ex.o ABSOLUTE
    ..\Drivers\STM32F1xx_HAL_Driver\Src\stm32f1xx_hal_pwr.c 0x00000000   Number         0  stm32f1xx_hal_pwr.o ABSOLUTE
    ..\Drivers\STM32F1xx_HAL_Driver\Src\stm32f1xx_hal_rcc.c 0x00000000   Number         0  stm32f1xx_hal_rcc.o ABSOLUTE
    ..\Drivers\STM32F1xx_HAL_Driver\Src\stm32f1xx_hal_rcc_ex.c 0x00000000   Number         0  stm32f1xx_hal_rcc_ex.o ABSOLUTE
    ..\Drivers\STM32F1xx_HAL_Driver\Src\stm32f1xx_hal_tim.c 0x00000000   Number         0  stm32f1xx_hal_tim.o ABSOLUTE
    ..\Drivers\STM32F1xx_HAL_Driver\Src\stm32f1xx_hal_tim_ex.c 0x00000000   Number         0  stm32f1xx_hal_tim_ex.o ABSOLUTE
    ..\Drivers\STM32F1xx_HAL_Driver\Src\stm32f1xx_hal_uart.c 0x00000000   Number         0  stm32f1xx_hal_uart.o ABSOLUTE
    ..\OTA\src\dtu-4g.c                      0x00000000   Number         0  dtu-4g.o ABSOLUTE
    ..\OTA\src\mqtt.c                        0x00000000   Number         0  mqtt.o ABSOLUTE
    ..\OTA\src\ymodem.c                      0x00000000   Number         0  ymodem.o ABSOLUTE
    ..\\OTA\\src\\dtu-4g.c                   0x00000000   Number         0  dtu-4g.o ABSOLUTE
    ..\\OTA\\src\\mqtt.c                     0x00000000   Number         0  mqtt.o ABSOLUTE
    ..\\OTA\\src\\ymodem.c                   0x00000000   Number         0  ymodem.o ABSOLUTE
    cdrcmple.s                               0x00000000   Number         0  cdrcmple.o ABSOLUTE
    dc.s                                     0x00000000   Number         0  dc.o ABSOLUTE
    handlers.s                               0x00000000   Number         0  handlers.o ABSOLUTE
    init.s                                   0x00000000   Number         0  init.o ABSOLUTE
    startup_stm32f103xe.s                    0x00000000   Number         0  startup_stm32f103xe.o ABSOLUTE
    RESET                                    0x08009000   Section      304  startup_stm32f103xe.o(RESET)
    .ARM.Collect$$$$00000000                 0x08009130   Section        0  entry.o(.ARM.Collect$$$$00000000)
    .ARM.Collect$$$$00000001                 0x08009130   Section        4  entry2.o(.ARM.Collect$$$$00000001)
    .ARM.Collect$$$$00000004                 0x08009134   Section        4  entry5.o(.ARM.Collect$$$$00000004)
    .ARM.Collect$$$$00000008                 0x08009138   Section        0  entry7b.o(.ARM.Collect$$$$00000008)
    .ARM.Collect$$$$0000000A                 0x08009138   Section        0  entry8b.o(.ARM.Collect$$$$0000000A)
    .ARM.Collect$$$$0000000B                 0x08009138   Section        8  entry9a.o(.ARM.Collect$$$$0000000B)
    .ARM.Collect$$$$0000000D                 0x08009140   Section        0  entry10a.o(.ARM.Collect$$$$0000000D)
    .ARM.Collect$$$$0000000F                 0x08009140   Section        0  entry11a.o(.ARM.Collect$$$$0000000F)
    .ARM.Collect$$$$00002712                 0x08009140   Section        4  entry2.o(.ARM.Collect$$$$00002712)
    __lit__00000000                          0x08009140   Data           4  entry2.o(.ARM.Collect$$$$00002712)
    .text                                    0x08009144   Section       36  startup_stm32f103xe.o(.text)
    .text                                    0x08009168   Section        0  llushr.o(.text)
    .text                                    0x08009188   Section        0  memcpya.o(.text)
    .text                                    0x080091ac   Section        0  memseta.o(.text)
    .text                                    0x080091d0   Section        0  strstr.o(.text)
    .text                                    0x080091f4   Section        0  strlen.o(.text)
    .text                                    0x08009202   Section        0  memcmp.o(.text)
    .text                                    0x0800921c   Section        0  __0sscanf.o(.text)
    .text                                    0x08009254   Section        0  _scanf_int.o(.text)
    .text                                    0x080093a0   Section        0  _scanf_str.o(.text)
    .text                                    0x08009480   Section        0  uldiv.o(.text)
    .text                                    0x080094e2   Section        0  _chval.o(.text)
    .text                                    0x08009500   Section        0  scanf_char.o(.text)
    _scanf_char_input                        0x08009501   Thumb Code    12  scanf_char.o(.text)
    .text                                    0x08009528   Section        0  _sgetc.o(.text)
    .text                                    0x08009568   Section       36  init.o(.text)
    .text                                    0x0800958c   Section        0  llshl.o(.text)
    .text                                    0x080095aa   Section        0  isspace_c.o(.text)
    .text                                    0x080095b4   Section        0  _scanf.o(.text)
    .text                                    0x080098e0   Section        0  ctype_c.o(.text)
    i.BusFault_Handler                       0x08009908   Section        0  stm32f1xx_it.o(i.BusFault_Handler)
    i.Code_Storage_Done                      0x0800990c   Section        0  ymodem.o(i.Code_Storage_Done)
    i.DMA1_Channel2_IRQHandler               0x08009924   Section        0  stm32f1xx_it.o(i.DMA1_Channel2_IRQHandler)
    i.DMA1_Channel3_IRQHandler               0x08009930   Section        0  stm32f1xx_it.o(i.DMA1_Channel3_IRQHandler)
    i.DMA_SetConfig                          0x0800993c   Section        0  stm32f1xx_hal_dma.o(i.DMA_SetConfig)
    DMA_SetConfig                            0x0800993d   Thumb Code    42  stm32f1xx_hal_dma.o(i.DMA_SetConfig)
    i.DTU_Enter_CMD                          0x08009968   Section        0  dtu-4g.o(i.DTU_Enter_CMD)
    i.DTU_Exit_CMD                           0x08009a7c   Section        0  dtu-4g.o(i.DTU_Exit_CMD)
    i.DTU_SendData                           0x08009aac   Section        0  dtu-4g.o(i.DTU_SendData)
    i.DTU_Set_Server                         0x08009acc   Section        0  dtu-4g.o(i.DTU_Set_Server)
    i.DTU_Usart_Event                        0x08009c4c   Section        0  dtu-4g.o(i.DTU_Usart_Event)
    i.DTU_Working                            0x0800a208   Section        0  dtu-4g.o(i.DTU_Working)
    i.DebugMon_Handler                       0x0800a238   Section        0  stm32f1xx_it.o(i.DebugMon_Handler)
    i.Error_Handler                          0x0800a23a   Section        0  main.o(i.Error_Handler)
    i.FLASH_Program_HalfWord                 0x0800a240   Section        0  stm32f1xx_hal_flash.o(i.FLASH_Program_HalfWord)
    FLASH_Program_HalfWord                   0x0800a241   Thumb Code    20  stm32f1xx_hal_flash.o(i.FLASH_Program_HalfWord)
    i.FLASH_SetErrorCode                     0x0800a25c   Section        0  stm32f1xx_hal_flash.o(i.FLASH_SetErrorCode)
    FLASH_SetErrorCode                       0x0800a25d   Thumb Code    84  stm32f1xx_hal_flash.o(i.FLASH_SetErrorCode)
    i.FLASH_WaitForLastOperation             0x0800a2b8   Section        0  stm32f1xx_hal_flash.o(i.FLASH_WaitForLastOperation)
    i.Flash_Write                            0x0800a30c   Section        0  ymodem.o(i.Flash_Write)
    i.HAL_DMA_Abort                          0x0800a33e   Section        0  stm32f1xx_hal_dma.o(i.HAL_DMA_Abort)
    i.HAL_DMA_Abort_IT                       0x0800a384   Section        0  stm32f1xx_hal_dma.o(i.HAL_DMA_Abort_IT)
    i.HAL_DMA_IRQHandler                     0x0800a4b4   Section        0  stm32f1xx_hal_dma.o(i.HAL_DMA_IRQHandler)
    i.HAL_DMA_Init                           0x0800a6fc   Section        0  stm32f1xx_hal_dma.o(i.HAL_DMA_Init)
    i.HAL_DMA_Start_IT                       0x0800a778   Section        0  stm32f1xx_hal_dma.o(i.HAL_DMA_Start_IT)
    i.HAL_Delay                              0x0800a7e8   Section        0  stm32f1xx_hal.o(i.HAL_Delay)
    i.HAL_FLASH_Lock                         0x0800a80c   Section        0  stm32f1xx_hal_flash.o(i.HAL_FLASH_Lock)
    i.HAL_FLASH_Program                      0x0800a820   Section        0  stm32f1xx_hal_flash.o(i.HAL_FLASH_Program)
    i.HAL_FLASH_Unlock                       0x0800a8a0   Section        0  stm32f1xx_hal_flash.o(i.HAL_FLASH_Unlock)
    i.HAL_GPIO_Init                          0x0800a8c8   Section        0  stm32f1xx_hal_gpio.o(i.HAL_GPIO_Init)
    i.HAL_GetTick                            0x0800aac0   Section        0  stm32f1xx_hal.o(i.HAL_GetTick)
    i.HAL_IncTick                            0x0800aacc   Section        0  stm32f1xx_hal.o(i.HAL_IncTick)
    i.HAL_Init                               0x0800aadc   Section        0  stm32f1xx_hal.o(i.HAL_Init)
    i.HAL_InitTick                           0x0800ab00   Section        0  stm32f1xx_hal.o(i.HAL_InitTick)
    i.HAL_MspInit                            0x0800ab40   Section        0  stm32f1xx_hal_msp.o(i.HAL_MspInit)
    i.HAL_NVIC_EnableIRQ                     0x0800ab7c   Section        0  stm32f1xx_hal_cortex.o(i.HAL_NVIC_EnableIRQ)
    i.HAL_NVIC_SetPriority                   0x0800ab98   Section        0  stm32f1xx_hal_cortex.o(i.HAL_NVIC_SetPriority)
    i.HAL_NVIC_SetPriorityGrouping           0x0800abd8   Section        0  stm32f1xx_hal_cortex.o(i.HAL_NVIC_SetPriorityGrouping)
    i.HAL_RCC_ClockConfig                    0x0800abfc   Section        0  stm32f1xx_hal_rcc.o(i.HAL_RCC_ClockConfig)
    i.HAL_RCC_GetPCLK1Freq                   0x0800ad28   Section        0  stm32f1xx_hal_rcc.o(i.HAL_RCC_GetPCLK1Freq)
    i.HAL_RCC_GetPCLK2Freq                   0x0800ad48   Section        0  stm32f1xx_hal_rcc.o(i.HAL_RCC_GetPCLK2Freq)
    i.HAL_RCC_GetSysClockFreq                0x0800ad68   Section        0  stm32f1xx_hal_rcc.o(i.HAL_RCC_GetSysClockFreq)
    i.HAL_RCC_OscConfig                      0x0800adb4   Section        0  stm32f1xx_hal_rcc.o(i.HAL_RCC_OscConfig)
    i.HAL_SYSTICK_Config                     0x0800b0d4   Section        0  stm32f1xx_hal_cortex.o(i.HAL_SYSTICK_Config)
    i.HAL_UARTEx_RxEventCallback             0x0800b0fc   Section        0  stm32f1xx_hal_uart.o(i.HAL_UARTEx_RxEventCallback)
    i.HAL_UART_DMAStop                       0x0800b0fe   Section        0  stm32f1xx_hal_uart.o(i.HAL_UART_DMAStop)
    i.HAL_UART_ErrorCallback                 0x0800b16e   Section        0  stm32f1xx_hal_uart.o(i.HAL_UART_ErrorCallback)
    i.HAL_UART_IRQHandler                    0x0800b170   Section        0  stm32f1xx_hal_uart.o(i.HAL_UART_IRQHandler)
    i.HAL_UART_Init                          0x0800b3dc   Section        0  stm32f1xx_hal_uart.o(i.HAL_UART_Init)
    i.HAL_UART_MspInit                       0x0800b440   Section        0  usart.o(i.HAL_UART_MspInit)
    i.HAL_UART_Receive_DMA                   0x0800b5a0   Section        0  stm32f1xx_hal_uart.o(i.HAL_UART_Receive_DMA)
    i.HAL_UART_RxCpltCallback                0x0800b5bc   Section        0  stm32f1xx_hal_uart.o(i.HAL_UART_RxCpltCallback)
    i.HAL_UART_RxHalfCpltCallback            0x0800b5be   Section        0  stm32f1xx_hal_uart.o(i.HAL_UART_RxHalfCpltCallback)
    i.HAL_UART_Transmit                      0x0800b5c0   Section        0  stm32f1xx_hal_uart.o(i.HAL_UART_Transmit)
    i.HAL_UART_TxCpltCallback                0x0800b65a   Section        0  stm32f1xx_hal_uart.o(i.HAL_UART_TxCpltCallback)
    i.HardFault_Handler                      0x0800b65c   Section        0  stm32f1xx_it.o(i.HardFault_Handler)
    i.MQTT_ConnectPack                       0x0800b660   Section        0  mqtt.o(i.MQTT_ConnectPack)
    i.MQTT_DealPublishData                   0x0800b7cc   Section        0  mqtt.o(i.MQTT_DealPublishData)
    i.MQTT_GetOTAInfo                        0x0800b808   Section        0  mqtt.o(i.MQTT_GetOTAInfo)
    i.MQTT_OTA_Download                      0x0800b928   Section        0  mqtt.o(i.MQTT_OTA_Download)
    i.MQTT_PublishDataQos0                   0x0800b9d0   Section        0  mqtt.o(i.MQTT_PublishDataQos0)
    i.MQTT_PublishDataQos1                   0x0800babc   Section        0  mqtt.o(i.MQTT_PublishDataQos1)
    i.MQTT_Remaining_Len_Process             0x0800bbdc   Section        0  mqtt.o(i.MQTT_Remaining_Len_Process)
    MQTT_Remaining_Len_Process               0x0800bbdd   Thumb Code    46  mqtt.o(i.MQTT_Remaining_Len_Process)
    i.MQTT_SendOTAVersion                    0x0800bc10   Section        0  mqtt.o(i.MQTT_SendOTAVersion)
    i.MQTT_SubscribePack                     0x0800bc8c   Section        0  mqtt.o(i.MQTT_SubscribePack)
    i.MX_DMA_Init                            0x0800bd98   Section        0  dma.o(i.MX_DMA_Init)
    i.MX_GPIO_Init                           0x0800bdd4   Section        0  gpio.o(i.MX_GPIO_Init)
    i.MX_USART1_UART_Init                    0x0800be00   Section        0  usart.o(i.MX_USART1_UART_Init)
    i.MX_USART3_UART_Init                    0x0800be38   Section        0  usart.o(i.MX_USART3_UART_Init)
    i.MemManage_Handler                      0x0800be70   Section        0  stm32f1xx_it.o(i.MemManage_Handler)
    i.NMI_Handler                            0x0800be72   Section        0  stm32f1xx_it.o(i.NMI_Handler)
    i.PendSV_Handler                         0x0800be74   Section        0  stm32f1xx_it.o(i.PendSV_Handler)
    i.SVC_Handler                            0x0800be76   Section        0  stm32f1xx_it.o(i.SVC_Handler)
    i.SysTick_Handler                        0x0800be78   Section        0  stm32f1xx_it.o(i.SysTick_Handler)
    i.SystemClock_Config                     0x0800be7c   Section        0  main.o(i.SystemClock_Config)
    i.SystemInit                             0x0800beda   Section        0  system_stm32f1xx.o(i.SystemInit)
    i.UART_DMAAbortOnError                   0x0800bedc   Section        0  stm32f1xx_hal_uart.o(i.UART_DMAAbortOnError)
    UART_DMAAbortOnError                     0x0800bedd   Thumb Code    16  stm32f1xx_hal_uart.o(i.UART_DMAAbortOnError)
    i.UART_DMAError                          0x0800beec   Section        0  stm32f1xx_hal_uart.o(i.UART_DMAError)
    UART_DMAError                            0x0800beed   Thumb Code    74  stm32f1xx_hal_uart.o(i.UART_DMAError)
    i.UART_DMAReceiveCplt                    0x0800bf36   Section        0  stm32f1xx_hal_uart.o(i.UART_DMAReceiveCplt)
    UART_DMAReceiveCplt                      0x0800bf37   Thumb Code   134  stm32f1xx_hal_uart.o(i.UART_DMAReceiveCplt)
    i.UART_DMARxHalfCplt                     0x0800bfbc   Section        0  stm32f1xx_hal_uart.o(i.UART_DMARxHalfCplt)
    UART_DMARxHalfCplt                       0x0800bfbd   Thumb Code    30  stm32f1xx_hal_uart.o(i.UART_DMARxHalfCplt)
    i.UART_EndRxTransfer                     0x0800bfda   Section        0  stm32f1xx_hal_uart.o(i.UART_EndRxTransfer)
    UART_EndRxTransfer                       0x0800bfdb   Thumb Code    78  stm32f1xx_hal_uart.o(i.UART_EndRxTransfer)
    i.UART_EndTxTransfer                     0x0800c028   Section        0  stm32f1xx_hal_uart.o(i.UART_EndTxTransfer)
    UART_EndTxTransfer                       0x0800c029   Thumb Code    28  stm32f1xx_hal_uart.o(i.UART_EndTxTransfer)
    i.UART_Receive_IT                        0x0800c044   Section        0  stm32f1xx_hal_uart.o(i.UART_Receive_IT)
    UART_Receive_IT                          0x0800c045   Thumb Code   194  stm32f1xx_hal_uart.o(i.UART_Receive_IT)
    i.UART_SetConfig                         0x0800c108   Section        0  stm32f1xx_hal_uart.o(i.UART_SetConfig)
    UART_SetConfig                           0x0800c109   Thumb Code   178  stm32f1xx_hal_uart.o(i.UART_SetConfig)
    i.UART_Start_Receive_DMA                 0x0800c1c0   Section        0  stm32f1xx_hal_uart.o(i.UART_Start_Receive_DMA)
    i.UART_WaitOnFlagUntilTimeout            0x0800c250   Section        0  stm32f1xx_hal_uart.o(i.UART_WaitOnFlagUntilTimeout)
    UART_WaitOnFlagUntilTimeout              0x0800c251   Thumb Code   120  stm32f1xx_hal_uart.o(i.UART_WaitOnFlagUntilTimeout)
    i.USART1_IRQHandler                      0x0800c2c8   Section        0  stm32f1xx_it.o(i.USART1_IRQHandler)
    i.USART3_IRQHandler                      0x0800c2d4   Section        0  stm32f1xx_it.o(i.USART3_IRQHandler)
    i.UsageFault_Handler                     0x0800c320   Section        0  stm32f1xx_it.o(i.UsageFault_Handler)
    i.__0sprintf$8                           0x0800c324   Section        0  printf8.o(i.__0sprintf$8)
    i.__NVIC_SetPriority                     0x0800c34c   Section        0  stm32f1xx_hal_cortex.o(i.__NVIC_SetPriority)
    __NVIC_SetPriority                       0x0800c34d   Thumb Code    32  stm32f1xx_hal_cortex.o(i.__NVIC_SetPriority)
    i.__NVIC_SystemReset                     0x0800c36c   Section        0  dtu-4g.o(i.__NVIC_SystemReset)
    __NVIC_SystemReset                       0x0800c36d   Thumb Code    26  dtu-4g.o(i.__NVIC_SystemReset)
    i.__scatterload_copy                     0x0800c390   Section       14  handlers.o(i.__scatterload_copy)
    i.__scatterload_null                     0x0800c39e   Section        2  handlers.o(i.__scatterload_null)
    i.__scatterload_zeroinit                 0x0800c3a0   Section       14  handlers.o(i.__scatterload_zeroinit)
    i._printf_core                           0x0800c3b0   Section        0  printf8.o(i._printf_core)
    _printf_core                             0x0800c3b1   Thumb Code   996  printf8.o(i._printf_core)
    i._printf_post_padding                   0x0800c7c0   Section        0  printf8.o(i._printf_post_padding)
    _printf_post_padding                     0x0800c7c1   Thumb Code    36  printf8.o(i._printf_post_padding)
    i._printf_pre_padding                    0x0800c7e4   Section        0  printf8.o(i._printf_pre_padding)
    _printf_pre_padding                      0x0800c7e5   Thumb Code    46  printf8.o(i._printf_pre_padding)
    i._sputc                                 0x0800c812   Section        0  printf8.o(i._sputc)
    _sputc                                   0x0800c813   Thumb Code    10  printf8.o(i._sputc)
    i.main                                   0x0800c81c   Section        0  main.o(i.main)
    i.malloc                                 0x0800c9cc   Section        0  malloc.o(i.malloc)
    .constdata                               0x0800ca38   Section       18  stm32f1xx_hal_rcc.o(.constdata)
    aPredivFactorTable                       0x0800ca38   Data           2  stm32f1xx_hal_rcc.o(.constdata)
    aPLLMULFactorTable                       0x0800ca3a   Data          16  stm32f1xx_hal_rcc.o(.constdata)
    .constdata                               0x0800ca4a   Section       16  system_stm32f1xx.o(.constdata)
    .constdata                               0x0800ca5a   Section        8  system_stm32f1xx.o(.constdata)
    .constdata                               0x0800ca62   Section       64  ctype_c.o(.constdata)
    .conststring                             0x0800caa4   Section      478  mqtt.o(.conststring)
    .data                                    0x20000000   Section       12  usart.o(.data)
    .data                                    0x2000000c   Section       12  stm32f1xx_hal.o(.data)
    .data                                    0x20000018   Section        4  system_stm32f1xx.o(.data)
    .data                                    0x2000001c   Section        1  dtu-4g.o(.data)
    Connect_Status                           0x2000001c   Data           1  dtu-4g.o(.data)
    .data                                    0x20000020   Section        4  mvars.o(.data)
    .data                                    0x20000024   Section        4  mvars.o(.data)
    .bss                                     0x20000028   Section      200  main.o(.bss)
    USART1_TX_BUF                            0x20000028   Data         200  main.o(.bss)
    .bss                                     0x200000f0   Section      280  usart.o(.bss)
    .bss                                     0x20000208   Section       32  stm32f1xx_hal_flash.o(.bss)
    .bss                                     0x20000228   Section      400  dtu-4g.o(.bss)
    USART1_TX_BUF                            0x20000228   Data         200  dtu-4g.o(.bss)
    USART3_TX_BUF                            0x200002f0   Data         200  dtu-4g.o(.bss)
    .bss                                     0x200003b8   Section     1268  mqtt.o(.bss)
    USART1_TX_BUF                            0x200003b8   Data         200  mqtt.o(.bss)
    HEAP                                     0x200008b0   Section      512  startup_stm32f103xe.o(HEAP)
    STACK                                    0x20000ab0   Section     1024  startup_stm32f103xe.o(STACK)

    Global Symbols

    Symbol Name                              Value     Ov Type        Size  Object(Section)

    BuildAttributes$$THM_ISAv4$P$D$K$B$S$PE$A:L22UL41UL21$X:L11$S22US41US21$IEEE1$IW$USESV6$~STKCKD$USESV7$~SHL$OSPACE$ROPI$EBA8$MICROLIB$REQ8$PRES8$EABIv2 0x00000000   Number         0  anon$$obj.o ABSOLUTE
    __ARM_use_no_argv                        0x00000000   Number         0  main.o ABSOLUTE
    _printf_a                                0x00000000   Number         0  stubs.o ABSOLUTE
    _printf_c                                0x00000000   Number         0  stubs.o ABSOLUTE
    _printf_charcount                        0x00000000   Number         0  stubs.o ABSOLUTE
    _printf_d                                0x00000000   Number         0  stubs.o ABSOLUTE
    _printf_e                                0x00000000   Number         0  stubs.o ABSOLUTE
    _printf_f                                0x00000000   Number         0  stubs.o ABSOLUTE
    _printf_flags                            0x00000000   Number         0  stubs.o ABSOLUTE
    _printf_fp_dec                           0x00000000   Number         0  stubs.o ABSOLUTE
    _printf_fp_hex                           0x00000000   Number         0  stubs.o ABSOLUTE
    _printf_g                                0x00000000   Number         0  stubs.o ABSOLUTE
    _printf_i                                0x00000000   Number         0  stubs.o ABSOLUTE
    _printf_int_dec                          0x00000000   Number         0  stubs.o ABSOLUTE
    _printf_l                                0x00000000   Number         0  stubs.o ABSOLUTE
    _printf_lc                               0x00000000   Number         0  stubs.o ABSOLUTE
    _printf_ll                               0x00000000   Number         0  stubs.o ABSOLUTE
    _printf_lld                              0x00000000   Number         0  stubs.o ABSOLUTE
    _printf_lli                              0x00000000   Number         0  stubs.o ABSOLUTE
    _printf_llo                              0x00000000   Number         0  stubs.o ABSOLUTE
    _printf_llu                              0x00000000   Number         0  stubs.o ABSOLUTE
    _printf_llx                              0x00000000   Number         0  stubs.o ABSOLUTE
    _printf_longlong_dec                     0x00000000   Number         0  stubs.o ABSOLUTE
    _printf_longlong_hex                     0x00000000   Number         0  stubs.o ABSOLUTE
    _printf_longlong_oct                     0x00000000   Number         0  stubs.o ABSOLUTE
    _printf_ls                               0x00000000   Number         0  stubs.o ABSOLUTE
    _printf_mbtowc                           0x00000000   Number         0  stubs.o ABSOLUTE
    _printf_n                                0x00000000   Number         0  stubs.o ABSOLUTE
    _printf_o                                0x00000000   Number         0  stubs.o ABSOLUTE
    _printf_p                                0x00000000   Number         0  stubs.o ABSOLUTE
    _printf_percent                          0x00000000   Number         0  stubs.o ABSOLUTE
    _printf_pre_padding                      0x00000000   Number         0  stubs.o ABSOLUTE
    _printf_return_value                     0x00000000   Number         0  stubs.o ABSOLUTE
    _printf_s                                0x00000000   Number         0  stubs.o ABSOLUTE
    _printf_sizespec                         0x00000000   Number         0  stubs.o ABSOLUTE
    _printf_str                              0x00000000   Number         0  stubs.o ABSOLUTE
    _printf_truncate_signed                  0x00000000   Number         0  stubs.o ABSOLUTE
    _printf_truncate_unsigned                0x00000000   Number         0  stubs.o ABSOLUTE
    _printf_u                                0x00000000   Number         0  stubs.o ABSOLUTE
    _printf_wc                               0x00000000   Number         0  stubs.o ABSOLUTE
    _printf_wctomb                           0x00000000   Number         0  stubs.o ABSOLUTE
    _printf_widthprec                        0x00000000   Number         0  stubs.o ABSOLUTE
    _printf_x                                0x00000000   Number         0  stubs.o ABSOLUTE
    __cpp_initialize__aeabi_                  - Undefined Weak Reference
    __cxa_finalize                            - Undefined Weak Reference
    __decompress                              - Undefined Weak Reference
    _clock_init                               - Undefined Weak Reference
    _microlib_exit                            - Undefined Weak Reference
    _scanf_longlong                           - Undefined Weak Reference
    _scanf_real                               - Undefined Weak Reference
    __Vectors_Size                           0x00000130   Number         0  startup_stm32f103xe.o ABSOLUTE
    __Vectors                                0x08009000   Data           4  startup_stm32f103xe.o(RESET)
    __Vectors_End                            0x08009130   Data           0  startup_stm32f103xe.o(RESET)
    __main                                   0x08009131   Thumb Code     0  entry.o(.ARM.Collect$$$$00000000)
    _main_stk                                0x08009131   Thumb Code     0  entry2.o(.ARM.Collect$$$$00000001)
    _main_scatterload                        0x08009135   Thumb Code     0  entry5.o(.ARM.Collect$$$$00000004)
    __main_after_scatterload                 0x08009139   Thumb Code     0  entry5.o(.ARM.Collect$$$$00000004)
    _main_clock                              0x08009139   Thumb Code     0  entry7b.o(.ARM.Collect$$$$00000008)
    _main_cpp_init                           0x08009139   Thumb Code     0  entry8b.o(.ARM.Collect$$$$0000000A)
    _main_init                               0x08009139   Thumb Code     0  entry9a.o(.ARM.Collect$$$$0000000B)
    __rt_final_cpp                           0x08009141   Thumb Code     0  entry10a.o(.ARM.Collect$$$$0000000D)
    __rt_final_exit                          0x08009141   Thumb Code     0  entry11a.o(.ARM.Collect$$$$0000000F)
    Reset_Handler                            0x08009145   Thumb Code     8  startup_stm32f103xe.o(.text)
    ADC1_2_IRQHandler                        0x0800915f   Thumb Code     0  startup_stm32f103xe.o(.text)
    ADC3_IRQHandler                          0x0800915f   Thumb Code     0  startup_stm32f103xe.o(.text)
    CAN1_RX1_IRQHandler                      0x0800915f   Thumb Code     0  startup_stm32f103xe.o(.text)
    CAN1_SCE_IRQHandler                      0x0800915f   Thumb Code     0  startup_stm32f103xe.o(.text)
    DMA1_Channel1_IRQHandler                 0x0800915f   Thumb Code     0  startup_stm32f103xe.o(.text)
    DMA1_Channel4_IRQHandler                 0x0800915f   Thumb Code     0  startup_stm32f103xe.o(.text)
    DMA1_Channel5_IRQHandler                 0x0800915f   Thumb Code     0  startup_stm32f103xe.o(.text)
    DMA1_Channel6_IRQHandler                 0x0800915f   Thumb Code     0  startup_stm32f103xe.o(.text)
    DMA1_Channel7_IRQHandler                 0x0800915f   Thumb Code     0  startup_stm32f103xe.o(.text)
    DMA2_Channel1_IRQHandler                 0x0800915f   Thumb Code     0  startup_stm32f103xe.o(.text)
    DMA2_Channel2_IRQHandler                 0x0800915f   Thumb Code     0  startup_stm32f103xe.o(.text)
    DMA2_Channel3_IRQHandler                 0x0800915f   Thumb Code     0  startup_stm32f103xe.o(.text)
    DMA2_Channel4_5_IRQHandler               0x0800915f   Thumb Code     0  startup_stm32f103xe.o(.text)
    EXTI0_IRQHandler                         0x0800915f   Thumb Code     0  startup_stm32f103xe.o(.text)
    EXTI15_10_IRQHandler                     0x0800915f   Thumb Code     0  startup_stm32f103xe.o(.text)
    EXTI1_IRQHandler                         0x0800915f   Thumb Code     0  startup_stm32f103xe.o(.text)
    EXTI2_IRQHandler                         0x0800915f   Thumb Code     0  startup_stm32f103xe.o(.text)
    EXTI3_IRQHandler                         0x0800915f   Thumb Code     0  startup_stm32f103xe.o(.text)
    EXTI4_IRQHandler                         0x0800915f   Thumb Code     0  startup_stm32f103xe.o(.text)
    EXTI9_5_IRQHandler                       0x0800915f   Thumb Code     0  startup_stm32f103xe.o(.text)
    FLASH_IRQHandler                         0x0800915f   Thumb Code     0  startup_stm32f103xe.o(.text)
    FSMC_IRQHandler                          0x0800915f   Thumb Code     0  startup_stm32f103xe.o(.text)
    I2C1_ER_IRQHandler                       0x0800915f   Thumb Code     0  startup_stm32f103xe.o(.text)
    I2C1_EV_IRQHandler                       0x0800915f   Thumb Code     0  startup_stm32f103xe.o(.text)
    I2C2_ER_IRQHandler                       0x0800915f   Thumb Code     0  startup_stm32f103xe.o(.text)
    I2C2_EV_IRQHandler                       0x0800915f   Thumb Code     0  startup_stm32f103xe.o(.text)
    PVD_IRQHandler                           0x0800915f   Thumb Code     0  startup_stm32f103xe.o(.text)
    RCC_IRQHandler                           0x0800915f   Thumb Code     0  startup_stm32f103xe.o(.text)
    RTC_Alarm_IRQHandler                     0x0800915f   Thumb Code     0  startup_stm32f103xe.o(.text)
    RTC_IRQHandler                           0x0800915f   Thumb Code     0  startup_stm32f103xe.o(.text)
    SDIO_IRQHandler                          0x0800915f   Thumb Code     0  startup_stm32f103xe.o(.text)
    SPI1_IRQHandler                          0x0800915f   Thumb Code     0  startup_stm32f103xe.o(.text)
    SPI2_IRQHandler                          0x0800915f   Thumb Code     0  startup_stm32f103xe.o(.text)
    SPI3_IRQHandler                          0x0800915f   Thumb Code     0  startup_stm32f103xe.o(.text)
    TAMPER_IRQHandler                        0x0800915f   Thumb Code     0  startup_stm32f103xe.o(.text)
    TIM1_BRK_IRQHandler                      0x0800915f   Thumb Code     0  startup_stm32f103xe.o(.text)
    TIM1_CC_IRQHandler                       0x0800915f   Thumb Code     0  startup_stm32f103xe.o(.text)
    TIM1_TRG_COM_IRQHandler                  0x0800915f   Thumb Code     0  startup_stm32f103xe.o(.text)
    TIM1_UP_IRQHandler                       0x0800915f   Thumb Code     0  startup_stm32f103xe.o(.text)
    TIM2_IRQHandler                          0x0800915f   Thumb Code     0  startup_stm32f103xe.o(.text)
    TIM3_IRQHandler                          0x0800915f   Thumb Code     0  startup_stm32f103xe.o(.text)
    TIM4_IRQHandler                          0x0800915f   Thumb Code     0  startup_stm32f103xe.o(.text)
    TIM5_IRQHandler                          0x0800915f   Thumb Code     0  startup_stm32f103xe.o(.text)
    TIM6_IRQHandler                          0x0800915f   Thumb Code     0  startup_stm32f103xe.o(.text)
    TIM7_IRQHandler                          0x0800915f   Thumb Code     0  startup_stm32f103xe.o(.text)
    TIM8_BRK_IRQHandler                      0x0800915f   Thumb Code     0  startup_stm32f103xe.o(.text)
    TIM8_CC_IRQHandler                       0x0800915f   Thumb Code     0  startup_stm32f103xe.o(.text)
    TIM8_TRG_COM_IRQHandler                  0x0800915f   Thumb Code     0  startup_stm32f103xe.o(.text)
    TIM8_UP_IRQHandler                       0x0800915f   Thumb Code     0  startup_stm32f103xe.o(.text)
    UART4_IRQHandler                         0x0800915f   Thumb Code     0  startup_stm32f103xe.o(.text)
    UART5_IRQHandler                         0x0800915f   Thumb Code     0  startup_stm32f103xe.o(.text)
    USART2_IRQHandler                        0x0800915f   Thumb Code     0  startup_stm32f103xe.o(.text)
    USBWakeUp_IRQHandler                     0x0800915f   Thumb Code     0  startup_stm32f103xe.o(.text)
    USB_HP_CAN1_TX_IRQHandler                0x0800915f   Thumb Code     0  startup_stm32f103xe.o(.text)
    USB_LP_CAN1_RX0_IRQHandler               0x0800915f   Thumb Code     0  startup_stm32f103xe.o(.text)
    WWDG_IRQHandler                          0x0800915f   Thumb Code     0  startup_stm32f103xe.o(.text)
    __aeabi_llsr                             0x08009169   Thumb Code    32  llushr.o(.text)
    _ll_ushift_r                             0x08009169   Thumb Code     0  llushr.o(.text)
    __aeabi_memcpy                           0x08009189   Thumb Code    36  memcpya.o(.text)
    __aeabi_memcpy4                          0x08009189   Thumb Code     0  memcpya.o(.text)
    __aeabi_memcpy8                          0x08009189   Thumb Code     0  memcpya.o(.text)
    __aeabi_memset                           0x080091ad   Thumb Code    14  memseta.o(.text)
    __aeabi_memset4                          0x080091ad   Thumb Code     0  memseta.o(.text)
    __aeabi_memset8                          0x080091ad   Thumb Code     0  memseta.o(.text)
    __aeabi_memclr                           0x080091bb   Thumb Code     4  memseta.o(.text)
    __aeabi_memclr4                          0x080091bb   Thumb Code     0  memseta.o(.text)
    __aeabi_memclr8                          0x080091bb   Thumb Code     0  memseta.o(.text)
    _memset$wrapper                          0x080091bf   Thumb Code    18  memseta.o(.text)
    strstr                                   0x080091d1   Thumb Code    36  strstr.o(.text)
    strlen                                   0x080091f5   Thumb Code    14  strlen.o(.text)
    memcmp                                   0x08009203   Thumb Code    26  memcmp.o(.text)
    __0sscanf                                0x0800921d   Thumb Code    48  __0sscanf.o(.text)
    _scanf_int                               0x08009255   Thumb Code   332  _scanf_int.o(.text)
    _scanf_string                            0x080093a1   Thumb Code   224  _scanf_str.o(.text)
    __aeabi_uldivmod                         0x08009481   Thumb Code    98  uldiv.o(.text)
    _chval                                   0x080094e3   Thumb Code    28  _chval.o(.text)
    __vfscanf_char                           0x0800950d   Thumb Code    20  scanf_char.o(.text)
    _sgetc                                   0x08009529   Thumb Code    30  _sgetc.o(.text)
    _sbackspace                              0x08009547   Thumb Code    34  _sgetc.o(.text)
    __scatterload                            0x08009569   Thumb Code    28  init.o(.text)
    __scatterload_rt2                        0x08009569   Thumb Code     0  init.o(.text)
    __aeabi_llsl                             0x0800958d   Thumb Code    30  llshl.o(.text)
    _ll_shift_l                              0x0800958d   Thumb Code     0  llshl.o(.text)
    isspace                                  0x080095ab   Thumb Code    10  isspace_c.o(.text)
    __vfscanf                                0x080095b5   Thumb Code   808  _scanf.o(.text)
    __ctype_lookup                           0x080098e1   Thumb Code    34  ctype_c.o(.text)
    BusFault_Handler                         0x08009909   Thumb Code     2  stm32f1xx_it.o(i.BusFault_Handler)
    Code_Storage_Done                        0x0800990d   Thumb Code    20  ymodem.o(i.Code_Storage_Done)
    DMA1_Channel2_IRQHandler                 0x08009925   Thumb Code     6  stm32f1xx_it.o(i.DMA1_Channel2_IRQHandler)
    DMA1_Channel3_IRQHandler                 0x08009931   Thumb Code     6  stm32f1xx_it.o(i.DMA1_Channel3_IRQHandler)
    DTU_Enter_CMD                            0x08009969   Thumb Code   180  dtu-4g.o(i.DTU_Enter_CMD)
    DTU_Exit_CMD                             0x08009a7d   Thumb Code    28  dtu-4g.o(i.DTU_Exit_CMD)
    DTU_SendData                             0x08009aad   Thumb Code    26  dtu-4g.o(i.DTU_SendData)
    DTU_Set_Server                           0x08009acd   Thumb Code   194  dtu-4g.o(i.DTU_Set_Server)
    DTU_Usart_Event                          0x08009c4d   Thumb Code   782  dtu-4g.o(i.DTU_Usart_Event)
    DTU_Working                              0x0800a209   Thumb Code    42  dtu-4g.o(i.DTU_Working)
    DebugMon_Handler                         0x0800a239   Thumb Code     2  stm32f1xx_it.o(i.DebugMon_Handler)
    Error_Handler                            0x0800a23b   Thumb Code     4  main.o(i.Error_Handler)
    FLASH_WaitForLastOperation               0x0800a2b9   Thumb Code    80  stm32f1xx_hal_flash.o(i.FLASH_WaitForLastOperation)
    Flash_Write                              0x0800a30d   Thumb Code    50  ymodem.o(i.Flash_Write)
    HAL_DMA_Abort                            0x0800a33f   Thumb Code    70  stm32f1xx_hal_dma.o(i.HAL_DMA_Abort)
    HAL_DMA_Abort_IT                         0x0800a385   Thumb Code   296  stm32f1xx_hal_dma.o(i.HAL_DMA_Abort_IT)
    HAL_DMA_IRQHandler                       0x0800a4b5   Thumb Code   552  stm32f1xx_hal_dma.o(i.HAL_DMA_IRQHandler)
    HAL_DMA_Init                             0x0800a6fd   Thumb Code   112  stm32f1xx_hal_dma.o(i.HAL_DMA_Init)
    HAL_DMA_Start_IT                         0x0800a779   Thumb Code   112  stm32f1xx_hal_dma.o(i.HAL_DMA_Start_IT)
    HAL_Delay                                0x0800a7e9   Thumb Code    32  stm32f1xx_hal.o(i.HAL_Delay)
    HAL_FLASH_Lock                           0x0800a80d   Thumb Code    14  stm32f1xx_hal_flash.o(i.HAL_FLASH_Lock)
    HAL_FLASH_Program                        0x0800a821   Thumb Code   120  stm32f1xx_hal_flash.o(i.HAL_FLASH_Program)
    HAL_FLASH_Unlock                         0x0800a8a1   Thumb Code    28  stm32f1xx_hal_flash.o(i.HAL_FLASH_Unlock)
    HAL_GPIO_Init                            0x0800a8c9   Thumb Code   462  stm32f1xx_hal_gpio.o(i.HAL_GPIO_Init)
    HAL_GetTick                              0x0800aac1   Thumb Code     6  stm32f1xx_hal.o(i.HAL_GetTick)
    HAL_IncTick                              0x0800aacd   Thumb Code    12  stm32f1xx_hal.o(i.HAL_IncTick)
    HAL_Init                                 0x0800aadd   Thumb Code    32  stm32f1xx_hal.o(i.HAL_Init)
    HAL_InitTick                             0x0800ab01   Thumb Code    54  stm32f1xx_hal.o(i.HAL_InitTick)
    HAL_MspInit                              0x0800ab41   Thumb Code    52  stm32f1xx_hal_msp.o(i.HAL_MspInit)
    HAL_NVIC_EnableIRQ                       0x0800ab7d   Thumb Code    26  stm32f1xx_hal_cortex.o(i.HAL_NVIC_EnableIRQ)
    HAL_NVIC_SetPriority                     0x0800ab99   Thumb Code    60  stm32f1xx_hal_cortex.o(i.HAL_NVIC_SetPriority)
    HAL_NVIC_SetPriorityGrouping             0x0800abd9   Thumb Code    26  stm32f1xx_hal_cortex.o(i.HAL_NVIC_SetPriorityGrouping)
    HAL_RCC_ClockConfig                      0x0800abfd   Thumb Code   280  stm32f1xx_hal_rcc.o(i.HAL_RCC_ClockConfig)
    HAL_RCC_GetPCLK1Freq                     0x0800ad29   Thumb Code    20  stm32f1xx_hal_rcc.o(i.HAL_RCC_GetPCLK1Freq)
    HAL_RCC_GetPCLK2Freq                     0x0800ad49   Thumb Code    20  stm32f1xx_hal_rcc.o(i.HAL_RCC_GetPCLK2Freq)
    HAL_RCC_GetSysClockFreq                  0x0800ad69   Thumb Code    58  stm32f1xx_hal_rcc.o(i.HAL_RCC_GetSysClockFreq)
    HAL_RCC_OscConfig                        0x0800adb5   Thumb Code   778  stm32f1xx_hal_rcc.o(i.HAL_RCC_OscConfig)
    HAL_SYSTICK_Config                       0x0800b0d5   Thumb Code    40  stm32f1xx_hal_cortex.o(i.HAL_SYSTICK_Config)
    HAL_UARTEx_RxEventCallback               0x0800b0fd   Thumb Code     2  stm32f1xx_hal_uart.o(i.HAL_UARTEx_RxEventCallback)
    HAL_UART_DMAStop                         0x0800b0ff   Thumb Code   112  stm32f1xx_hal_uart.o(i.HAL_UART_DMAStop)
    HAL_UART_ErrorCallback                   0x0800b16f   Thumb Code     2  stm32f1xx_hal_uart.o(i.HAL_UART_ErrorCallback)
    HAL_UART_IRQHandler                      0x0800b171   Thumb Code   616  stm32f1xx_hal_uart.o(i.HAL_UART_IRQHandler)
    HAL_UART_Init                            0x0800b3dd   Thumb Code   100  stm32f1xx_hal_uart.o(i.HAL_UART_Init)
    HAL_UART_MspInit                         0x0800b441   Thumb Code   320  usart.o(i.HAL_UART_MspInit)
    HAL_UART_Receive_DMA                     0x0800b5a1   Thumb Code    28  stm32f1xx_hal_uart.o(i.HAL_UART_Receive_DMA)
    HAL_UART_RxCpltCallback                  0x0800b5bd   Thumb Code     2  stm32f1xx_hal_uart.o(i.HAL_UART_RxCpltCallback)
    HAL_UART_RxHalfCpltCallback              0x0800b5bf   Thumb Code     2  stm32f1xx_hal_uart.o(i.HAL_UART_RxHalfCpltCallback)
    HAL_UART_Transmit                        0x0800b5c1   Thumb Code   154  stm32f1xx_hal_uart.o(i.HAL_UART_Transmit)
    HAL_UART_TxCpltCallback                  0x0800b65b   Thumb Code     2  stm32f1xx_hal_uart.o(i.HAL_UART_TxCpltCallback)
    HardFault_Handler                        0x0800b65d   Thumb Code     2  stm32f1xx_it.o(i.HardFault_Handler)
    MQTT_ConnectPack                         0x0800b661   Thumb Code   284  mqtt.o(i.MQTT_ConnectPack)
    MQTT_DealPublishData                     0x0800b7cd   Thumb Code    54  mqtt.o(i.MQTT_DealPublishData)
    MQTT_GetOTAInfo                          0x0800b809   Thumb Code   192  mqtt.o(i.MQTT_GetOTAInfo)
    MQTT_OTA_Download                        0x0800b929   Thumb Code    90  mqtt.o(i.MQTT_OTA_Download)
    MQTT_PublishDataQos0                     0x0800b9d1   Thumb Code   200  mqtt.o(i.MQTT_PublishDataQos0)
    MQTT_PublishDataQos1                     0x0800babd   Thumb Code   252  mqtt.o(i.MQTT_PublishDataQos1)
    MQTT_SendOTAVersion                      0x0800bc11   Thumb Code    34  mqtt.o(i.MQTT_SendOTAVersion)
    MQTT_SubscribePack                       0x0800bc8d   Thumb Code   218  mqtt.o(i.MQTT_SubscribePack)
    MX_DMA_Init                              0x0800bd99   Thumb Code    56  dma.o(i.MX_DMA_Init)
    MX_GPIO_Init                             0x0800bdd5   Thumb Code    38  gpio.o(i.MX_GPIO_Init)
    MX_USART1_UART_Init                      0x0800be01   Thumb Code    48  usart.o(i.MX_USART1_UART_Init)
    MX_USART3_UART_Init                      0x0800be39   Thumb Code    48  usart.o(i.MX_USART3_UART_Init)
    MemManage_Handler                        0x0800be71   Thumb Code     2  stm32f1xx_it.o(i.MemManage_Handler)
    NMI_Handler                              0x0800be73   Thumb Code     2  stm32f1xx_it.o(i.NMI_Handler)
    PendSV_Handler                           0x0800be75   Thumb Code     2  stm32f1xx_it.o(i.PendSV_Handler)
    SVC_Handler                              0x0800be77   Thumb Code     2  stm32f1xx_it.o(i.SVC_Handler)
    SysTick_Handler                          0x0800be79   Thumb Code     4  stm32f1xx_it.o(i.SysTick_Handler)
    SystemClock_Config                       0x0800be7d   Thumb Code    94  main.o(i.SystemClock_Config)
    SystemInit                               0x0800bedb   Thumb Code     2  system_stm32f1xx.o(i.SystemInit)
    UART_Start_Receive_DMA                   0x0800c1c1   Thumb Code   130  stm32f1xx_hal_uart.o(i.UART_Start_Receive_DMA)
    USART1_IRQHandler                        0x0800c2c9   Thumb Code     6  stm32f1xx_it.o(i.USART1_IRQHandler)
    USART3_IRQHandler                        0x0800c2d5   Thumb Code    62  stm32f1xx_it.o(i.USART3_IRQHandler)
    UsageFault_Handler                       0x0800c321   Thumb Code     2  stm32f1xx_it.o(i.UsageFault_Handler)
    __0sprintf$8                             0x0800c325   Thumb Code    34  printf8.o(i.__0sprintf$8)
    __1sprintf$8                             0x0800c325   Thumb Code     0  printf8.o(i.__0sprintf$8)
    __2sprintf                               0x0800c325   Thumb Code     0  printf8.o(i.__0sprintf$8)
    __scatterload_copy                       0x0800c391   Thumb Code    14  handlers.o(i.__scatterload_copy)
    __scatterload_null                       0x0800c39f   Thumb Code     2  handlers.o(i.__scatterload_null)
    __scatterload_zeroinit                   0x0800c3a1   Thumb Code    14  handlers.o(i.__scatterload_zeroinit)
    main                                     0x0800c81d   Thumb Code   206  main.o(i.main)
    malloc                                   0x0800c9cd   Thumb Code    92  malloc.o(i.malloc)
    AHBPrescTable                            0x0800ca4a   Data          16  system_stm32f1xx.o(.constdata)
    APBPrescTable                            0x0800ca5a   Data           8  system_stm32f1xx.o(.constdata)
    __ctype_categories                       0x0800ca62   Data          64  ctype_c.o(.constdata)
    Region$$Table$$Base                      0x0800cc84   Number         0  anon$$obj.o(Region$$Table)
    Region$$Table$$Limit                     0x0800cca4   Number         0  anon$$obj.o(Region$$Table)
    usart_info                               0x20000000   Data          12  usart.o(.data)
    uwTickFreq                               0x2000000c   Data           1  stm32f1xx_hal.o(.data)
    uwTickPrio                               0x20000010   Data           4  stm32f1xx_hal.o(.data)
    uwTick                                   0x20000014   Data           4  stm32f1xx_hal.o(.data)
    SystemCoreClock                          0x20000018   Data           4  system_stm32f1xx.o(.data)
    __microlib_freelist                      0x20000020   Data           4  mvars.o(.data)
    __microlib_freelist_initialised          0x20000024   Data           4  mvars.o(.data)
    huart1                                   0x200000f0   Data          72  usart.o(.bss)
    huart3                                   0x20000138   Data          72  usart.o(.bss)
    hdma_usart3_rx                           0x20000180   Data          68  usart.o(.bss)
    hdma_usart3_tx                           0x200001c4   Data          68  usart.o(.bss)
    pFlash                                   0x20000208   Data          32  stm32f1xx_hal_flash.o(.bss)
    Aliyun_mqtt                              0x20000480   Data        1068  mqtt.o(.bss)
    __heap_base                              0x200008b0   Data           0  startup_stm32f103xe.o(HEAP)
    __heap_limit                             0x20000ab0   Data           0  startup_stm32f103xe.o(HEAP)
    __initial_sp                             0x20000eb0   Data           0  startup_stm32f103xe.o(STACK)



==============================================================================

Memory Map of the image

  Image Entry point : 0x08009131

  Load Region LR_IROM1 (Base: 0x08009000, Size: 0x00003ccc, Max: 0x0001b000, ABSOLUTE)

    Execution Region ER_IROM1 (Exec base: 0x08009000, Load base: 0x08009000, Size: 0x00003ca4, Max: 0x0001b000, ABSOLUTE)

    Exec Addr    Load Addr    Size         Type   Attr      Idx    E Section Name        Object

    0x08009000   0x08009000   0x00000130   Data   RO            3    RESET               startup_stm32f103xe.o
    0x08009130   0x08009130   0x00000000   Code   RO         2053  * .ARM.Collect$$$$00000000  mc_w.l(entry.o)
    0x08009130   0x08009130   0x00000004   Code   RO         2365    .ARM.Collect$$$$00000001  mc_w.l(entry2.o)
    0x08009134   0x08009134   0x00000004   Code   RO         2368    .ARM.Collect$$$$00000004  mc_w.l(entry5.o)
    0x08009138   0x08009138   0x00000000   Code   RO         2370    .ARM.Collect$$$$00000008  mc_w.l(entry7b.o)
    0x08009138   0x08009138   0x00000000   Code   RO         2372    .ARM.Collect$$$$0000000A  mc_w.l(entry8b.o)
    0x08009138   0x08009138   0x00000008   Code   RO         2373    .ARM.Collect$$$$0000000B  mc_w.l(entry9a.o)
    0x08009140   0x08009140   0x00000000   Code   RO         2375    .ARM.Collect$$$$0000000D  mc_w.l(entry10a.o)
    0x08009140   0x08009140   0x00000000   Code   RO         2377    .ARM.Collect$$$$0000000F  mc_w.l(entry11a.o)
    0x08009140   0x08009140   0x00000004   Code   RO         2366    .ARM.Collect$$$$00002712  mc_w.l(entry2.o)
    0x08009144   0x08009144   0x00000024   Code   RO            4    .text               startup_stm32f103xe.o
    0x08009168   0x08009168   0x00000020   Code   RO         2056    .text               mc_w.l(llushr.o)
    0x08009188   0x08009188   0x00000024   Code   RO         2058    .text               mc_w.l(memcpya.o)
    0x080091ac   0x080091ac   0x00000024   Code   RO         2060    .text               mc_w.l(memseta.o)
    0x080091d0   0x080091d0   0x00000024   Code   RO         2062    .text               mc_w.l(strstr.o)
    0x080091f4   0x080091f4   0x0000000e   Code   RO         2064    .text               mc_w.l(strlen.o)
    0x08009202   0x08009202   0x0000001a   Code   RO         2066    .text               mc_w.l(memcmp.o)
    0x0800921c   0x0800921c   0x00000038   Code   RO         2359    .text               mc_w.l(__0sscanf.o)
    0x08009254   0x08009254   0x0000014c   Code   RO         2361    .text               mc_w.l(_scanf_int.o)
    0x080093a0   0x080093a0   0x000000e0   Code   RO         2363    .text               mc_w.l(_scanf_str.o)
    0x08009480   0x08009480   0x00000062   Code   RO         2382    .text               mc_w.l(uldiv.o)
    0x080094e2   0x080094e2   0x0000001c   Code   RO         2386    .text               mc_w.l(_chval.o)
    0x080094fe   0x080094fe   0x00000002   PAD
    0x08009500   0x08009500   0x00000028   Code   RO         2388    .text               mc_w.l(scanf_char.o)
    0x08009528   0x08009528   0x00000040   Code   RO         2390    .text               mc_w.l(_sgetc.o)
    0x08009568   0x08009568   0x00000024   Code   RO         2403    .text               mc_w.l(init.o)
    0x0800958c   0x0800958c   0x0000001e   Code   RO         2405    .text               mc_w.l(llshl.o)
    0x080095aa   0x080095aa   0x0000000a   Code   RO         2409    .text               mc_w.l(isspace_c.o)
    0x080095b4   0x080095b4   0x0000032c   Code   RO         2411    .text               mc_w.l(_scanf.o)
    0x080098e0   0x080098e0   0x00000028   Code   RO         2415    .text               mc_w.l(ctype_c.o)
    0x08009908   0x08009908   0x00000002   Code   RO          264    i.BusFault_Handler  stm32f1xx_it.o
    0x0800990a   0x0800990a   0x00000002   PAD
    0x0800990c   0x0800990c   0x00000018   Code   RO         2001    i.Code_Storage_Done  ymodem.o
    0x08009924   0x08009924   0x0000000c   Code   RO          265    i.DMA1_Channel2_IRQHandler  stm32f1xx_it.o
    0x08009930   0x08009930   0x0000000c   Code   RO          266    i.DMA1_Channel3_IRQHandler  stm32f1xx_it.o
    0x0800993c   0x0800993c   0x0000002a   Code   RO         1207    i.DMA_SetConfig     stm32f1xx_hal_dma.o
    0x08009966   0x08009966   0x00000002   PAD
    0x08009968   0x08009968   0x00000114   Code   RO         1842    i.DTU_Enter_CMD     dtu-4g.o
    0x08009a7c   0x08009a7c   0x00000030   Code   RO         1843    i.DTU_Exit_CMD      dtu-4g.o
    0x08009aac   0x08009aac   0x00000020   Code   RO         1844    i.DTU_SendData      dtu-4g.o
    0x08009acc   0x08009acc   0x00000180   Code   RO         1845    i.DTU_Set_Server    dtu-4g.o
    0x08009c4c   0x08009c4c   0x000005bc   Code   RO         1846    i.DTU_Usart_Event   dtu-4g.o
    0x0800a208   0x0800a208   0x00000030   Code   RO         1847    i.DTU_Working       dtu-4g.o
    0x0800a238   0x0800a238   0x00000002   Code   RO          267    i.DebugMon_Handler  stm32f1xx_it.o
    0x0800a23a   0x0800a23a   0x00000004   Code   RO           13    i.Error_Handler     main.o
    0x0800a23e   0x0800a23e   0x00000002   PAD
    0x0800a240   0x0800a240   0x0000001c   Code   RO         1544    i.FLASH_Program_HalfWord  stm32f1xx_hal_flash.o
    0x0800a25c   0x0800a25c   0x0000005c   Code   RO         1545    i.FLASH_SetErrorCode  stm32f1xx_hal_flash.o
    0x0800a2b8   0x0800a2b8   0x00000054   Code   RO         1546    i.FLASH_WaitForLastOperation  stm32f1xx_hal_flash.o
    0x0800a30c   0x0800a30c   0x00000032   Code   RO         2002    i.Flash_Write       ymodem.o
    0x0800a33e   0x0800a33e   0x00000046   Code   RO         1208    i.HAL_DMA_Abort     stm32f1xx_hal_dma.o
    0x0800a384   0x0800a384   0x00000130   Code   RO         1209    i.HAL_DMA_Abort_IT  stm32f1xx_hal_dma.o
    0x0800a4b4   0x0800a4b4   0x00000248   Code   RO         1213    i.HAL_DMA_IRQHandler  stm32f1xx_hal_dma.o
    0x0800a6fc   0x0800a6fc   0x0000007c   Code   RO         1214    i.HAL_DMA_Init      stm32f1xx_hal_dma.o
    0x0800a778   0x0800a778   0x00000070   Code   RO         1218    i.HAL_DMA_Start_IT  stm32f1xx_hal_dma.o
    0x0800a7e8   0x0800a7e8   0x00000024   Code   RO          834    i.HAL_Delay         stm32f1xx_hal.o
    0x0800a80c   0x0800a80c   0x00000014   Code   RO         1550    i.HAL_FLASH_Lock    stm32f1xx_hal_flash.o
    0x0800a820   0x0800a820   0x00000080   Code   RO         1555    i.HAL_FLASH_Program  stm32f1xx_hal_flash.o
    0x0800a8a0   0x0800a8a0   0x00000028   Code   RO         1557    i.HAL_FLASH_Unlock  stm32f1xx_hal_flash.o
    0x0800a8c8   0x0800a8c8   0x000001f8   Code   RO         1144    i.HAL_GPIO_Init     stm32f1xx_hal_gpio.o
    0x0800aac0   0x0800aac0   0x0000000c   Code   RO          838    i.HAL_GetTick       stm32f1xx_hal.o
    0x0800aacc   0x0800aacc   0x00000010   Code   RO          844    i.HAL_IncTick       stm32f1xx_hal.o
    0x0800aadc   0x0800aadc   0x00000024   Code   RO          845    i.HAL_Init          stm32f1xx_hal.o
    0x0800ab00   0x0800ab00   0x00000040   Code   RO          846    i.HAL_InitTick      stm32f1xx_hal.o
    0x0800ab40   0x0800ab40   0x0000003c   Code   RO          368    i.HAL_MspInit       stm32f1xx_hal_msp.o
    0x0800ab7c   0x0800ab7c   0x0000001a   Code   RO         1304    i.HAL_NVIC_EnableIRQ  stm32f1xx_hal_cortex.o
    0x0800ab96   0x0800ab96   0x00000002   PAD
    0x0800ab98   0x0800ab98   0x00000040   Code   RO         1310    i.HAL_NVIC_SetPriority  stm32f1xx_hal_cortex.o
    0x0800abd8   0x0800abd8   0x00000024   Code   RO         1311    i.HAL_NVIC_SetPriorityGrouping  stm32f1xx_hal_cortex.o
    0x0800abfc   0x0800abfc   0x0000012c   Code   RO         1002    i.HAL_RCC_ClockConfig  stm32f1xx_hal_rcc.o
    0x0800ad28   0x0800ad28   0x00000020   Code   RO         1009    i.HAL_RCC_GetPCLK1Freq  stm32f1xx_hal_rcc.o
    0x0800ad48   0x0800ad48   0x00000020   Code   RO         1010    i.HAL_RCC_GetPCLK2Freq  stm32f1xx_hal_rcc.o
    0x0800ad68   0x0800ad68   0x0000004c   Code   RO         1011    i.HAL_RCC_GetSysClockFreq  stm32f1xx_hal_rcc.o
    0x0800adb4   0x0800adb4   0x00000320   Code   RO         1014    i.HAL_RCC_OscConfig  stm32f1xx_hal_rcc.o
    0x0800b0d4   0x0800b0d4   0x00000028   Code   RO         1315    i.HAL_SYSTICK_Config  stm32f1xx_hal_cortex.o
    0x0800b0fc   0x0800b0fc   0x00000002   Code   RO          476    i.HAL_UARTEx_RxEventCallback  stm32f1xx_hal_uart.o
    0x0800b0fe   0x0800b0fe   0x00000070   Code   RO          488    i.HAL_UART_DMAStop  stm32f1xx_hal_uart.o
    0x0800b16e   0x0800b16e   0x00000002   Code   RO          490    i.HAL_UART_ErrorCallback  stm32f1xx_hal_uart.o
    0x0800b170   0x0800b170   0x0000026c   Code   RO          493    i.HAL_UART_IRQHandler  stm32f1xx_hal_uart.o
    0x0800b3dc   0x0800b3dc   0x00000064   Code   RO          494    i.HAL_UART_Init     stm32f1xx_hal_uart.o
    0x0800b440   0x0800b440   0x00000160   Code   RO          203    i.HAL_UART_MspInit  usart.o
    0x0800b5a0   0x0800b5a0   0x0000001c   Code   RO          498    i.HAL_UART_Receive_DMA  stm32f1xx_hal_uart.o
    0x0800b5bc   0x0800b5bc   0x00000002   Code   RO          500    i.HAL_UART_RxCpltCallback  stm32f1xx_hal_uart.o
    0x0800b5be   0x0800b5be   0x00000002   Code   RO          501    i.HAL_UART_RxHalfCpltCallback  stm32f1xx_hal_uart.o
    0x0800b5c0   0x0800b5c0   0x0000009a   Code   RO          502    i.HAL_UART_Transmit  stm32f1xx_hal_uart.o
    0x0800b65a   0x0800b65a   0x00000002   Code   RO          505    i.HAL_UART_TxCpltCallback  stm32f1xx_hal_uart.o
    0x0800b65c   0x0800b65c   0x00000002   Code   RO          268    i.HardFault_Handler  stm32f1xx_it.o
    0x0800b65e   0x0800b65e   0x00000002   PAD
    0x0800b660   0x0800b660   0x0000016c   Code   RO         1916    i.MQTT_ConnectPack  mqtt.o
    0x0800b7cc   0x0800b7cc   0x0000003c   Code   RO         1917    i.MQTT_DealPublishData  mqtt.o
    0x0800b808   0x0800b808   0x00000120   Code   RO         1918    i.MQTT_GetOTAInfo   mqtt.o
    0x0800b928   0x0800b928   0x000000a8   Code   RO         1919    i.MQTT_OTA_Download  mqtt.o
    0x0800b9d0   0x0800b9d0   0x000000ec   Code   RO         1920    i.MQTT_PublishDataQos0  mqtt.o
    0x0800babc   0x0800babc   0x00000120   Code   RO         1921    i.MQTT_PublishDataQos1  mqtt.o
    0x0800bbdc   0x0800bbdc   0x00000034   Code   RO         1922    i.MQTT_Remaining_Len_Process  mqtt.o
    0x0800bc10   0x0800bc10   0x0000007c   Code   RO         1923    i.MQTT_SendOTAVersion  mqtt.o
    0x0800bc8c   0x0800bc8c   0x0000010c   Code   RO         1924    i.MQTT_SubscribePack  mqtt.o
    0x0800bd98   0x0800bd98   0x0000003c   Code   RO          178    i.MX_DMA_Init       dma.o
    0x0800bdd4   0x0800bdd4   0x0000002c   Code   RO          154    i.MX_GPIO_Init      gpio.o
    0x0800be00   0x0800be00   0x00000038   Code   RO          204    i.MX_USART1_UART_Init  usart.o
    0x0800be38   0x0800be38   0x00000038   Code   RO          205    i.MX_USART3_UART_Init  usart.o
    0x0800be70   0x0800be70   0x00000002   Code   RO          269    i.MemManage_Handler  stm32f1xx_it.o
    0x0800be72   0x0800be72   0x00000002   Code   RO          270    i.NMI_Handler       stm32f1xx_it.o
    0x0800be74   0x0800be74   0x00000002   Code   RO          271    i.PendSV_Handler    stm32f1xx_it.o
    0x0800be76   0x0800be76   0x00000002   Code   RO          272    i.SVC_Handler       stm32f1xx_it.o
    0x0800be78   0x0800be78   0x00000004   Code   RO          273    i.SysTick_Handler   stm32f1xx_it.o
    0x0800be7c   0x0800be7c   0x0000005e   Code   RO           14    i.SystemClock_Config  main.o
    0x0800beda   0x0800beda   0x00000002   Code   RO         1805    i.SystemInit        system_stm32f1xx.o
    0x0800bedc   0x0800bedc   0x00000010   Code   RO          507    i.UART_DMAAbortOnError  stm32f1xx_hal_uart.o
    0x0800beec   0x0800beec   0x0000004a   Code   RO          508    i.UART_DMAError     stm32f1xx_hal_uart.o
    0x0800bf36   0x0800bf36   0x00000086   Code   RO          509    i.UART_DMAReceiveCplt  stm32f1xx_hal_uart.o
    0x0800bfbc   0x0800bfbc   0x0000001e   Code   RO          511    i.UART_DMARxHalfCplt  stm32f1xx_hal_uart.o
    0x0800bfda   0x0800bfda   0x0000004e   Code   RO          517    i.UART_EndRxTransfer  stm32f1xx_hal_uart.o
    0x0800c028   0x0800c028   0x0000001c   Code   RO          518    i.UART_EndTxTransfer  stm32f1xx_hal_uart.o
    0x0800c044   0x0800c044   0x000000c2   Code   RO          519    i.UART_Receive_IT   stm32f1xx_hal_uart.o
    0x0800c106   0x0800c106   0x00000002   PAD
    0x0800c108   0x0800c108   0x000000b8   Code   RO          520    i.UART_SetConfig    stm32f1xx_hal_uart.o
    0x0800c1c0   0x0800c1c0   0x00000090   Code   RO          521    i.UART_Start_Receive_DMA  stm32f1xx_hal_uart.o
    0x0800c250   0x0800c250   0x00000078   Code   RO          523    i.UART_WaitOnFlagUntilTimeout  stm32f1xx_hal_uart.o
    0x0800c2c8   0x0800c2c8   0x0000000c   Code   RO          274    i.USART1_IRQHandler  stm32f1xx_it.o
    0x0800c2d4   0x0800c2d4   0x0000004c   Code   RO          275    i.USART3_IRQHandler  stm32f1xx_it.o
    0x0800c320   0x0800c320   0x00000002   Code   RO          276    i.UsageFault_Handler  stm32f1xx_it.o
    0x0800c322   0x0800c322   0x00000002   PAD
    0x0800c324   0x0800c324   0x00000028   Code   RO         2279    i.__0sprintf$8      mc_w.l(printf8.o)
    0x0800c34c   0x0800c34c   0x00000020   Code   RO         1317    i.__NVIC_SetPriority  stm32f1xx_hal_cortex.o
    0x0800c36c   0x0800c36c   0x00000024   Code   RO         1848    i.__NVIC_SystemReset  dtu-4g.o
    0x0800c390   0x0800c390   0x0000000e   Code   RO         2420    i.__scatterload_copy  mc_w.l(handlers.o)
    0x0800c39e   0x0800c39e   0x00000002   Code   RO         2421    i.__scatterload_null  mc_w.l(handlers.o)
    0x0800c3a0   0x0800c3a0   0x0000000e   Code   RO         2422    i.__scatterload_zeroinit  mc_w.l(handlers.o)
    0x0800c3ae   0x0800c3ae   0x00000002   PAD
    0x0800c3b0   0x0800c3b0   0x00000410   Code   RO         2284    i._printf_core      mc_w.l(printf8.o)
    0x0800c7c0   0x0800c7c0   0x00000024   Code   RO         2285    i._printf_post_padding  mc_w.l(printf8.o)
    0x0800c7e4   0x0800c7e4   0x0000002e   Code   RO         2286    i._printf_pre_padding  mc_w.l(printf8.o)
    0x0800c812   0x0800c812   0x0000000a   Code   RO         2288    i._sputc            mc_w.l(printf8.o)
    0x0800c81c   0x0800c81c   0x000001b0   Code   RO           15    i.main              main.o
    0x0800c9cc   0x0800c9cc   0x0000006c   Code   RO         2332    i.malloc            mc_w.l(malloc.o)
    0x0800ca38   0x0800ca38   0x00000012   Data   RO         1015    .constdata          stm32f1xx_hal_rcc.o
    0x0800ca4a   0x0800ca4a   0x00000010   Data   RO         1806    .constdata          system_stm32f1xx.o
    0x0800ca5a   0x0800ca5a   0x00000008   Data   RO         1807    .constdata          system_stm32f1xx.o
    0x0800ca62   0x0800ca62   0x00000040   Data   RO         2416    .constdata          mc_w.l(ctype_c.o)
    0x0800caa2   0x0800caa2   0x00000002   PAD
    0x0800caa4   0x0800caa4   0x000001de   Data   RO         1927    .conststring        mqtt.o
    0x0800cc82   0x0800cc82   0x00000002   PAD
    0x0800cc84   0x0800cc84   0x00000020   Data   RO         2418    Region$$Table       anon$$obj.o


    Execution Region RW_IRAM1 (Exec base: 0x20000000, Load base: 0x0800cca4, Size: 0x00000eb0, Max: 0x0000c000, ABSOLUTE)

    Exec Addr    Load Addr    Size         Type   Attr      Idx    E Section Name        Object

    0x20000000   0x0800cca4   0x0000000c   Data   RW          207    .data               usart.o
    0x2000000c   0x0800ccb0   0x0000000c   Data   RW          852    .data               stm32f1xx_hal.o
    0x20000018   0x0800ccbc   0x00000004   Data   RW         1808    .data               system_stm32f1xx.o
    0x2000001c   0x0800ccc0   0x00000001   Data   RW         1850    .data               dtu-4g.o
    0x2000001d   0x0800ccc1   0x00000003   PAD
    0x20000020   0x0800ccc4   0x00000004   Data   RW         2384    .data               mc_w.l(mvars.o)
    0x20000024   0x0800ccc8   0x00000004   Data   RW         2385    .data               mc_w.l(mvars.o)
    0x20000028        -       0x000000c8   Zero   RW           16    .bss                main.o
    0x200000f0        -       0x00000118   Zero   RW          206    .bss                usart.o
    0x20000208        -       0x00000020   Zero   RW         1558    .bss                stm32f1xx_hal_flash.o
    0x20000228        -       0x00000190   Zero   RW         1849    .bss                dtu-4g.o
    0x200003b8        -       0x000004f4   Zero   RW         1926    .bss                mqtt.o
    0x200008ac   0x0800cccc   0x00000004   PAD
    0x200008b0        -       0x00000200   Zero   RW            2    HEAP                startup_stm32f103xe.o
    0x20000ab0        -       0x00000400   Zero   RW            1    STACK               startup_stm32f103xe.o


==============================================================================

Image component sizes


      Code (inc. data)   RO Data    RW Data    ZI Data      Debug   Object Name

        60          4          0          0          0        722   dma.o
      2292       1014          0          1        400      30889   dtu-4g.o
        44          6          0          0          0        739   gpio.o
       530        226          0          0        200     463487   main.o
      1848        478        478          0       1268       6895   mqtt.o
        36          8        304          0       1536        780   startup_stm32f103xe.o
       164         28          0         12          0       6337   stm32f1xx_hal.o
       198         14          0          0          0      28815   stm32f1xx_hal_cortex.o
      1236         52          0          0          0       4970   stm32f1xx_hal_dma.o
       392         46          0          0         32       4554   stm32f1xx_hal_flash.o
       504         42          0          0          0       2236   stm32f1xx_hal_gpio.o
        60          8          0          0          0        826   stm32f1xx_hal_msp.o
      1240         84         18          0          0       4992   stm32f1xx_hal_rcc.o
      2026         24          0          0          0      14825   stm32f1xx_hal_uart.o
       132         32          0          0          0       5916   stm32f1xx_it.o
         2          0         24          4          0       1055   system_stm32f1xx.o
       464         48          0         12        280       3320   usart.o
        74          4          0          0          0       1792   ymodem.o

    ----------------------------------------------------------------------
     11316       2118        858         32       3720     583150   Object Totals
         0          0         32          0          0          0   (incl. Generated)
        14          0          2          3          4          0   (incl. Padding)

    ----------------------------------------------------------------------

      Code (inc. data)   RO Data    RW Data    ZI Data      Debug   Library Member Name

        56          8          0          0          0         84   __0sscanf.o
        28          0          0          0          0         68   _chval.o
       812          4          0          0          0        112   _scanf.o
       332          0          0          0          0         96   _scanf_int.o
       224          0          0          0          0         96   _scanf_str.o
        64          0          0          0          0         84   _sgetc.o
        40          6         64          0          0         68   ctype_c.o
         0          0          0          0          0          0   entry.o
         0          0          0          0          0          0   entry10a.o
         0          0          0          0          0          0   entry11a.o
         8          4          0          0          0          0   entry2.o
         4          0          0          0          0          0   entry5.o
         0          0          0          0          0          0   entry7b.o
         0          0          0          0          0          0   entry8b.o
         8          4          0          0          0          0   entry9a.o
        30          0          0          0          0          0   handlers.o
        36          8          0          0          0         68   init.o
        10          0          0          0          0         68   isspace_c.o
        30          0          0          0          0         68   llshl.o
        32          0          0          0          0         68   llushr.o
       108         16          0          0          0         84   malloc.o
        26          0          0          0          0         80   memcmp.o
        36          0          0          0          0         68   memcpya.o
        36          0          0          0          0        108   memseta.o
         0          0          0          8          0          0   mvars.o
      1172         50          0          0          0        420   printf8.o
        40          8          0          0          0         84   scanf_char.o
        14          0          0          0          0         68   strlen.o
        36          0          0          0          0         80   strstr.o
        98          0          0          0          0         92   uldiv.o

    ----------------------------------------------------------------------
      3284        108         66          8          0       1964   Library Totals
         4          0          2          0          0          0   (incl. Padding)

    ----------------------------------------------------------------------

      Code (inc. data)   RO Data    RW Data    ZI Data      Debug   Library Name

      3280        108         64          8          0       1964   mc_w.l

    ----------------------------------------------------------------------
      3284        108         66          8          0       1964   Library Totals

    ----------------------------------------------------------------------

==============================================================================


      Code (inc. data)   RO Data    RW Data    ZI Data      Debug   

     14600       2226        924         40       3720     579754   Grand Totals
     14600       2226        924         40       3720     579754   ELF Image Totals
     14600       2226        924         40          0          0   ROM Totals

==============================================================================

    Total RO  Size (Code + RO Data)                15524 (  15.16kB)
    Total RW  Size (RW Data + ZI Data)              3760 (   3.67kB)
    Total ROM Size (Code + RO Data + RW Data)      15564 (  15.20kB)

==============================================================================

